Archive member included to satisfy reference by file (symbol)

e:/stm32cubeide_1.6.1/stm32cubeide/plugins/com.st.stm32cube.ide.mcu.externaltools.gnu-tools-for-stm32.9-2020-q2-update.win32_1.5.0.202011040924/tools/bin/../lib/gcc/arm-none-eabi/9.3.1/../../../../arm-none-eabi/lib/thumb/v7e-m+dp/hard\libc_nano.a(lib_a-atof.o)
                              Core/Src/Komendy_BLE.o (atof)
e:/stm32cubeide_1.6.1/stm32cubeide/plugins/com.st.stm32cube.ide.mcu.externaltools.gnu-tools-for-stm32.9-2020-q2-update.win32_1.5.0.202011040924/tools/bin/../lib/gcc/arm-none-eabi/9.3.1/../../../../arm-none-eabi/lib/thumb/v7e-m+dp/hard\libc_nano.a(lib_a-atoi.o)
                              Core/Src/Komendy_BLE.o (atoi)
e:/stm32cubeide_1.6.1/stm32cubeide/plugins/com.st.stm32cube.ide.mcu.externaltools.gnu-tools-for-stm32.9-2020-q2-update.win32_1.5.0.202011040924/tools/bin/../lib/gcc/arm-none-eabi/9.3.1/../../../../arm-none-eabi/lib/thumb/v7e-m+dp/hard\libc_nano.a(lib_a-errno.o)
                              Core/Src/syscalls.o (__errno)
e:/stm32cubeide_1.6.1/stm32cubeide/plugins/com.st.stm32cube.ide.mcu.externaltools.gnu-tools-for-stm32.9-2020-q2-update.win32_1.5.0.202011040924/tools/bin/../lib/gcc/arm-none-eabi/9.3.1/../../../../arm-none-eabi/lib/thumb/v7e-m+dp/hard\libc_nano.a(lib_a-exit.o)
                              e:/stm32cubeide_1.6.1/stm32cubeide/plugins/com.st.stm32cube.ide.mcu.externaltools.gnu-tools-for-stm32.9-2020-q2-update.win32_1.5.0.202011040924/tools/bin/../lib/gcc/arm-none-eabi/9.3.1/../../../../arm-none-eabi/lib/thumb/v7e-m+dp/hard/crt0.o (exit)
e:/stm32cubeide_1.6.1/stm32cubeide/plugins/com.st.stm32cube.ide.mcu.externaltools.gnu-tools-for-stm32.9-2020-q2-update.win32_1.5.0.202011040924/tools/bin/../lib/gcc/arm-none-eabi/9.3.1/../../../../arm-none-eabi/lib/thumb/v7e-m+dp/hard\libc_nano.a(lib_a-impure.o)
                              e:/stm32cubeide_1.6.1/stm32cubeide/plugins/com.st.stm32cube.ide.mcu.externaltools.gnu-tools-for-stm32.9-2020-q2-update.win32_1.5.0.202011040924/tools/bin/../lib/gcc/arm-none-eabi/9.3.1/../../../../arm-none-eabi/lib/thumb/v7e-m+dp/hard\libc_nano.a(lib_a-exit.o) (_global_impure_ptr)
e:/stm32cubeide_1.6.1/stm32cubeide/plugins/com.st.stm32cube.ide.mcu.externaltools.gnu-tools-for-stm32.9-2020-q2-update.win32_1.5.0.202011040924/tools/bin/../lib/gcc/arm-none-eabi/9.3.1/../../../../arm-none-eabi/lib/thumb/v7e-m+dp/hard\libc_nano.a(lib_a-init.o)
                              e:/stm32cubeide_1.6.1/stm32cubeide/plugins/com.st.stm32cube.ide.mcu.externaltools.gnu-tools-for-stm32.9-2020-q2-update.win32_1.5.0.202011040924/tools/bin/../lib/gcc/arm-none-eabi/9.3.1/../../../../arm-none-eabi/lib/thumb/v7e-m+dp/hard/crt0.o (__libc_init_array)
e:/stm32cubeide_1.6.1/stm32cubeide/plugins/com.st.stm32cube.ide.mcu.externaltools.gnu-tools-for-stm32.9-2020-q2-update.win32_1.5.0.202011040924/tools/bin/../lib/gcc/arm-none-eabi/9.3.1/../../../../arm-none-eabi/lib/thumb/v7e-m+dp/hard\libc_nano.a(lib_a-itoa.o)
                              Core/Src/Komendy_BLE.o (itoa)
e:/stm32cubeide_1.6.1/stm32cubeide/plugins/com.st.stm32cube.ide.mcu.externaltools.gnu-tools-for-stm32.9-2020-q2-update.win32_1.5.0.202011040924/tools/bin/../lib/gcc/arm-none-eabi/9.3.1/../../../../arm-none-eabi/lib/thumb/v7e-m+dp/hard\libc_nano.a(lib_a-memset.o)
                              e:/stm32cubeide_1.6.1/stm32cubeide/plugins/com.st.stm32cube.ide.mcu.externaltools.gnu-tools-for-stm32.9-2020-q2-update.win32_1.5.0.202011040924/tools/bin/../lib/gcc/arm-none-eabi/9.3.1/../../../../arm-none-eabi/lib/thumb/v7e-m+dp/hard/crt0.o (memset)
e:/stm32cubeide_1.6.1/stm32cubeide/plugins/com.st.stm32cube.ide.mcu.externaltools.gnu-tools-for-stm32.9-2020-q2-update.win32_1.5.0.202011040924/tools/bin/../lib/gcc/arm-none-eabi/9.3.1/../../../../arm-none-eabi/lib/thumb/v7e-m+dp/hard\libc_nano.a(lib_a-sprintf.o)
                              Core/Src/BLE_PC_CON.o (sprintf)
e:/stm32cubeide_1.6.1/stm32cubeide/plugins/com.st.stm32cube.ide.mcu.externaltools.gnu-tools-for-stm32.9-2020-q2-update.win32_1.5.0.202011040924/tools/bin/../lib/gcc/arm-none-eabi/9.3.1/../../../../arm-none-eabi/lib/thumb/v7e-m+dp/hard\libc_nano.a(lib_a-strcat.o)
                              Core/Src/Komendy_BLE.o (strcat)
e:/stm32cubeide_1.6.1/stm32cubeide/plugins/com.st.stm32cube.ide.mcu.externaltools.gnu-tools-for-stm32.9-2020-q2-update.win32_1.5.0.202011040924/tools/bin/../lib/gcc/arm-none-eabi/9.3.1/../../../../arm-none-eabi/lib/thumb/v7e-m+dp/hard\libc_nano.a(lib_a-strcpy.o)
                              Core/Src/ENKODERY.o (strcpy)
e:/stm32cubeide_1.6.1/stm32cubeide/plugins/com.st.stm32cube.ide.mcu.externaltools.gnu-tools-for-stm32.9-2020-q2-update.win32_1.5.0.202011040924/tools/bin/../lib/gcc/arm-none-eabi/9.3.1/../../../../arm-none-eabi/lib/thumb/v7e-m+dp/hard\libc_nano.a(lib_a-strtod.o)
[...]
Memory Configuration

Name             Origin             Length             Attributes
DTCMRAM          0x0000000020000000 0x0000000000020000 xrw
ITCMRAM          0x0000000000000000 0x0000000000010000 xrw
RAM_D1           0x0000000024000000 0x0000000000080000 xrw
RAM_D2           0x0000000030000000 0x0000000000048000 xrw
RAM_D3           0x0000000038000000 0x0000000000010000 xrw
FLASH            0x0000000008000000 0x0000000000200000 xr
*default*        0x0000000000000000 0xffffffffffffffff

Linker script and memory map

LOAD e:/stm32cubeide_1.6.1/stm32cubeide/plugins/com.st.stm32cube.ide.mcu.externaltools.gnu-tools-for-stm32.9-2020-q2-update.win32_1.5.0.202011040924/tools/bin/../lib/gcc/arm-none-eabi/9.3.1/thumb/v7e-m+dp/hard/crti.o
LOAD e:/stm32cubeide_1.6.1/stm32cubeide/plugins/com.st.stm32cube.ide.mcu.externaltools.gnu-tools-for-stm32.9-2020-q2-update.win32_1.5.0.202011040924/tools/bin/../lib/gcc/arm-none-eabi/9.3.1/thumb/v7e-m+dp/hard/crtbegin.o
LOAD e:/stm32cubeide_1.6.1/stm32cubeide/plugins/com.st.stm32cube.ide.mcu.externaltools.gnu-tools-for-stm32.9-2020-q2-update.win32_1.5.0.202011040924/tools/bin/../lib/gcc/arm-none-eabi/9.3.1/../../../../arm-none-eabi/lib/thumb/v7e-m+dp/hard/crt0.o
LOAD Core/Src/BLE_PC_CON.o
LOAD Core/Src/CZUJNIKI.o
LOAD Core/Src/EEPROM.o
LOAD Core/Src/ENKODERY.o
LOAD Core/Src/Komendy_BLE.o
LOAD Core/Src/R_PID.o
LOAD Core/Src/Robot_Control.o
LOAD Core/Src/TSOP_2236_new_T.o
LOAD Core/Src/adc.o
LOAD Core/Src/debug.o
LOAD Core/Src/dma.o
LOAD Core/Src/ftoa_function.o
LOAD Core/Src/gpio.o
LOAD Core/Src/i2c.o
LOAD Core/Src/main.o
LOAD Core/Src/sdmmc.o
LOAD Core/Src/stm32h7xx_hal_msp.o
LOAD Core/Src/stm32h7xx_it.o
LOAD Core/Src/syscalls.o
LOAD Core/Src/sysmem.o
LOAD Core/Src/system_stm32h7xx.o
LOAD Core/Src/tim.o
LOAD Core/Src/usart.o
LOAD Core/Startup/startup_stm32h743vitx.o
LOAD Drivers/STM32H7xx_HAL_Driver/Src/stm32h7xx_hal.o
LOAD Drivers/STM32H7xx_HAL_Driver/Src/stm32h7xx_hal_adc.o
LOAD Drivers/STM32H7xx_HAL_Driver/Src/stm32h7xx_hal_adc_ex.o
LOAD Drivers/STM32H7xx_HAL_Driver/Src/stm32h7xx_hal_cortex.o
LOAD Drivers/STM32H7xx_HAL_Driver/Src/stm32h7xx_hal_dma.o
LOAD Drivers/STM32H7xx_HAL_Driver/Src/stm32h7xx_hal_dma_ex.o
LOAD Drivers/STM32H7xx_HAL_Driver/Src/stm32h7xx_hal_exti.o
LOAD Drivers/STM32H7xx_HAL_Driver/Src/stm32h7xx_hal_flash.o
LOAD Drivers/STM32H7xx_HAL_Driver/Src/stm32h7xx_hal_flash_ex.o
LOAD Drivers/STM32H7xx_HAL_Driver/Src/stm32h7xx_hal_gpio.o
LOAD Drivers/STM32H7xx_HAL_Driver/Src/stm32h7xx_hal_hsem.o
LOAD Drivers/STM32H7xx_HAL_Driver/Src/stm32h7xx_hal_i2c.o
LOAD Drivers/STM32H7xx_HAL_Driver/Src/stm32h7xx_hal_i2c_ex.o
LOAD Drivers/STM32H7xx_HAL_Driver/Src/stm32h7xx_hal_mdma.o
LOAD Drivers/STM32H7xx_HAL_Driver/Src/stm32h7xx_hal_pwr.o
LOAD Drivers/STM32H7xx_HAL_Driver/Src/stm32h7xx_hal_pwr_ex.o
LOAD Drivers/STM32H7xx_HAL_Driver/Src/stm32h7xx_hal_rcc.o
LOAD Drivers/STM32H7xx_HAL_Driver/Src/stm32h7xx_hal_rcc_ex.o
LOAD Drivers/STM32H7xx_HAL_Driver/Src/stm32h7xx_hal_sd.o
LOAD Drivers/STM32H7xx_HAL_Driver/Src/stm32h7xx_hal_sd_ex.o
LOAD Drivers/STM32H7xx_HAL_Driver/Src/stm32h7xx_hal_tim.o
LOAD Drivers/STM32H7xx_HAL_Driver/Src/stm32h7xx_hal_tim_ex.o
LOAD Drivers/STM32H7xx_HAL_Driver/Src/stm32h7xx_hal_uart.o
LOAD Drivers/STM32H7xx_HAL_Driver/Src/stm32h7xx_hal_uart_ex.o
LOAD Drivers/STM32H7xx_HAL_Driver/Src/stm32h7xx_ll_delayblock.o
LOAD Drivers/STM32H7xx_HAL_Driver/Src/stm32h7xx_ll_sdmmc.o
START GROUP
LOAD e:/stm32cubeide_1.6.1/stm32cubeide/plugins/com.st.stm32cube.ide.mcu.externaltools.gnu-tools-for-stm32.9-2020-q2-update.win32_1.5.0.202011040924/tools/bin/../lib/gcc/arm-none-eabi/9.3.1/../../../../arm-none-eabi/lib/thumb/v7e-m+dp/hard\libc_nano.a
LOAD e:/stm32cubeide_1.6.1/stm32cubeide/plugins/com.st.stm32cube.ide.mcu.externaltools.gnu-tools-for-stm32.9-2020-q2-update.win32_1.5.0.202011040924/tools/bin/../lib/gcc/arm-none-eabi/9.3.1/../../../../arm-none-eabi/lib/thumb/v7e-m+dp/hard\libm.a
END GROUP
START GROUP
LOAD e:/stm32cubeide_1.6.1/stm32cubeide/plugins/com.st.stm32cube.ide.mcu.externaltools.gnu-tools-for-stm32.9-2020-q2-update.win32_1.5.0.202011040924/tools/bin/../lib/gcc/arm-none-eabi/9.3.1/thumb/v7e-m+dp/hard\libgcc.a
LOAD e:/stm32cubeide_1.6.1/stm32cubeide/plugins/com.st.stm32cube.ide.mcu.externaltools.gnu-tools-for-stm32.9-2020-q2-update.win32_1.5.0.202011040924/tools/bin/../lib/gcc/arm-none-eabi/9.3.1/../../../../arm-none-eabi/lib/thumb/v7e-m+dp/hard\libc_nano.a
END GROUP
START GROUP
LOAD e:/stm32cubeide_1.6.1/stm32cubeide/plugins/com.st.stm32cube.ide.mcu.externaltools.gnu-tools-for-stm32.9-2020-q2-update.win32_1.5.0.202011040924/tools/bin/../lib/gcc/arm-none-eabi/9.3.1/thumb/v7e-m+dp/hard\libgcc.a
LOAD e:/stm32cubeide_1.6.1/stm32cubeide/plugins/com.st.stm32cube.ide.mcu.externaltools.gnu-tools-for-stm32.9-2020-q2-update.win32_1.5.0.202011040924/tools/bin/../lib/gcc/arm-none-eabi/9.3.1/../../../../arm-none-eabi/lib/thumb/v7e-m+dp/hard\libc_nano.a
LOAD e:/stm32cubeide_1.6.1/stm32cubeide/plugins/com.st.stm32cube.ide.mcu.externaltools.gnu-tools-for-stm32.9-2020-q2-update.win32_1.5.0.202011040924/tools/bin/../lib/gcc/arm-none-eabi/9.3.1/../../../../arm-none-eabi/lib/thumb/v7e-m+dp/hard\libnosys.a
END GROUP
START GROUP
LOAD e:/stm32cubeide_1.6.1/stm32cubeide/plugins/com.st.stm32cube.ide.mcu.externaltools.gnu-tools-for-stm32.9-2020-q2-update.win32_1.5.0.202011040924/tools/bin/../lib/gcc/arm-none-eabi/9.3.1/thumb/v7e-m+dp/hard\libgcc.a
LOAD e:/stm32cubeide_1.6.1/stm32cubeide/plugins/com.st.stm32cube.ide.mcu.externaltools.gnu-tools-for-stm32.9-2020-q2-update.win32_1.5.0.202011040924/tools/bin/../lib/gcc/arm-none-eabi/9.3.1/../../../../arm-none-eabi/lib/thumb/v7e-m+dp/hard\libc_nano.a
LOAD e:/stm32cubeide_1.6.1/stm32cubeide/plugins/com.st.stm32cube.ide.mcu.externaltools.gnu-tools-for-stm32.9-2020-q2-update.win32_1.5.0.202011040924/tools/bin/../lib/gcc/arm-none-eabi/9.3.1/../../../../arm-none-eabi/lib/thumb/v7e-m+dp/hard\libnosys.a
END GROUP
LOAD e:/stm32cubeide_1.6.1/stm32cubeide/plugins/com.st.stm32cube.ide.mcu.externaltools.gnu-tools-for-stm32.9-2020-q2-update.win32_1.5.0.202011040924/tools/bin/../lib/gcc/arm-none-eabi/9.3.1/thumb/v7e-m+dp/hard/crtend.o
LOAD e:/stm32cubeide_1.6.1/stm32cubeide/plugins/com.st.stm32cube.ide.mcu.externaltools.gnu-tools-for-stm32.9-2020-q2-update.win32_1.5.0.202011040924/tools/bin/../lib/gcc/arm-none-eabi/9.3.1/thumb/v7e-m+dp/hard/crtn.o
                0x0000000024080000                _estack = (ORIGIN (RAM_D1) + LENGTH (RAM_D1))
                0x0000000000000200                _Min_Heap_Size = 0x200
                0x0000000000000400                _Min_Stack_Size = 0x400

.isr_vector     0x0000000008000000      0x298
                0x0000000008000000                . = ALIGN (0x4)
 *(.isr_vector)
 .isr_vector    0x0000000008000000      0x298 Core/Startup/startup_stm32h743vitx.o
                0x0000000008000000                g_pfnVectors
                0x0000000008000298                . = ALIGN (0x4)

.text           0x00000000080002a0     0xec9c
                0x00000000080002a0                . = ALIGN (0x4)
 *(.text)
 .text          0x00000000080002a0       0x40 e:/stm32cubeide_1.6.1/stm32cubeide/plugins/com.st.stm32cube.ide.mcu.externaltools.gnu-tools-for-stm32.9-2020-q2-update.win32_1.5.0.202011040924/tools/bin/../lib/gcc/arm-none-eabi/9.3.1/thumb/v7e-m+dp/hard/crtbegin.o
 .text          0x00000000080002e0       0x10 e:/stm32cubeide_1.6.1/stm32cubeide/plugins/com.st.stm32cube.ide.mcu.externaltools.gnu-tools-for-stm32.9-2020-q2-update.win32_1.5.0.202011040924/tools/bin/../lib/gcc/arm-none-eabi/9.3.1/../../../../arm-none-eabi/lib/thumb/v7e-m+dp/hard\libc_nano.a(lib_a-strlen.o)
                0x00000000080002e0                strlen
 .text          0x00000000080002f0       0xa0 e:/stm32cubeide_1.6.1/stm32cubeide/plugins/com.st.stm32cube.ide.mcu.externaltools.gnu-tools-for-stm32.9-2020-q2-update.win32_1.5.0.202011040924/tools/bin/../lib/gcc/arm-none-eabi/9.3.1/../../../../arm-none-eabi/lib/thumb/v7e-m+dp/hard\libc_nano.a(lib_a-memchr.o)
                0x00000000080002f0                memchr
 .text          0x0000000008000390      0x378 e:/stm32cubeide_1.6.1/stm32cubeide/plugins/com.st.stm32cube.ide.mcu.externaltools.gnu-tools-for-stm32.9-2020-q2-update.win32_1.5.0.202011040924/tools/bin/../lib/gcc/arm-none-eabi/9.3.1/thumb/v7e-m+dp/hard\libgcc.a(_arm_addsubdf3.o)
                0x0000000008000390                __aeabi_drsub
                0x0000000008000398                __aeabi_dsub
                0x0000000008000398                __subdf3
                0x000000000800039c                __aeabi_dadd
                0x000000000800039c                __adddf3
                0x0000000008000614                __floatunsidf
                0x0000000008000614                __aeabi_ui2d
                0x0000000008000634                __floatsidf
                0x0000000008000634                __aeabi_i2d
                0x0000000008000658                __aeabi_f2d
                0x0000000008000658                __extendsfdf2
                0x000000000800069c                __floatundidf
                0x000000000800069c                __aeabi_ul2d
                0x00000000080006ac                __floatdidf
                0x00000000080006ac                __aeabi_l2d
 .text          0x0000000008000708       0x30 e:/stm32cubeide_1.6.1/stm32cubeide/plugins/com.st.stm32cube.ide.mcu.externaltools.gnu-tools-for-stm32.9-2020-q2-update.win32_1.5.0.202011040924/tools/bin/../lib/gcc/arm-none-eabi/9.3.1/thumb/v7e-m+dp/hard\libgcc.a(_aeabi_uldivmod.o)
                0x0000000008000708                __aeabi_uldivmod
 .text          0x0000000008000738       0x30 e:/stm32cubeide_1.6.1/stm32cubeide/plugins/com.st.stm32cube.ide.mcu.externaltools.gnu-tools-for-stm32.9-2020-q2-update.win32_1.5.0.202011040924/tools/bin/../lib/gcc/arm-none-eabi/9.3.1/thumb/v7e-m+dp/hard\libgcc.a(_fixdfdi.o)
                0x0000000008000738                __fixdfdi
                0x0000000008000738                __aeabi_d2lz
 .text          0x0000000008000768       0x40 e:/stm32cubeide_1.6.1/stm32cubeide/plugins/com.st.stm32cube.ide.mcu.externaltools.gnu-tools-for-stm32.9-2020-q2-update.win32_1.5.0.202011040924/tools/bin/../lib/gcc/arm-none-eabi/9.3.1/thumb/v7e-m+dp/hard\libgcc.a(_fixunsdfdi.o)
                0x0000000008000768                __fixunsdfdi
                0x0000000008000768                __aeabi_d2ulz
 .text          0x00000000080007a8      0x2c4 e:/stm32cubeide_1.6.1/stm32cubeide/plugins/com.st.stm32cube.ide.mcu.externaltools.gnu-tools-for-stm32.9-2020-q2-update.win32_1.5.0.202011040924/tools/bin/../lib/gcc/arm-none-eabi/9.3.1/thumb/v7e-m+dp/hard\libgcc.a(_udivmoddi4.o)
                0x00000000080007a8                __udivmoddi4
 .text          0x0000000008000a6c        0x4 e:/stm32cubeide_1.6.1/stm32cubeide/plugins/com.st.stm32cube.ide.mcu.externaltools.gnu-tools-for-stm32.9-2020-q2-update.win32_1.5.0.202011040924/tools/bin/../lib/gcc/arm-none-eabi/9.3.1/thumb/v7e-m+dp/hard\libgcc.a(_dvmd_tls.o)
                0x0000000008000a6c                __aeabi_idiv0
                0x0000000008000a6c                __aeabi_ldiv0
 *(.text*)
 .text.BLE_INIT
                0x0000000008000a70       0x30 Core/Src/BLE_PC_CON.o
                0x0000000008000a70                BLE_INIT
 .text.__io_putchar
                0x0000000008000aa0       0x1c Core/Src/BLE_PC_CON.o
                0x0000000008000aa0                __io_putchar
 .text.BUFOR    0x0000000008000abc       0x38 Core/Src/BLE_PC_CON.o
                0x0000000008000abc                BUFOR
 .text.BUFOR2   0x0000000008000af4       0x38 Core/Src/BLE_PC_CON.o
                0x0000000008000af4                BUFOR2
 .text.HAL_UART_RxCpltCallback
                0x0000000008000b2c       0x4c Core/Src/BLE_PC_CON.o
                0x0000000008000b2c                HAL_UART_RxCpltCallback
 .text.DOPAMIECI2
                0x0000000008000b78       0x84 Core/Src/BLE_PC_CON.o
                0x0000000008000b78                DOPAMIECI2
 .text.DOPAMIECI
                0x0000000008000bfc       0x7c Core/Src/BLE_PC_CON.o
                0x0000000008000bfc                DOPAMIECI
 .text.HAL_TIM_PeriodElapsedCallback
                0x0000000008000c78       0x30 Core/Src/BLE_PC_CON.o
                0x0000000008000c78                HAL_TIM_PeriodElapsedCallback
 .text.DO_BLE   0x0000000008000ca8       0x30 Core/Src/BLE_PC_CON.o
                0x0000000008000ca8                DO_BLE
 .text.OBLICZ_BLAD
                0x0000000008000cd8      0x1e4 Core/Src/CZUJNIKI.o
                0x0000000008000cd8                OBLICZ_BLAD
 .text.ReadValue_CZ_EEPROM
                0x0000000008000ebc       0xc8 Core/Src/CZUJNIKI.o
                0x0000000008000ebc                ReadValue_CZ_EEPROM
 .text.CZUJNIKI_INIT
                0x0000000008000f84       0x1c Core/Src/CZUJNIKI.o
                0x0000000008000f84                CZUJNIKI_INIT
 .text.EEPROM_WRITE
                0x0000000008000fa0       0x34 Core/Src/EEPROM.o
                0x0000000008000fa0                EEPROM_WRITE
 .text.EEPROM_READ
                0x0000000008000fd4       0x34 Core/Src/EEPROM.o
                0x0000000008000fd4                EEPROM_READ
 .text.EEPROM_WRITE_FLOAT
                0x0000000008001008       0x20 Core/Src/EEPROM.o
                0x0000000008001008                EEPROM_WRITE_FLOAT
 .text.EEPROM_READ_FLOAT
                0x0000000008001028       0x3c Core/Src/EEPROM.o
                0x0000000008001028                EEPROM_READ_FLOAT
 .text.EEPROM_WRITE_INT
                0x0000000008001064       0x18 Core/Src/EEPROM.o
                0x0000000008001064                EEPROM_WRITE_INT
 .text.EEPROM_READ_INT
                0x000000000800107c       0x26 Core/Src/EEPROM.o
                0x000000000800107c                EEPROM_READ_INT
 *fill*         0x00000000080010a2        0x2 
 .text.HAL_GPIO_EXTI_Callback
                0x00000000080010a4       0x34 Core/Src/ENKODERY.o
                0x00000000080010a4                HAL_GPIO_EXTI_Callback
 .text.oblicz_predkosc
                0x00000000080010d8      0x124 Core/Src/ENKODERY.o
                0x00000000080010d8                oblicz_predkosc
 .text.mierzprzebdr
                0x00000000080011fc       0x74 Core/Src/ENKODERY.o
                0x00000000080011fc                mierzprzebdr
 .text.wykryto_znacznik
                0x0000000008001270       0xbc Core/Src/ENKODERY.o
                0x0000000008001270                wykryto_znacznik
 *fill*         0x000000000800132c        0x4 
 .text.wyznacz_xiy
                0x0000000008001330       0xd0 Core/Src/ENKODERY.o
                0x0000000008001330                wyznacz_xiy
 .text.WYSLIJMAPE_DO_BLE
                0x0000000008001400      0x114 Core/Src/ENKODERY.o
                0x0000000008001400                WYSLIJMAPE_DO_BLE
 .text.wykryj_znacznik
                0x0000000008001514      0x128 Core/Src/ENKODERY.o
                0x0000000008001514                wykryj_znacznik
 .text.DRUKUJ_PID
                0x000000000800163c      0x1a4 Core/Src/Komendy_BLE.o
                0x000000000800163c                DRUKUJ_PID
 .text.PID_DO_BLE
                0x00000000080017e0      0x148 Core/Src/Komendy_BLE.o
                0x00000000080017e0                PID_DO_BLE
 .text.DRUKUJCZUJNIKI
                0x0000000008001928      0x17c Core/Src/Komendy_BLE.o
                0x0000000008001928                DRUKUJCZUJNIKI
 .text.WyslijWartoscERR
                0x0000000008001aa4      0x48c Core/Src/Komendy_BLE.o
                0x0000000008001aa4                WyslijWartoscERR
 .text.PRZYPISYWANIEWARTOSCI
                0x0000000008001f30      0x384 Core/Src/Komendy_BLE.o
                0x0000000008001f30                PRZYPISYWANIEWARTOSCI
 .text.KOMENDY_BLE
                0x00000000080022b4      0x24c Core/Src/Komendy_BLE.o
                0x00000000080022b4                KOMENDY_BLE
 .text.ZMIENNE_ZAAW_DO_BLE
                0x0000000008002500      0x258 Core/Src/Komendy_BLE.o
                0x0000000008002500                ZMIENNE_ZAAW_DO_BLE
 .text.DANE_DO_APLIKACJI_MOBILNEJ
                0x0000000008002758       0x1a Core/Src/Komendy_BLE.o
                0x0000000008002758                DANE_DO_APLIKACJI_MOBILNEJ
 *fill*         0x0000000008002772        0x2 
 .text.rz_predkoscfb
                0x0000000008002774       0xc8 Core/Src/R_PID.o
                0x0000000008002774                rz_predkoscfb
 .text.max_speed
                0x000000000800283c       0x44 Core/Src/R_PID.o
                0x000000000800283c                max_speed
 .text.calculatePID
                0x0000000008002880       0x9c Core/Src/R_PID.o
                0x0000000008002880                calculatePID
 .text.JAZDA_DO_PRZODU
                0x000000000800291c       0x24 Core/Src/R_PID.o
                0x000000000800291c                JAZDA_DO_PRZODU
 .text.PRAWY_DO_TYLU
                0x0000000008002940       0x24 Core/Src/R_PID.o
                0x0000000008002940                PRAWY_DO_TYLU
 .text.LEWY_DO_TYLU
                0x0000000008002964       0x24 Core/Src/R_PID.o
                0x0000000008002964                LEWY_DO_TYLU
 .text.EEPROM_ZAAW_READ
                0x0000000008002988       0x5c Core/Src/R_PID.o
                0x0000000008002988                EEPROM_ZAAW_READ
 .text.EEPROM_PID_READ
                0x00000000080029e4       0x38 Core/Src/R_PID.o
                0x00000000080029e4                EEPROM_PID_READ
 .text.Motor_PWM_Init
                0x0000000008002a1c       0x48 Core/Src/R_PID.o
                0x0000000008002a1c                Motor_PWM_Init
 .text.Decode_PID
                0x0000000008002a64       0x2c Core/Src/Robot_Control.o
                0x0000000008002a64                Decode_PID
 .text.Robot_Control
                0x0000000008002a90       0x40 Core/Src/Robot_Control.o
                0x0000000008002a90                Robot_Control
 .text.IR_IT_Dec
                0x0000000008002ad0       0x68 Core/Src/TSOP_2236_new_T.o
                0x0000000008002ad0                IR_IT_Dec
 .text.teo_dec  0x0000000008002b38       0x44 Core/Src/TSOP_2236_new_T.o
                0x0000000008002b38                teo_dec
 .text.OBSLUGAPILOTA
                0x0000000008002b7c       0x44 Core/Src/TSOP_2236_new_T.o
                0x0000000008002b7c                OBSLUGAPILOTA
 .text.IR_READER
                0x0000000008002bc0       0x50 Core/Src/TSOP_2236_new_T.o
                0x0000000008002bc0                IR_READER
 .text.EEPROM_IR_STATE_READ
                0x0000000008002c10       0x10 Core/Src/TSOP_2236_new_T.o
                0x0000000008002c10                EEPROM_IR_STATE_READ
 .text.IR_INIT  0x0000000008002c20       0x14 Core/Src/TSOP_2236_new_T.o
                0x0000000008002c20                IR_INIT
 .text.MX_ADC1_Init
                0x0000000008002c34      0x168 Core/Src/adc.o
                0x0000000008002c34                MX_ADC1_Init
 .text.HAL_ADC_MspInit
                0x0000000008002d9c      0x100 Core/Src/adc.o
                0x0000000008002d9c                HAL_ADC_MspInit
 .text.MX_DMA_Init
                0x0000000008002e9c       0x38 Core/Src/dma.o
                0x0000000008002e9c                MX_DMA_Init
 *fill*         0x0000000008002ed4        0x4 
 .text.ftoa     0x0000000008002ed8      0x15c Core/Src/ftoa_function.o
                0x0000000008002ed8                ftoa
 .text.MX_GPIO_Init
                0x0000000008003034      0x1d8 Core/Src/gpio.o
                0x0000000008003034                MX_GPIO_Init
 .text.MX_I2C1_Init
                0x000000000800320c       0x58 Core/Src/i2c.o
                0x000000000800320c                MX_I2C1_Init
 .text.MX_I2C4_Init
                0x0000000008003264       0x5c Core/Src/i2c.o
                0x0000000008003264                MX_I2C4_Init
 .text.HAL_I2C_MspInit
                0x00000000080032c0      0x108 Core/Src/i2c.o
                0x00000000080032c0                HAL_I2C_MspInit
 .text.HAL_I2C_MspDeInit
                0x00000000080033c8       0x70 Core/Src/i2c.o
                0x00000000080033c8                HAL_I2C_MspDeInit
 .text.EEPROM_LED_BLINK_READ
                0x0000000008003438       0x10 Core/Src/main.o
                0x0000000008003438                EEPROM_LED_BLINK_READ
 .text.SystemClock_Config
                0x0000000008003448       0xb0 Core/Src/main.o
                0x0000000008003448                SystemClock_Config
 .text.PeriphCommonClock_Config
                0x00000000080034f8       0x20 Core/Src/main.o
                0x00000000080034f8                PeriphCommonClock_Config
 .text.P_trasaA
                0x0000000008003518       0xc4 Core/Src/main.o
                0x0000000008003518                P_trasaA
 *fill*         0x00000000080035dc        0x4 
 .text.P_trasaB
                0x00000000080035e0      0x11c Core/Src/main.o
                0x00000000080035e0                P_trasaB
 .text.ProfilPredkosci
                0x00000000080036fc        0xe Core/Src/main.o
                0x00000000080036fc                ProfilPredkosci
 *fill*         0x000000000800370a        0x2 
 .text.LED_BLINKING
                0x000000000800370c       0x78 Core/Src/main.o
                0x000000000800370c                LED_BLINKING
 .text.startup.main
                0x0000000008003784       0x8c Core/Src/main.o
                0x0000000008003784                main
 .text.Error_Handler
                0x0000000008003810        0x2 Core/Src/main.o
                0x0000000008003810                Error_Handler
 *fill*         0x0000000008003812        0x2 
 .text.MX_SDMMC1_SD_Init
                0x0000000008003814       0x34 Core/Src/sdmmc.o
                0x0000000008003814                MX_SDMMC1_SD_Init
 .text.HAL_SD_MspInit
                0x0000000008003848       0xc8 Core/Src/sdmmc.o
                0x0000000008003848                HAL_SD_MspInit
 .text.HAL_MspInit
                0x0000000008003910       0x24 Core/Src/stm32h7xx_hal_msp.o
                0x0000000008003910                HAL_MspInit
 .text.NMI_Handler
                0x0000000008003934        0x2 Core/Src/stm32h7xx_it.o
                0x0000000008003934                NMI_Handler
 .text.HardFault_Handler
                0x0000000008003936        0x2 Core/Src/stm32h7xx_it.o
                0x0000000008003936                HardFault_Handler
 .text.MemManage_Handler
                0x0000000008003938        0x2 Core/Src/stm32h7xx_it.o
                0x0000000008003938                MemManage_Handler
 .text.BusFault_Handler
                0x000000000800393a        0x2 Core/Src/stm32h7xx_it.o
                0x000000000800393a                BusFault_Handler
 .text.UsageFault_Handler
                0x000000000800393c        0x2 Core/Src/stm32h7xx_it.o
                0x000000000800393c                UsageFault_Handler
 .text.SVC_Handler
                0x000000000800393e        0x2 Core/Src/stm32h7xx_it.o
                0x000000000800393e                SVC_Handler
 .text.DebugMon_Handler
                0x0000000008003940        0x2 Core/Src/stm32h7xx_it.o
                0x0000000008003940                DebugMon_Handler
 .text.PendSV_Handler
                0x0000000008003942        0x2 Core/Src/stm32h7xx_it.o
                0x0000000008003942                PendSV_Handler
 .text.SysTick_Handler
                0x0000000008003944        0x4 Core/Src/stm32h7xx_it.o
                0x0000000008003944                SysTick_Handler
 .text.EXTI2_IRQHandler
                0x0000000008003948       0x10 Core/Src/stm32h7xx_it.o
                0x0000000008003948                EXTI2_IRQHandler
 .text.EXTI3_IRQHandler
                0x0000000008003958        0x6 Core/Src/stm32h7xx_it.o
                0x0000000008003958                EXTI3_IRQHandler
 .text.EXTI4_IRQHandler
                0x000000000800395e        0x6 Core/Src/stm32h7xx_it.o
                0x000000000800395e                EXTI4_IRQHandler
 .text.DMA1_Stream0_IRQHandler
                0x0000000008003964        0xc Core/Src/stm32h7xx_it.o
                0x0000000008003964                DMA1_Stream0_IRQHandler
 .text.EXTI9_5_IRQHandler
                0x0000000008003970       0x12 Core/Src/stm32h7xx_it.o
                0x0000000008003970                EXTI9_5_IRQHandler
 *fill*         0x0000000008003982        0x2 
 .text.TIM2_IRQHandler
                0x0000000008003984       0x18 Core/Src/stm32h7xx_it.o
                0x0000000008003984                TIM2_IRQHandler
 .text.USART2_IRQHandler
                0x000000000800399c        0xc Core/Src/stm32h7xx_it.o
                0x000000000800399c                USART2_IRQHandler
 .text.TIM5_IRQHandler
                0x00000000080039a8        0xc Core/Src/stm32h7xx_it.o
                0x00000000080039a8                TIM5_IRQHandler
 .text.UART5_IRQHandler
                0x00000000080039b4        0xc Core/Src/stm32h7xx_it.o
                0x00000000080039b4                UART5_IRQHandler
 .text._getpid  0x00000000080039c0        0x4 Core/Src/syscalls.o
                0x00000000080039c0                _getpid
 .text._kill    0x00000000080039c4       0x10 Core/Src/syscalls.o
                0x00000000080039c4                _kill
 .text._exit    0x00000000080039d4        0xc Core/Src/syscalls.o
                0x00000000080039d4                _exit
 .text._read    0x00000000080039e0       0x1a Core/Src/syscalls.o
                0x00000000080039e0                _read
 .text._write   0x00000000080039fa       0x1a Core/Src/syscalls.o
                0x00000000080039fa                _write
 .text._close   0x0000000008003a14        0x6 Core/Src/syscalls.o
                0x0000000008003a14                _close
 .text._fstat   0x0000000008003a1a        0xa Core/Src/syscalls.o
                0x0000000008003a1a                _fstat
 .text._isatty  0x0000000008003a24        0x4 Core/Src/syscalls.o
                0x0000000008003a24                _isatty
 .text._lseek   0x0000000008003a28        0x4 Core/Src/syscalls.o
                0x0000000008003a28                _lseek
 .text._sbrk    0x0000000008003a2c       0x34 Core/Src/sysmem.o
                0x0000000008003a2c                _sbrk
 .text.SystemInit
                0x0000000008003a60       0x78 Core/Src/system_stm32h7xx.o
                0x0000000008003a60                SystemInit
 .text.MX_TIM2_Init
                0x0000000008003ad8       0x6c Core/Src/tim.o
                0x0000000008003ad8                MX_TIM2_Init
 .text.MX_TIM5_Init
                0x0000000008003b44       0x70 Core/Src/tim.o
                0x0000000008003b44                MX_TIM5_Init
 .text.HAL_TIM_Base_MspInit
                0x0000000008003bb4       0x9c Core/Src/tim.o
                0x0000000008003bb4                HAL_TIM_Base_MspInit
 .text.HAL_TIM_PWM_MspInit
                0x0000000008003c50       0x30 Core/Src/tim.o
                0x0000000008003c50                HAL_TIM_PWM_MspInit
 .text.HAL_TIM_MspPostInit
                0x0000000008003c80       0x9c Core/Src/tim.o
                0x0000000008003c80                HAL_TIM_MspPostInit
 .text.MX_TIM4_Init
                0x0000000008003d1c       0x88 Core/Src/tim.o
                0x0000000008003d1c                MX_TIM4_Init
 .text.MX_TIM15_Init
                0x0000000008003da4       0xe8 Core/Src/tim.o
                0x0000000008003da4                MX_TIM15_Init
 .text.MX_UART5_Init
                0x0000000008003e8c       0x64 Core/Src/usart.o
                0x0000000008003e8c                MX_UART5_Init
 .text.MX_USART2_UART_Init
                0x0000000008003ef0       0x64 Core/Src/usart.o
                0x0000000008003ef0                MX_USART2_UART_Init
 .text.HAL_UART_MspInit
                0x0000000008003f54      0x120 Core/Src/usart.o
                0x0000000008003f54                HAL_UART_MspInit
 .text.Reset_Handler
                0x0000000008004074       0x50 Core/Startup/startup_stm32h743vitx.o
                0x0000000008004074                Reset_Handler
 .text.Default_Handler
                0x00000000080040c4        0x2 Core/Startup/startup_stm32h743vitx.o
                0x00000000080040c4                RTC_Alarm_IRQHandler
                0x00000000080040c4                TIM8_CC_IRQHandler
                0x00000000080040c4                HRTIM1_Master_IRQHandler
                0x00000000080040c4                UART8_IRQHandler
                0x00000000080040c4                SPI4_IRQHandler
                0x00000000080040c4                TIM1_CC_IRQHandler
                0x00000000080040c4                BDMA_Channel6_IRQHandler
                0x00000000080040c4                DMA2_Stream5_IRQHandler
                0x00000000080040c4                HRTIM1_FLT_IRQHandler
                0x00000000080040c4                JPEG_IRQHandler
                0x00000000080040c4                DMA1_Stream5_IRQHandler
                0x00000000080040c4                BDMA_Channel1_IRQHandler
                0x00000000080040c4                HRTIM1_TIMD_IRQHandler
                0x00000000080040c4                TAMP_STAMP_IRQHandler
                0x00000000080040c4                LPTIM4_IRQHandler
                0x00000000080040c4                TIM8_TRG_COM_TIM14_IRQHandler
                0x00000000080040c4                LPTIM2_IRQHandler
                0x00000000080040c4                DFSDM1_FLT1_IRQHandler
                0x00000000080040c4                DMAMUX2_OVR_IRQHandler
                0x00000000080040c4                TIM8_UP_TIM13_IRQHandler
                0x00000000080040c4                I2C3_ER_IRQHandler
                0x00000000080040c4                DFSDM1_FLT2_IRQHandler
                0x00000000080040c4                MDMA_IRQHandler
                0x00000000080040c4                LPTIM3_IRQHandler
                0x00000000080040c4                HSEM1_IRQHandler
                0x00000000080040c4                EXTI0_IRQHandler
                0x00000000080040c4                I2C2_EV_IRQHandler
                0x00000000080040c4                DMA1_Stream2_IRQHandler
                0x00000000080040c4                FPU_IRQHandler
                0x00000000080040c4                OTG_HS_WKUP_IRQHandler
                0x00000000080040c4                FDCAN1_IT1_IRQHandler
                0x00000000080040c4                LTDC_ER_IRQHandler
                0x00000000080040c4                DMA2_Stream2_IRQHandler
                0x00000000080040c4                HRTIM1_TIME_IRQHandler
                0x00000000080040c4                SPI1_IRQHandler
                0x00000000080040c4                TIM6_DAC_IRQHandler
                0x00000000080040c4                DCMI_IRQHandler
                0x00000000080040c4                HRTIM1_TIMC_IRQHandler
                0x00000000080040c4                DMA2_Stream3_IRQHandler
                0x00000000080040c4                SAI2_IRQHandler
                0x00000000080040c4                DFSDM1_FLT3_IRQHandler
                0x00000000080040c4                USART6_IRQHandler
                0x00000000080040c4                TIM17_IRQHandler
                0x00000000080040c4                USART3_IRQHandler
                0x00000000080040c4                BDMA_Channel7_IRQHandler
                0x00000000080040c4                LPTIM5_IRQHandler
                0x00000000080040c4                ADC3_IRQHandler
                0x00000000080040c4                DMA2_Stream0_IRQHandler
                0x00000000080040c4                TIM4_IRQHandler
                0x00000000080040c4                BDMA_Channel2_IRQHandler
                0x00000000080040c4                QUADSPI_IRQHandler
                0x00000000080040c4                I2C1_EV_IRQHandler
                0x00000000080040c4                DMA1_Stream6_IRQHandler
                0x00000000080040c4                DMAMUX1_OVR_IRQHandler
                0x00000000080040c4                DMA1_Stream1_IRQHandler
                0x00000000080040c4                TIM16_IRQHandler
                0x00000000080040c4                UART4_IRQHandler
                0x00000000080040c4                BDMA_Channel5_IRQHandler
                0x00000000080040c4                TIM3_IRQHandler
                0x00000000080040c4                RCC_IRQHandler
                0x00000000080040c4                TIM8_BRK_TIM12_IRQHandler
                0x00000000080040c4                TIM1_TRG_COM_IRQHandler
                0x00000000080040c4                Default_Handler
                0x00000000080040c4                ECC_IRQHandler
                0x00000000080040c4                CEC_IRQHandler
                0x00000000080040c4                EXTI15_10_IRQHandler
                0x00000000080040c4                BDMA_Channel0_IRQHandler
                0x00000000080040c4                ADC_IRQHandler
                0x00000000080040c4                DMA1_Stream7_IRQHandler
                0x00000000080040c4                HRTIM1_TIMA_IRQHandler
                0x00000000080040c4                SPI5_IRQHandler
                0x00000000080040c4                TIM7_IRQHandler
                0x00000000080040c4                SDMMC1_IRQHandler
                0x00000000080040c4                DMA2_Stream7_IRQHandler
                0x00000000080040c4                TIM15_IRQHandler
                0x00000000080040c4                PVD_AVD_IRQHandler
                0x00000000080040c4                I2C3_EV_IRQHandler
                0x00000000080040c4                RTC_WKUP_IRQHandler
                0x00000000080040c4                LTDC_IRQHandler
                0x00000000080040c4                SAI3_IRQHandler
                0x00000000080040c4                ETH_WKUP_IRQHandler
                0x00000000080040c4                SPDIF_RX_IRQHandler
                0x00000000080040c4                SPI2_IRQHandler
                0x00000000080040c4                OTG_HS_EP1_IN_IRQHandler
                0x00000000080040c4                CRS_IRQHandler
                0x00000000080040c4                RNG_IRQHandler
                0x00000000080040c4                HRTIM1_TIMB_IRQHandler
                0x00000000080040c4                FDCAN2_IT1_IRQHandler
                0x00000000080040c4                ETH_IRQHandler
                0x00000000080040c4                TIM1_UP_IRQHandler
                0x00000000080040c4                BDMA_Channel4_IRQHandler
                0x00000000080040c4                OTG_HS_EP1_OUT_IRQHandler
                0x00000000080040c4                WWDG_IRQHandler
                0x00000000080040c4                SPI6_IRQHandler
                0x00000000080040c4                MDIOS_IRQHandler
                0x00000000080040c4                I2C4_EV_IRQHandler
                0x00000000080040c4                FDCAN2_IT0_IRQHandler
                0x00000000080040c4                LPUART1_IRQHandler
                0x00000000080040c4                FDCAN1_IT0_IRQHandler
                0x00000000080040c4                OTG_FS_WKUP_IRQHandler
                0x00000000080040c4                OTG_HS_IRQHandler
                0x00000000080040c4                DMA2D_IRQHandler
                0x00000000080040c4                TIM1_BRK_IRQHandler
                0x00000000080040c4                EXTI1_IRQHandler
                0x00000000080040c4                SDMMC2_IRQHandler
                0x00000000080040c4                OTG_FS_EP1_OUT_IRQHandler
                0x00000000080040c4                BDMA_Channel3_IRQHandler
                0x00000000080040c4                UART7_IRQHandler
                0x00000000080040c4                MDIOS_WKUP_IRQHandler
                0x00000000080040c4                DFSDM1_FLT0_IRQHandler
                0x00000000080040c4                SAI4_IRQHandler
                0x00000000080040c4                I2C2_ER_IRQHandler
                0x00000000080040c4                DMA2_Stream1_IRQHandler
                0x00000000080040c4                FLASH_IRQHandler
                0x00000000080040c4                DMA2_Stream4_IRQHandler
                0x00000000080040c4                USART1_IRQHandler
                0x00000000080040c4                OTG_FS_IRQHandler
                0x00000000080040c4                SPI3_IRQHandler
                0x00000000080040c4                WAKEUP_PIN_IRQHandler
                0x00000000080040c4                DMA1_Stream4_IRQHandler
                0x00000000080040c4                OTG_FS_EP1_IN_IRQHandler
                0x00000000080040c4                I2C1_ER_IRQHandler
                0x00000000080040c4                FMC_IRQHandler
                0x00000000080040c4                FDCAN_CAL_IRQHandler
                0x00000000080040c4                SWPMI1_IRQHandler
                0x00000000080040c4                COMP1_IRQHandler
                0x00000000080040c4                LPTIM1_IRQHandler
                0x00000000080040c4                I2C4_ER_IRQHandler
                0x00000000080040c4                DMA2_Stream6_IRQHandler
                0x00000000080040c4                SAI1_IRQHandler
                0x00000000080040c4                DMA1_Stream3_IRQHandler
 *fill*         0x00000000080040c6        0x2 
 .text.HAL_InitTick
                0x00000000080040c8       0x4c Drivers/STM32H7xx_HAL_Driver/Src/stm32h7xx_hal.o
                0x00000000080040c8                HAL_InitTick
 .text.HAL_Init
                0x0000000008004114       0x5c Drivers/STM32H7xx_HAL_Driver/Src/stm32h7xx_hal.o
                0x0000000008004114                HAL_Init
 .text.HAL_IncTick
                0x0000000008004170       0x18 Drivers/STM32H7xx_HAL_Driver/Src/stm32h7xx_hal.o
                0x0000000008004170                HAL_IncTick
 .text.HAL_GetTick
                0x0000000008004188        0xc Drivers/STM32H7xx_HAL_Driver/Src/stm32h7xx_hal.o
                0x0000000008004188                HAL_GetTick
 .text.HAL_Delay
                0x0000000008004194       0x24 Drivers/STM32H7xx_HAL_Driver/Src/stm32h7xx_hal.o
                0x0000000008004194                HAL_Delay
 .text.HAL_GetREVID
                0x00000000080041b8        0xc Drivers/STM32H7xx_HAL_Driver/Src/stm32h7xx_hal.o
                0x00000000080041b8                HAL_GetREVID
 .text.LL_ADC_SetChannelSamplingTime
                0x00000000080041c4       0x22 Drivers/STM32H7xx_HAL_Driver/Src/stm32h7xx_hal_adc.o
 .text.LL_ADC_REG_IsConversionOngoing
                0x00000000080041e6        0x8 Drivers/STM32H7xx_HAL_Driver/Src/stm32h7xx_hal_adc.o
 .text.HAL_ADC_ConvCpltCallback
                0x00000000080041ee        0x2 Drivers/STM32H7xx_HAL_Driver/Src/stm32h7xx_hal_adc.o
                0x00000000080041ee                HAL_ADC_ConvCpltCallback
 .text.HAL_ADC_ConvHalfCpltCallback
                0x00000000080041f0        0x2 Drivers/STM32H7xx_HAL_Driver/Src/stm32h7xx_hal_adc.o
                0x00000000080041f0                HAL_ADC_ConvHalfCpltCallback
 .text.ADC_DMAHalfConvCplt
                0x00000000080041f2        0xa Drivers/STM32H7xx_HAL_Driver/Src/stm32h7xx_hal_adc.o
                0x00000000080041f2                ADC_DMAHalfConvCplt
 .text.HAL_ADC_ErrorCallback
                0x00000000080041fc        0x2 Drivers/STM32H7xx_HAL_Driver/Src/stm32h7xx_hal_adc.o
                0x00000000080041fc                HAL_ADC_ErrorCallback
 .text.ADC_DMAConvCplt
                0x00000000080041fe       0x68 Drivers/STM32H7xx_HAL_Driver/Src/stm32h7xx_hal_adc.o
                0x00000000080041fe                ADC_DMAConvCplt
 .text.ADC_DMAError
                0x0000000008004266       0x1a Drivers/STM32H7xx_HAL_Driver/Src/stm32h7xx_hal_adc.o
                0x0000000008004266                ADC_DMAError
 .text.HAL_ADC_ConfigChannel
                0x0000000008004280      0x390 Drivers/STM32H7xx_HAL_Driver/Src/stm32h7xx_hal_adc.o
                0x0000000008004280                HAL_ADC_ConfigChannel
 .text.ADC_Enable
                0x0000000008004610       0xb0 Drivers/STM32H7xx_HAL_Driver/Src/stm32h7xx_hal_adc.o
                0x0000000008004610                ADC_Enable
 .text.HAL_ADC_Start_DMA
                0x00000000080046c0      0x120 Drivers/STM32H7xx_HAL_Driver/Src/stm32h7xx_hal_adc.o
                0x00000000080046c0                HAL_ADC_Start_DMA
 .text.ADC_ConfigureBoostMode
                0x00000000080047e0      0x12c Drivers/STM32H7xx_HAL_Driver/Src/stm32h7xx_hal_adc.o
                0x00000000080047e0                ADC_ConfigureBoostMode
 .text.HAL_ADC_Init
                0x000000000800490c      0x210 Drivers/STM32H7xx_HAL_Driver/Src/stm32h7xx_hal_adc.o
                0x000000000800490c                HAL_ADC_Init
 .text.LL_ADC_REG_IsConversionOngoing
                0x0000000008004b1c        0x8 Drivers/STM32H7xx_HAL_Driver/Src/stm32h7xx_hal_adc_ex.o
 .text.HAL_ADCEx_MultiModeConfigChannel
                0x0000000008004b24      0x110 Drivers/STM32H7xx_HAL_Driver/Src/stm32h7xx_hal_adc_ex.o
                0x0000000008004b24                HAL_ADCEx_MultiModeConfigChannel
 .text.HAL_NVIC_SetPriorityGrouping
                0x0000000008004c34       0x24 Drivers/STM32H7xx_HAL_Driver/Src/stm32h7xx_hal_cortex.o
                0x0000000008004c34                HAL_NVIC_SetPriorityGrouping
 .text.HAL_NVIC_SetPriority
                0x0000000008004c58       0x64 Drivers/STM32H7xx_HAL_Driver/Src/stm32h7xx_hal_cortex.o
                0x0000000008004c58                HAL_NVIC_SetPriority
 .text.HAL_NVIC_EnableIRQ
                0x0000000008004cbc       0x1c Drivers/STM32H7xx_HAL_Driver/Src/stm32h7xx_hal_cortex.o
                0x0000000008004cbc                HAL_NVIC_EnableIRQ
 .text.HAL_NVIC_SystemReset
                0x0000000008004cd8       0x24 Drivers/STM32H7xx_HAL_Driver/Src/stm32h7xx_hal_cortex.o
                0x0000000008004cd8                HAL_NVIC_SystemReset
 .text.HAL_SYSTICK_Config
                0x0000000008004cfc       0x2c Drivers/STM32H7xx_HAL_Driver/Src/stm32h7xx_hal_cortex.o
                0x0000000008004cfc                HAL_SYSTICK_Config
 .text.DMA_SetConfig
                0x0000000008004d28      0x184 Drivers/STM32H7xx_HAL_Driver/Src/stm32h7xx_hal_dma.o
 .text.DMA_CalcBaseAndBitshift
                0x0000000008004eac       0x9c Drivers/STM32H7xx_HAL_Driver/Src/stm32h7xx_hal_dma.o
 .text.DMA_CalcDMAMUXChannelBaseAndMask
                0x0000000008004f48       0x90 Drivers/STM32H7xx_HAL_Driver/Src/stm32h7xx_hal_dma.o
 .text.DMA_CalcDMAMUXRequestGenBaseAndMask
                0x0000000008004fd8       0x70 Drivers/STM32H7xx_HAL_Driver/Src/stm32h7xx_hal_dma.o
 .text.HAL_DMA_Init
                0x0000000008005048      0x384 Drivers/STM32H7xx_HAL_Driver/Src/stm32h7xx_hal_dma.o
                0x0000000008005048                HAL_DMA_Init
 .text.HAL_DMA_Start_IT
                0x00000000080053cc      0x238 Drivers/STM32H7xx_HAL_Driver/Src/stm32h7xx_hal_dma.o
                0x00000000080053cc                HAL_DMA_Start_IT
 .text.HAL_DMA_Abort
                0x0000000008005604      0x350 Drivers/STM32H7xx_HAL_Driver/Src/stm32h7xx_hal_dma.o
                0x0000000008005604                HAL_DMA_Abort
 .text.HAL_DMA_Abort_IT
                0x0000000008005954      0x168 Drivers/STM32H7xx_HAL_Driver/Src/stm32h7xx_hal_dma.o
                0x0000000008005954                HAL_DMA_Abort_IT
 .text.HAL_DMA_IRQHandler
                0x0000000008005abc      0x550 Drivers/STM32H7xx_HAL_Driver/Src/stm32h7xx_hal_dma.o
                0x0000000008005abc                HAL_DMA_IRQHandler
 .text.HAL_GPIO_Init
                0x000000000800600c      0x1cc Drivers/STM32H7xx_HAL_Driver/Src/stm32h7xx_hal_gpio.o
                0x000000000800600c                HAL_GPIO_Init
 .text.HAL_GPIO_DeInit
                0x00000000080061d8      0x14c Drivers/STM32H7xx_HAL_Driver/Src/stm32h7xx_hal_gpio.o
                0x00000000080061d8                HAL_GPIO_DeInit
 .text.HAL_GPIO_WritePin
                0x0000000008006324        0xa Drivers/STM32H7xx_HAL_Driver/Src/stm32h7xx_hal_gpio.o
                0x0000000008006324                HAL_GPIO_WritePin
 .text.HAL_GPIO_TogglePin
                0x000000000800632e       0x12 Drivers/STM32H7xx_HAL_Driver/Src/stm32h7xx_hal_gpio.o
                0x000000000800632e                HAL_GPIO_TogglePin
 .text.HAL_GPIO_EXTI_IRQHandler
                0x0000000008006340       0x18 Drivers/STM32H7xx_HAL_Driver/Src/stm32h7xx_hal_gpio.o
                0x0000000008006340                HAL_GPIO_EXTI_IRQHandler
 .text.I2C_Flush_TXDR
                0x0000000008006358       0x1c Drivers/STM32H7xx_HAL_Driver/Src/stm32h7xx_hal_i2c.o
 .text.I2C_TransferConfig
                0x0000000008006374       0x28 Drivers/STM32H7xx_HAL_Driver/Src/stm32h7xx_hal_i2c.o
 .text.I2C_IsAcknowledgeFailed
                0x000000000800639c       0x7a Drivers/STM32H7xx_HAL_Driver/Src/stm32h7xx_hal_i2c.o
 .text.I2C_WaitOnSTOPFlagUntilTimeout
                0x0000000008006416       0x4a Drivers/STM32H7xx_HAL_Driver/Src/stm32h7xx_hal_i2c.o
 .text.I2C_WaitOnFlagUntilTimeout
                0x0000000008006460       0x54 Drivers/STM32H7xx_HAL_Driver/Src/stm32h7xx_hal_i2c.o
 .text.I2C_WaitOnTXISFlagUntilTimeout
                0x00000000080064b4       0x4e Drivers/STM32H7xx_HAL_Driver/Src/stm32h7xx_hal_i2c.o
 *fill*         0x0000000008006502        0x2 
 .text.I2C_RequestMemoryWrite
                0x0000000008006504       0x6c Drivers/STM32H7xx_HAL_Driver/Src/stm32h7xx_hal_i2c.o
 .text.I2C_RequestMemoryRead
                0x0000000008006570       0x6c Drivers/STM32H7xx_HAL_Driver/Src/stm32h7xx_hal_i2c.o
 .text.HAL_I2C_Init
                0x00000000080065dc       0xa2 Drivers/STM32H7xx_HAL_Driver/Src/stm32h7xx_hal_i2c.o
                0x00000000080065dc                HAL_I2C_Init
 .text.HAL_I2C_DeInit
                0x000000000800667e       0x32 Drivers/STM32H7xx_HAL_Driver/Src/stm32h7xx_hal_i2c.o
                0x000000000800667e                HAL_I2C_DeInit
 .text.HAL_I2C_Mem_Write
                0x00000000080066b0      0x16c Drivers/STM32H7xx_HAL_Driver/Src/stm32h7xx_hal_i2c.o
                0x00000000080066b0                HAL_I2C_Mem_Write
 .text.HAL_I2C_Mem_Read
                0x000000000800681c      0x178 Drivers/STM32H7xx_HAL_Driver/Src/stm32h7xx_hal_i2c.o
                0x000000000800681c                HAL_I2C_Mem_Read
 .text.HAL_I2CEx_ConfigAnalogFilter
                0x0000000008006994       0x4c Drivers/STM32H7xx_HAL_Driver/Src/stm32h7xx_hal_i2c_ex.o
                0x0000000008006994                HAL_I2CEx_ConfigAnalogFilter
 .text.HAL_I2CEx_ConfigDigitalFilter
                0x00000000080069e0       0x4a Drivers/STM32H7xx_HAL_Driver/Src/stm32h7xx_hal_i2c_ex.o
                0x00000000080069e0                HAL_I2CEx_ConfigDigitalFilter
 *fill*         0x0000000008006a2a        0x2 
 .text.HAL_PWREx_ConfigSupply
                0x0000000008006a2c       0x48 Drivers/STM32H7xx_HAL_Driver/Src/stm32h7xx_hal_pwr_ex.o
                0x0000000008006a2c                HAL_PWREx_ConfigSupply
 .text.HAL_RCC_OscConfig
                0x0000000008006a74      0x530 Drivers/STM32H7xx_HAL_Driver/Src/stm32h7xx_hal_rcc.o
                0x0000000008006a74                HAL_RCC_OscConfig
 .text.HAL_RCC_GetSysClockFreq
                0x0000000008006fa4      0x140 Drivers/STM32H7xx_HAL_Driver/Src/stm32h7xx_hal_rcc.o
                0x0000000008006fa4                HAL_RCC_GetSysClockFreq
 .text.HAL_RCC_ClockConfig
                0x00000000080070e4      0x24c Drivers/STM32H7xx_HAL_Driver/Src/stm32h7xx_hal_rcc.o
                0x00000000080070e4                HAL_RCC_ClockConfig
 .text.HAL_RCC_GetHCLKFreq
                0x0000000008007330       0x44 Drivers/STM32H7xx_HAL_Driver/Src/stm32h7xx_hal_rcc.o
                0x0000000008007330                HAL_RCC_GetHCLKFreq
 .text.HAL_RCC_GetPCLK1Freq
                0x0000000008007374       0x24 Drivers/STM32H7xx_HAL_Driver/Src/stm32h7xx_hal_rcc.o
                0x0000000008007374                HAL_RCC_GetPCLK1Freq
 .text.HAL_RCC_GetPCLK2Freq
                0x0000000008007398       0x24 Drivers/STM32H7xx_HAL_Driver/Src/stm32h7xx_hal_rcc.o
                0x0000000008007398                HAL_RCC_GetPCLK2Freq
 .text.RCCEx_PLL2_Config
                0x00000000080073bc       0xf0 Drivers/STM32H7xx_HAL_Driver/Src/stm32h7xx_hal_rcc_ex.o
 .text.RCCEx_PLL3_Config
                0x00000000080074ac       0xf0 Drivers/STM32H7xx_HAL_Driver/Src/stm32h7xx_hal_rcc_ex.o
 .text.HAL_RCCEx_PeriphCLKConfig
                0x000000000800759c      0x96c Drivers/STM32H7xx_HAL_Driver/Src/stm32h7xx_hal_rcc_ex.o
                0x000000000800759c                HAL_RCCEx_PeriphCLKConfig
 .text.HAL_RCCEx_GetD3PCLK1Freq
                0x0000000008007f08       0x24 Drivers/STM32H7xx_HAL_Driver/Src/stm32h7xx_hal_rcc_ex.o
                0x0000000008007f08                HAL_RCCEx_GetD3PCLK1Freq
 .text.HAL_RCCEx_GetPLL2ClockFreq
                0x0000000008007f2c      0x150 Drivers/STM32H7xx_HAL_Driver/Src/stm32h7xx_hal_rcc_ex.o
                0x0000000008007f2c                HAL_RCCEx_GetPLL2ClockFreq
 .text.HAL_RCCEx_GetPLL3ClockFreq
                0x000000000800807c      0x150 Drivers/STM32H7xx_HAL_Driver/Src/stm32h7xx_hal_rcc_ex.o
                0x000000000800807c                HAL_RCCEx_GetPLL3ClockFreq
 .text.HAL_RCCEx_GetPLL1ClockFreq
                0x00000000080081cc      0x150 Drivers/STM32H7xx_HAL_Driver/Src/stm32h7xx_hal_rcc_ex.o
                0x00000000080081cc                HAL_RCCEx_GetPLL1ClockFreq
 .text.HAL_RCCEx_GetPeriphCLKFreq
                0x000000000800831c      0x298 Drivers/STM32H7xx_HAL_Driver/Src/stm32h7xx_hal_rcc_ex.o
                0x000000000800831c                HAL_RCCEx_GetPeriphCLKFreq
 .text.SD_FindSCR
                0x00000000080085b4       0xcc Drivers/STM32H7xx_HAL_Driver/Src/stm32h7xx_hal_sd.o
 .text.HAL_SD_DriveTransceiver_1_8V_Callback
                0x0000000008008680        0x2 Drivers/STM32H7xx_HAL_Driver/Src/stm32h7xx_hal_sd.o
                0x0000000008008680                HAL_SD_DriveTransceiver_1_8V_Callback
 *fill*         0x0000000008008682        0x2 
 .text.HAL_SD_GetCardCSD
                0x0000000008008684      0x16c Drivers/STM32H7xx_HAL_Driver/Src/stm32h7xx_hal_sd.o
                0x0000000008008684                HAL_SD_GetCardCSD
 .text.HAL_SD_InitCard
                0x00000000080087f0      0x2ac Drivers/STM32H7xx_HAL_Driver/Src/stm32h7xx_hal_sd.o
                0x00000000080087f0                HAL_SD_InitCard
 .text.HAL_SD_GetCardStatus
                0x0000000008008a9c      0x17c Drivers/STM32H7xx_HAL_Driver/Src/stm32h7xx_hal_sd.o
                0x0000000008008a9c                HAL_SD_GetCardStatus
 .text.HAL_SD_ConfigWideBusOperation
                0x0000000008008c18      0x198 Drivers/STM32H7xx_HAL_Driver/Src/stm32h7xx_hal_sd.o
                0x0000000008008c18                HAL_SD_ConfigWideBusOperation
 .text.HAL_SD_GetCardState
                0x0000000008008db0       0x28 Drivers/STM32H7xx_HAL_Driver/Src/stm32h7xx_hal_sd.o
                0x0000000008008db0                HAL_SD_GetCardState
 .text.HAL_SD_Init
                0x0000000008008dd8       0xb0 Drivers/STM32H7xx_HAL_Driver/Src/stm32h7xx_hal_sd.o
                0x0000000008008dd8                HAL_SD_Init
 .text.TIM_OC1_SetConfig
                0x0000000008008e88       0x98 Drivers/STM32H7xx_HAL_Driver/Src/stm32h7xx_hal_tim.o
 .text.TIM_OC3_SetConfig
                0x0000000008008f20       0x84 Drivers/STM32H7xx_HAL_Driver/Src/stm32h7xx_hal_tim.o
 .text.TIM_OC4_SetConfig
                0x0000000008008fa4       0x64 Drivers/STM32H7xx_HAL_Driver/Src/stm32h7xx_hal_tim.o
 .text.TIM_OC5_SetConfig
                0x0000000008009008       0x64 Drivers/STM32H7xx_HAL_Driver/Src/stm32h7xx_hal_tim.o
 .text.TIM_OC6_SetConfig
                0x000000000800906c       0x64 Drivers/STM32H7xx_HAL_Driver/Src/stm32h7xx_hal_tim.o
 .text.HAL_TIM_Base_Start_IT
                0x00000000080090d0       0x74 Drivers/STM32H7xx_HAL_Driver/Src/stm32h7xx_hal_tim.o
                0x00000000080090d0                HAL_TIM_Base_Start_IT
 .text.HAL_TIM_OC_DelayElapsedCallback
                0x0000000008009144        0x2 Drivers/STM32H7xx_HAL_Driver/Src/stm32h7xx_hal_tim.o
                0x0000000008009144                HAL_TIM_OC_DelayElapsedCallback
 .text.HAL_TIM_IC_CaptureCallback
                0x0000000008009146        0x2 Drivers/STM32H7xx_HAL_Driver/Src/stm32h7xx_hal_tim.o
                0x0000000008009146                HAL_TIM_IC_CaptureCallback
 .text.HAL_TIM_PWM_PulseFinishedCallback
                0x0000000008009148        0x2 Drivers/STM32H7xx_HAL_Driver/Src/stm32h7xx_hal_tim.o
                0x0000000008009148                HAL_TIM_PWM_PulseFinishedCallback
 .text.HAL_TIM_TriggerCallback
                0x000000000800914a        0x2 Drivers/STM32H7xx_HAL_Driver/Src/stm32h7xx_hal_tim.o
                0x000000000800914a                HAL_TIM_TriggerCallback
 .text.HAL_TIM_IRQHandler
                0x000000000800914c      0x160 Drivers/STM32H7xx_HAL_Driver/Src/stm32h7xx_hal_tim.o
                0x000000000800914c                HAL_TIM_IRQHandler
 .text.TIM_Base_SetConfig
                0x00000000080092ac       0xcc Drivers/STM32H7xx_HAL_Driver/Src/stm32h7xx_hal_tim.o
                0x00000000080092ac                TIM_Base_SetConfig
 .text.HAL_TIM_Base_Init
                0x0000000008009378       0x60 Drivers/STM32H7xx_HAL_Driver/Src/stm32h7xx_hal_tim.o
                0x0000000008009378                HAL_TIM_Base_Init
 .text.HAL_TIM_PWM_Init
                0x00000000080093d8       0x60 Drivers/STM32H7xx_HAL_Driver/Src/stm32h7xx_hal_tim.o
                0x00000000080093d8                HAL_TIM_PWM_Init
 .text.TIM_OC2_SetConfig
                0x0000000008009438       0x8c Drivers/STM32H7xx_HAL_Driver/Src/stm32h7xx_hal_tim.o
                0x0000000008009438                TIM_OC2_SetConfig
 .text.HAL_TIM_PWM_ConfigChannel
                0x00000000080094c4      0x102 Drivers/STM32H7xx_HAL_Driver/Src/stm32h7xx_hal_tim.o
                0x00000000080094c4                HAL_TIM_PWM_ConfigChannel
 .text.TIM_ETR_SetConfig
                0x00000000080095c6       0x14 Drivers/STM32H7xx_HAL_Driver/Src/stm32h7xx_hal_tim.o
                0x00000000080095c6                TIM_ETR_SetConfig
 *fill*         0x00000000080095da        0x2 
 .text.HAL_TIM_ConfigClockSource
                0x00000000080095dc      0x160 Drivers/STM32H7xx_HAL_Driver/Src/stm32h7xx_hal_tim.o
                0x00000000080095dc                HAL_TIM_ConfigClockSource
 .text.TIM_CCxChannelCmd
                0x000000000800973c       0x1c Drivers/STM32H7xx_HAL_Driver/Src/stm32h7xx_hal_tim.o
                0x000000000800973c                TIM_CCxChannelCmd
 .text.HAL_TIM_OC_Start
                0x0000000008009758      0x110 Drivers/STM32H7xx_HAL_Driver/Src/stm32h7xx_hal_tim.o
                0x0000000008009758                HAL_TIM_OC_Start
 .text.HAL_TIM_PWM_Start
                0x0000000008009868        0x4 Drivers/STM32H7xx_HAL_Driver/Src/stm32h7xx_hal_tim.o
                0x0000000008009868                HAL_TIM_PWM_Start
 .text.HAL_TIMEx_MasterConfigSynchronization
                0x000000000800986c       0x8c Drivers/STM32H7xx_HAL_Driver/Src/stm32h7xx_hal_tim_ex.o
                0x000000000800986c                HAL_TIMEx_MasterConfigSynchronization
 .text.HAL_TIMEx_ConfigBreakDeadTime
                0x00000000080098f8       0x84 Drivers/STM32H7xx_HAL_Driver/Src/stm32h7xx_hal_tim_ex.o
                0x00000000080098f8                HAL_TIMEx_ConfigBreakDeadTime
 .text.HAL_TIMEx_CommutCallback
                0x000000000800997c        0x2 Drivers/STM32H7xx_HAL_Driver/Src/stm32h7xx_hal_tim_ex.o
                0x000000000800997c                HAL_TIMEx_CommutCallback
 .text.HAL_TIMEx_BreakCallback
                0x000000000800997e        0x2 Drivers/STM32H7xx_HAL_Driver/Src/stm32h7xx_hal_tim_ex.o
                0x000000000800997e                HAL_TIMEx_BreakCallback
 .text.HAL_TIMEx_Break2Callback
                0x0000000008009980        0x2 Drivers/STM32H7xx_HAL_Driver/Src/stm32h7xx_hal_tim_ex.o
                0x0000000008009980                HAL_TIMEx_Break2Callback
 .text.UART_EndRxTransfer
                0x0000000008009982       0x32 Drivers/STM32H7xx_HAL_Driver/Src/stm32h7xx_hal_uart.o
 .text.UART_TxISR_8BIT
                0x00000000080099b4       0x3c Drivers/STM32H7xx_HAL_Driver/Src/stm32h7xx_hal_uart.o
 .text.UART_TxISR_16BIT
                0x00000000080099f0       0x40 Drivers/STM32H7xx_HAL_Driver/Src/stm32h7xx_hal_uart.o
 .text.UART_TxISR_16BIT_FIFOEN
                0x0000000008009a30       0x52 Drivers/STM32H7xx_HAL_Driver/Src/stm32h7xx_hal_uart.o
 .text.UART_TxISR_8BIT_FIFOEN
                0x0000000008009a82       0x4e Drivers/STM32H7xx_HAL_Driver/Src/stm32h7xx_hal_uart.o
 .text.HAL_UART_Transmit_IT
                0x0000000008009ad0       0xac Drivers/STM32H7xx_HAL_Driver/Src/stm32h7xx_hal_uart.o
                0x0000000008009ad0                HAL_UART_Transmit_IT
 .text.HAL_UART_TxCpltCallback
                0x0000000008009b7c        0x2 Drivers/STM32H7xx_HAL_Driver/Src/stm32h7xx_hal_uart.o
                0x0000000008009b7c                HAL_UART_TxCpltCallback
 .text.HAL_UART_ErrorCallback
                0x0000000008009b7e        0x2 Drivers/STM32H7xx_HAL_Driver/Src/stm32h7xx_hal_uart.o
                0x0000000008009b7e                HAL_UART_ErrorCallback
 .text.UART_DMAAbortOnError
                0x0000000008009b80       0x14 Drivers/STM32H7xx_HAL_Driver/Src/stm32h7xx_hal_uart.o
 .text.HAL_UARTEx_RxEventCallback
                0x0000000008009b94        0x2 Drivers/STM32H7xx_HAL_Driver/Src/stm32h7xx_hal_uart.o
                0x0000000008009b94                HAL_UARTEx_RxEventCallback
 *fill*         0x0000000008009b96        0x2 
 .text.HAL_UART_IRQHandler
                0x0000000008009b98      0x2c4 Drivers/STM32H7xx_HAL_Driver/Src/stm32h7xx_hal_uart.o
                0x0000000008009b98                HAL_UART_IRQHandler
 .text.UART_RxISR_8BIT
                0x0000000008009e5c       0x7a Drivers/STM32H7xx_HAL_Driver/Src/stm32h7xx_hal_uart.o
 .text.UART_RxISR_16BIT
                0x0000000008009ed6       0x76 Drivers/STM32H7xx_HAL_Driver/Src/stm32h7xx_hal_uart.o
 .text.UART_RxISR_8BIT_FIFOEN
                0x0000000008009f4c      0x138 Drivers/STM32H7xx_HAL_Driver/Src/stm32h7xx_hal_uart.o
 .text.UART_RxISR_16BIT_FIFOEN
                0x000000000800a084      0x134 Drivers/STM32H7xx_HAL_Driver/Src/stm32h7xx_hal_uart.o
 .text.UART_SetConfig
                0x000000000800a1b8      0x39c Drivers/STM32H7xx_HAL_Driver/Src/stm32h7xx_hal_uart.o
                0x000000000800a1b8                UART_SetConfig
 .text.UART_AdvFeatureConfig
                0x000000000800a554       0xaa Drivers/STM32H7xx_HAL_Driver/Src/stm32h7xx_hal_uart.o
                0x000000000800a554                UART_AdvFeatureConfig
 .text.UART_WaitOnFlagUntilTimeout
                0x000000000800a5fe       0x94 Drivers/STM32H7xx_HAL_Driver/Src/stm32h7xx_hal_uart.o
                0x000000000800a5fe                UART_WaitOnFlagUntilTimeout
 .text.HAL_UART_Transmit
                0x000000000800a692       0xba Drivers/STM32H7xx_HAL_Driver/Src/stm32h7xx_hal_uart.o
                0x000000000800a692                HAL_UART_Transmit
 .text.UART_CheckIdleState
                0x000000000800a74c       0x6a Drivers/STM32H7xx_HAL_Driver/Src/stm32h7xx_hal_uart.o
                0x000000000800a74c                UART_CheckIdleState
 .text.HAL_UART_Init
                0x000000000800a7b6       0x60 Drivers/STM32H7xx_HAL_Driver/Src/stm32h7xx_hal_uart.o
                0x000000000800a7b6                HAL_UART_Init
 *fill*         0x000000000800a816        0x2 
 .text.UART_Start_Receive_IT
                0x000000000800a818       0xd4 Drivers/STM32H7xx_HAL_Driver/Src/stm32h7xx_hal_uart.o
                0x000000000800a818                UART_Start_Receive_IT
 .text.HAL_UART_Receive_IT
                0x000000000800a8ec       0x50 Drivers/STM32H7xx_HAL_Driver/Src/stm32h7xx_hal_uart.o
                0x000000000800a8ec                HAL_UART_Receive_IT
 .text.UARTEx_SetNbDataToProcess
                0x000000000800a93c       0x44 Drivers/STM32H7xx_HAL_Driver/Src/stm32h7xx_hal_uart_ex.o
 .text.HAL_UARTEx_WakeupCallback
                0x000000000800a980        0x2 Drivers/STM32H7xx_HAL_Driver/Src/stm32h7xx_hal_uart_ex.o
                0x000000000800a980                HAL_UARTEx_WakeupCallback
 .text.HAL_UARTEx_RxFifoFullCallback
                0x000000000800a982        0x2 Drivers/STM32H7xx_HAL_Driver/Src/stm32h7xx_hal_uart_ex.o
                0x000000000800a982                HAL_UARTEx_RxFifoFullCallback
 .text.HAL_UARTEx_TxFifoEmptyCallback
                0x000000000800a984        0x2 Drivers/STM32H7xx_HAL_Driver/Src/stm32h7xx_hal_uart_ex.o
                0x000000000800a984                HAL_UARTEx_TxFifoEmptyCallback
 .text.HAL_UARTEx_DisableFifoMode
                0x000000000800a986       0x36 Drivers/STM32H7xx_HAL_Driver/Src/stm32h7xx_hal_uart_ex.o
                0x000000000800a986                HAL_UARTEx_DisableFifoMode
 .text.HAL_UARTEx_SetTxFifoThreshold
                0x000000000800a9bc       0x48 Drivers/STM32H7xx_HAL_Driver/Src/stm32h7xx_hal_uart_ex.o
                0x000000000800a9bc                HAL_UARTEx_SetTxFifoThreshold
 .text.HAL_UARTEx_SetRxFifoThreshold
                0x000000000800aa04       0x48 Drivers/STM32H7xx_HAL_Driver/Src/stm32h7xx_hal_uart_ex.o
                0x000000000800aa04                HAL_UARTEx_SetRxFifoThreshold
 .text.SDMMC_Init
                0x000000000800aa4c       0x34 Drivers/STM32H7xx_HAL_Driver/Src/stm32h7xx_ll_sdmmc.o
                0x000000000800aa4c                SDMMC_Init
 .text.SDMMC_ReadFIFO
                0x000000000800aa80        0x6 Drivers/STM32H7xx_HAL_Driver/Src/stm32h7xx_ll_sdmmc.o
                0x000000000800aa80                SDMMC_ReadFIFO
 .text.SDMMC_PowerState_ON
                0x000000000800aa86        0xc Drivers/STM32H7xx_HAL_Driver/Src/stm32h7xx_ll_sdmmc.o
                0x000000000800aa86                SDMMC_PowerState_ON
 .text.SDMMC_GetPowerState
                0x000000000800aa92        0x8 Drivers/STM32H7xx_HAL_Driver/Src/stm32h7xx_ll_sdmmc.o
                0x000000000800aa92                SDMMC_GetPowerState
 *fill*         0x000000000800aa9a        0x2 
 .text.SDMMC_SendCommand
                0x000000000800aa9c       0x28 Drivers/STM32H7xx_HAL_Driver/Src/stm32h7xx_ll_sdmmc.o
                0x000000000800aa9c                SDMMC_SendCommand
 .text.SDMMC_GetResponse
                0x000000000800aac4        0x6 Drivers/STM32H7xx_HAL_Driver/Src/stm32h7xx_ll_sdmmc.o
                0x000000000800aac4                SDMMC_GetResponse
 .text.SDMMC_ConfigData
                0x000000000800aaca       0x26 Drivers/STM32H7xx_HAL_Driver/Src/stm32h7xx_ll_sdmmc.o
                0x000000000800aaca                SDMMC_ConfigData
 .text.SDMMC_CmdGoIdleState
                0x000000000800aaf0       0x50 Drivers/STM32H7xx_HAL_Driver/Src/stm32h7xx_ll_sdmmc.o
                0x000000000800aaf0                SDMMC_CmdGoIdleState
 .text.SDMMC_GetCmdResp1
                0x000000000800ab40      0x128 Drivers/STM32H7xx_HAL_Driver/Src/stm32h7xx_ll_sdmmc.o
                0x000000000800ab40                SDMMC_GetCmdResp1
 .text.SDMMC_CmdBlockLength
                0x000000000800ac68       0x32 Drivers/STM32H7xx_HAL_Driver/Src/stm32h7xx_ll_sdmmc.o
                0x000000000800ac68                SDMMC_CmdBlockLength
 .text.SDMMC_CmdSelDesel
                0x000000000800ac9a       0x32 Drivers/STM32H7xx_HAL_Driver/Src/stm32h7xx_ll_sdmmc.o
                0x000000000800ac9a                SDMMC_CmdSelDesel
 .text.SDMMC_CmdAppCommand
                0x000000000800accc       0x32 Drivers/STM32H7xx_HAL_Driver/Src/stm32h7xx_ll_sdmmc.o
                0x000000000800accc                SDMMC_CmdAppCommand
 .text.SDMMC_CmdBusWidth
                0x000000000800acfe       0x32 Drivers/STM32H7xx_HAL_Driver/Src/stm32h7xx_ll_sdmmc.o
                0x000000000800acfe                SDMMC_CmdBusWidth
 .text.SDMMC_CmdSendSCR
                0x000000000800ad30       0x32 Drivers/STM32H7xx_HAL_Driver/Src/stm32h7xx_ll_sdmmc.o
                0x000000000800ad30                SDMMC_CmdSendSCR
 .text.SDMMC_CmdSendStatus
                0x000000000800ad62       0x32 Drivers/STM32H7xx_HAL_Driver/Src/stm32h7xx_ll_sdmmc.o
                0x000000000800ad62                SDMMC_CmdSendStatus
 .text.SDMMC_CmdStatusRegister
                0x000000000800ad94       0x32 Drivers/STM32H7xx_HAL_Driver/Src/stm32h7xx_ll_sdmmc.o
                0x000000000800ad94                SDMMC_CmdStatusRegister
 .text.SDMMC_CmdVoltageSwitch
                0x000000000800adc6       0x32 Drivers/STM32H7xx_HAL_Driver/Src/stm32h7xx_ll_sdmmc.o
                0x000000000800adc6                SDMMC_CmdVoltageSwitch
 .text.SDMMC_GetCmdResp2
                0x000000000800adf8       0x50 Drivers/STM32H7xx_HAL_Driver/Src/stm32h7xx_ll_sdmmc.o
                0x000000000800adf8                SDMMC_GetCmdResp2
 .text.SDMMC_CmdSendCID
                0x000000000800ae48       0x2c Drivers/STM32H7xx_HAL_Driver/Src/stm32h7xx_ll_sdmmc.o
                0x000000000800ae48                SDMMC_CmdSendCID
 .text.SDMMC_CmdSendCSD
                0x000000000800ae74       0x2c Drivers/STM32H7xx_HAL_Driver/Src/stm32h7xx_ll_sdmmc.o
                0x000000000800ae74                SDMMC_CmdSendCSD
 .text.SDMMC_GetCmdResp3
                0x000000000800aea0       0x48 Drivers/STM32H7xx_HAL_Driver/Src/stm32h7xx_ll_sdmmc.o
                0x000000000800aea0                SDMMC_GetCmdResp3
 .text.SDMMC_CmdAppOperCommand
                0x000000000800aee8       0x2c Drivers/STM32H7xx_HAL_Driver/Src/stm32h7xx_ll_sdmmc.o
                0x000000000800aee8                SDMMC_CmdAppOperCommand
 .text.SDMMC_GetCmdResp6
                0x000000000800af14       0x88 Drivers/STM32H7xx_HAL_Driver/Src/stm32h7xx_ll_sdmmc.o
                0x000000000800af14                SDMMC_GetCmdResp6
 .text.SDMMC_CmdSetRelAdd
                0x000000000800af9c       0x32 Drivers/STM32H7xx_HAL_Driver/Src/stm32h7xx_ll_sdmmc.o
                0x000000000800af9c                SDMMC_CmdSetRelAdd
 *fill*         0x000000000800afce        0x2 
 .text.SDMMC_GetCmdResp7
                0x000000000800afd0       0x54 Drivers/STM32H7xx_HAL_Driver/Src/stm32h7xx_ll_sdmmc.o
                0x000000000800afd0                SDMMC_GetCmdResp7
 .text.SDMMC_CmdOperCond
                0x000000000800b024       0x30 Drivers/STM32H7xx_HAL_Driver/Src/stm32h7xx_ll_sdmmc.o
                0x000000000800b024                SDMMC_CmdOperCond
 .text.atof     0x000000000800b054        0x6 e:/stm32cubeide_1.6.1/stm32cubeide/plugins/com.st.stm32cube.ide.mcu.externaltools.gnu-tools-for-stm32.9-2020-q2-update.win32_1.5.0.202011040924/tools/bin/../lib/gcc/arm-none-eabi/9.3.1/../../../../arm-none-eabi/lib/thumb/v7e-m+dp/hard\libc_nano.a(lib_a-atof.o)
                0x000000000800b054                atof
 .text.atoi     0x000000000800b05a        0x8 e:/stm32cubeide_1.6.1/stm32cubeide/plugins/com.st.stm32cube.ide.mcu.externaltools.gnu-tools-for-stm32.9-2020-q2-update.win32_1.5.0.202011040924/tools/bin/../lib/gcc/arm-none-eabi/9.3.1/../../../../arm-none-eabi/lib/thumb/v7e-m+dp/hard\libc_nano.a(lib_a-atoi.o)
                0x000000000800b05a                atoi
 *fill*         0x000000000800b062        0x2 
 .text.__errno  0x000000000800b064        0xc e:/stm32cubeide_1.6.1/stm32cubeide/plugins/com.st.stm32cube.ide.mcu.externaltools.gnu-tools-for-stm32.9-2020-q2-update.win32_1.5.0.202011040924/tools/bin/../lib/gcc/arm-none-eabi/9.3.1/../../../../arm-none-eabi/lib/thumb/v7e-m+dp/hard\libc_nano.a(lib_a-errno.o)
                0x000000000800b064                __errno
 .text.__libc_init_array
                0x000000000800b070       0x48 e:/stm32cubeide_1.6.1/stm32cubeide/plugins/com.st.stm32cube.ide.mcu.externaltools.gnu-tools-for-stm32.9-2020-q2-update.win32_1.5.0.202011040924/tools/bin/../lib/gcc/arm-none-eabi/9.3.1/../../../../arm-none-eabi/lib/thumb/v7e-m+dp/hard\libc_nano.a(lib_a-init.o)
                0x000000000800b070                __libc_init_array
 .text.__itoa   0x000000000800b0b8       0x30 e:/stm32cubeide_1.6.1/stm32cubeide/plugins/com.st.stm32cube.ide.mcu.externaltools.gnu-tools-for-stm32.9-2020-q2-update.win32_1.5.0.202011040924/tools/bin/../lib/gcc/arm-none-eabi/9.3.1/../../../../arm-none-eabi/lib/thumb/v7e-m+dp/hard\libc_nano.a(lib_a-itoa.o)
                0x000000000800b0b8                __itoa
 .text.itoa     0x000000000800b0e8        0x4 e:/stm32cubeide_1.6.1/stm32cubeide/plugins/com.st.stm32cube.ide.mcu.externaltools.gnu-tools-for-stm32.9-2020-q2-update.win32_1.5.0.202011040924/tools/bin/../lib/gcc/arm-none-eabi/9.3.1/../../../../arm-none-eabi/lib/thumb/v7e-m+dp/hard\libc_nano.a(lib_a-itoa.o)
                0x000000000800b0e8                itoa
 .text.memset   0x000000000800b0ec       0x10 e:/stm32cubeide_1.6.1/stm32cubeide/plugins/com.st.stm32cube.ide.mcu.externaltools.gnu-tools-for-stm32.9-2020-q2-update.win32_1.5.0.202011040924/tools/bin/../lib/gcc/arm-none-eabi/9.3.1/../../../../arm-none-eabi/lib/thumb/v7e-m+dp/hard\libc_nano.a(lib_a-memset.o)
                0x000000000800b0ec                memset
 .text.sprintf  0x000000000800b0fc       0x40 e:/stm32cubeide_1.6.1/stm32cubeide/plugins/com.st.stm32cube.ide.mcu.externaltools.gnu-tools-for-stm32.9-2020-q2-update.win32_1.5.0.202011040924/tools/bin/../lib/gcc/arm-none-eabi/9.3.1/../../../../arm-none-eabi/lib/thumb/v7e-m+dp/hard\libc_nano.a(lib_a-sprintf.o)
                0x000000000800b0fc                siprintf
                0x000000000800b0fc                sprintf
 .text.strcat   0x000000000800b13c       0x1e e:/stm32cubeide_1.6.1/stm32cubeide/plugins/com.st.stm32cube.ide.mcu.externaltools.gnu-tools-for-stm32.9-2020-q2-update.win32_1.5.0.202011040924/tools/bin/../lib/gcc/arm-none-eabi/9.3.1/../../../../arm-none-eabi/lib/thumb/v7e-m+dp/hard\libc_nano.a(lib_a-strcat.o)
                0x000000000800b13c                strcat
 .text.strcpy   0x000000000800b15a       0x10 e:/stm32cubeide_1.6.1/stm32cubeide/plugins/com.st.stm32cube.ide.mcu.externaltools.gnu-tools-for-stm32.9-2020-q2-update.win32_1.5.0.202011040924/tools/bin/../lib/gcc/arm-none-eabi/9.3.1/../../../../arm-none-eabi/lib/thumb/v7e-m+dp/hard\libc_nano.a(lib_a-strcpy.o)
                0x000000000800b15a                strcpy
 .text.sulp     0x000000000800b16a       0x34 e:/stm32cubeide_1.6.1/stm32cubeide/plugins/com.st.stm32cube.ide.mcu.externaltools.gnu-tools-for-stm32.9-2020-q2-update.win32_1.5.0.202011040924/tools/bin/../lib/gcc/arm-none-eabi/9.3.1/../../../../arm-none-eabi/lib/thumb/v7e-m+dp/hard\libc_nano.a(lib_a-strtod.o)
 *fill*         0x000000000800b19e        0x2 
 .text._strtod_l
                0x000000000800b1a0      0xbac e:/stm32cubeide_1.6.1/stm32cubeide/plugins/com.st.stm32cube.ide.mcu.externaltools.gnu-tools-for-stm32.9-2020-q2-update.win32_1.5.0.202011040924/tools/bin/../lib/gcc/arm-none-eabi/9.3.1/../../../../arm-none-eabi/lib/thumb/v7e-m+dp/hard\libc_nano.a(lib_a-strtod.o)
                0x000000000800b1a0                _strtod_l
 .text.strtod   0x000000000800bd4c       0x18 e:/stm32cubeide_1.6.1/stm32cubeide/plugins/com.st.stm32cube.ide.mcu.externaltools.gnu-tools-for-stm32.9-2020-q2-update.win32_1.5.0.202011040924/tools/bin/../lib/gcc/arm-none-eabi/9.3.1/../../../../arm-none-eabi/lib/thumb/v7e-m+dp/hard\libc_nano.a(lib_a-strtod.o)
                0x000000000800bd4c                strtod
 .text._strtol_l.isra.0
                0x000000000800bd64      0x108 e:/stm32cubeide_1.6.1/stm32cubeide/plugins/com.st.stm32cube.ide.mcu.externaltools.gnu-tools-for-stm32.9-2020-q2-update.win32_1.5.0.202011040924/tools/bin/../lib/gcc/arm-none-eabi/9.3.1/../../../../arm-none-eabi/lib/thumb/v7e-m+dp/hard\libc_nano.a(lib_a-strtol.o)
 .text.strtol   0x000000000800be6c       0x14 e:/stm32cubeide_1.6.1/stm32cubeide/plugins/com.st.stm32cube.ide.mcu.externaltools.gnu-tools-for-stm32.9-2020-q2-update.win32_1.5.0.202011040924/tools/bin/../lib/gcc/arm-none-eabi/9.3.1/../../../../arm-none-eabi/lib/thumb/v7e-m+dp/hard\libc_nano.a(lib_a-strtol.o)
                0x000000000800be6c                strtol
 .text.__utoa   0x000000000800be80       0x84 e:/stm32cubeide_1.6.1/stm32cubeide/plugins/com.st.stm32cube.ide.mcu.externaltools.gnu-tools-for-stm32.9-2020-q2-update.win32_1.5.0.202011040924/tools/bin/../lib/gcc/arm-none-eabi/9.3.1/../../../../arm-none-eabi/lib/thumb/v7e-m+dp/hard\libc_nano.a(lib_a-utoa.o)
                0x000000000800be80                __utoa
 .text.rshift   0x000000000800bf04       0xa4 e:/stm32cubeide_1.6.1/stm32cubeide/plugins/com.st.stm32cube.ide.mcu.externaltools.gnu-tools-for-stm32.9-2020-q2-update.win32_1.5.0.202011040924/tools/bin/../lib/gcc/arm-none-eabi/9.3.1/../../../../arm-none-eabi/lib/thumb/v7e-m+dp/hard\libc_nano.a(lib_a-gdtoa-gethex.o)
 .text.__hexdig_fun
                0x000000000800bfa8       0x2a e:/stm32cubeide_1.6.1/stm32cubeide/plugins/com.st.stm32cube.ide.mcu.externaltools.gnu-tools-for-stm32.9-2020-q2-update.win32_1.5.0.202011040924/tools/bin/../lib/gcc/arm-none-eabi/9.3.1/../../../../arm-none-eabi/lib/thumb/v7e-m+dp/hard\libc_nano.a(lib_a-gdtoa-gethex.o)
                0x000000000800bfa8                __hexdig_fun
 *fill*         0x000000000800bfd2        0x2 
 .text.__gethex
                0x000000000800bfd4      0x48c e:/stm32cubeide_1.6.1/stm32cubeide/plugins/com.st.stm32cube.ide.mcu.externaltools.gnu-tools-for-stm32.9-2020-q2-update.win32_1.5.0.202011040924/tools/bin/../lib/gcc/arm-none-eabi/9.3.1/../../../../arm-none-eabi/lib/thumb/v7e-m+dp/hard\libc_nano.a(lib_a-gdtoa-gethex.o)
                0x000000000800bfd4                __gethex
 .text.L_shift  0x000000000800c460       0x24 e:/stm32cubeide_1.6.1/stm32cubeide/plugins/com.st.stm32cube.ide.mcu.externaltools.gnu-tools-for-stm32.9-2020-q2-update.win32_1.5.0.202011040924/tools/bin/../lib/gcc/arm-none-eabi/9.3.1/../../../../arm-none-eabi/lib/thumb/v7e-m+dp/hard\libc_nano.a(lib_a-gdtoa-hexnan.o)
 .text.__match  0x000000000800c484       0x28 e:/stm32cubeide_1.6.1/stm32cubeide/plugins/com.st.stm32cube.ide.mcu.externaltools.gnu-tools-for-stm32.9-2020-q2-update.win32_1.5.0.202011040924/tools/bin/../lib/gcc/arm-none-eabi/9.3.1/../../../../arm-none-eabi/lib/thumb/v7e-m+dp/hard\libc_nano.a(lib_a-gdtoa-hexnan.o)
                0x000000000800c484                __match
 .text.__hexnan
                0x000000000800c4ac      0x138 e:/stm32cubeide_1.6.1/stm32cubeide/plugins/com.st.stm32cube.ide.mcu.externaltools.gnu-tools-for-stm32.9-2020-q2-update.win32_1.5.0.202011040924/tools/bin/../lib/gcc/arm-none-eabi/9.3.1/../../../../arm-none-eabi/lib/thumb/v7e-m+dp/hard\libc_nano.a(lib_a-gdtoa-hexnan.o)
                0x000000000800c4ac                __hexnan
 .text.__ascii_mbtowc
                0x000000000800c5e4       0x24 e:/stm32cubeide_1.6.1/stm32cubeide/plugins/com.st.stm32cube.ide.mcu.externaltools.gnu-tools-for-stm32.9-2020-q2-update.win32_1.5.0.202011040924/tools/bin/../lib/gcc/arm-none-eabi/9.3.1/../../../../arm-none-eabi/lib/thumb/v7e-m+dp/hard\libc_nano.a(lib_a-mbtowc_r.o)
                0x000000000800c5e4                __ascii_mbtowc
 .text.memcpy   0x000000000800c608       0x1c e:/stm32cubeide_1.6.1/stm32cubeide/plugins/com.st.stm32cube.ide.mcu.externaltools.gnu-tools-for-stm32.9-2020-q2-update.win32_1.5.0.202011040924/tools/bin/../lib/gcc/arm-none-eabi/9.3.1/../../../../arm-none-eabi/lib/thumb/v7e-m+dp/hard\libc_nano.a(lib_a-memcpy-stub.o)
                0x000000000800c608                memcpy
 .text._Balloc  0x000000000800c624       0x80 e:/stm32cubeide_1.6.1/stm32cubeide/plugins/com.st.stm32cube.ide.mcu.externaltools.gnu-tools-for-stm32.9-2020-q2-update.win32_1.5.0.202011040924/tools/bin/../lib/gcc/arm-none-eabi/9.3.1/../../../../arm-none-eabi/lib/thumb/v7e-m+dp/hard\libc_nano.a(lib_a-mprec.o)
                0x000000000800c624                _Balloc
 .text._Bfree   0x000000000800c6a4       0x44 e:/stm32cubeide_1.6.1/stm32cubeide/plugins/com.st.stm32cube.ide.mcu.externaltools.gnu-tools-for-stm32.9-2020-q2-update.win32_1.5.0.202011040924/tools/bin/../lib/gcc/arm-none-eabi/9.3.1/../../../../arm-none-eabi/lib/thumb/v7e-m+dp/hard\libc_nano.a(lib_a-mprec.o)
                0x000000000800c6a4                _Bfree
 .text.__multadd
                0x000000000800c6e8       0x94 e:/stm32cubeide_1.6.1/stm32cubeide/plugins/com.st.stm32cube.ide.mcu.externaltools.gnu-tools-for-stm32.9-2020-q2-update.win32_1.5.0.202011040924/tools/bin/../lib/gcc/arm-none-eabi/9.3.1/../../../../arm-none-eabi/lib/thumb/v7e-m+dp/hard\libc_nano.a(lib_a-mprec.o)
                0x000000000800c6e8                __multadd
 .text.__s2b    0x000000000800c77c       0x94 e:/stm32cubeide_1.6.1/stm32cubeide/plugins/com.st.stm32cube.ide.mcu.externaltools.gnu-tools-for-stm32.9-2020-q2-update.win32_1.5.0.202011040924/tools/bin/../lib/gcc/arm-none-eabi/9.3.1/../../../../arm-none-eabi/lib/thumb/v7e-m+dp/hard\libc_nano.a(lib_a-mprec.o)
                0x000000000800c77c                __s2b
 .text.__hi0bits
                0x000000000800c810       0x40 e:/stm32cubeide_1.6.1/stm32cubeide/plugins/com.st.stm32cube.ide.mcu.externaltools.gnu-tools-for-stm32.9-2020-q2-update.win32_1.5.0.202011040924/tools/bin/../lib/gcc/arm-none-eabi/9.3.1/../../../../arm-none-eabi/lib/thumb/v7e-m+dp/hard\libc_nano.a(lib_a-mprec.o)
                0x000000000800c810                __hi0bits
 .text.__lo0bits
                0x000000000800c850       0x60 e:/stm32cubeide_1.6.1/stm32cubeide/plugins/com.st.stm32cube.ide.mcu.externaltools.gnu-tools-for-stm32.9-2020-q2-update.win32_1.5.0.202011040924/tools/bin/../lib/gcc/arm-none-eabi/9.3.1/../../../../arm-none-eabi/lib/thumb/v7e-m+dp/hard\libc_nano.a(lib_a-mprec.o)
                0x000000000800c850                __lo0bits
 .text.__i2b    0x000000000800c8b0       0x2c e:/stm32cubeide_1.6.1/stm32cubeide/plugins/com.st.stm32cube.ide.mcu.externaltools.gnu-tools-for-stm32.9-2020-q2-update.win32_1.5.0.202011040924/tools/bin/../lib/gcc/arm-none-eabi/9.3.1/../../../../arm-none-eabi/lib/thumb/v7e-m+dp/hard\libc_nano.a(lib_a-mprec.o)
                0x000000000800c8b0                __i2b
 .text.__multiply
                0x000000000800c8dc      0x14c e:/stm32cubeide_1.6.1/stm32cubeide/plugins/com.st.stm32cube.ide.mcu.externaltools.gnu-tools-for-stm32.9-2020-q2-update.win32_1.5.0.202011040924/tools/bin/../lib/gcc/arm-none-eabi/9.3.1/../../../../arm-none-eabi/lib/thumb/v7e-m+dp/hard\libc_nano.a(lib_a-mprec.o)
                0x000000000800c8dc                __multiply
 .text.__pow5mult
                0x000000000800ca28       0xb4 e:/stm32cubeide_1.6.1/stm32cubeide/plugins/com.st.stm32cube.ide.mcu.externaltools.gnu-tools-for-stm32.9-2020-q2-update.win32_1.5.0.202011040924/tools/bin/../lib/gcc/arm-none-eabi/9.3.1/../../../../arm-none-eabi/lib/thumb/v7e-m+dp/hard\libc_nano.a(lib_a-mprec.o)
                0x000000000800ca28                __pow5mult
 .text.__lshift
                0x000000000800cadc       0xd8 e:/stm32cubeide_1.6.1/stm32cubeide/plugins/com.st.stm32cube.ide.mcu.externaltools.gnu-tools-for-stm32.9-2020-q2-update.win32_1.5.0.202011040924/tools/bin/../lib/gcc/arm-none-eabi/9.3.1/../../../../arm-none-eabi/lib/thumb/v7e-m+dp/hard\libc_nano.a(lib_a-mprec.o)
                0x000000000800cadc                __lshift
 .text.__mcmp   0x000000000800cbb4       0x38 e:/stm32cubeide_1.6.1/stm32cubeide/plugins/com.st.stm32cube.ide.mcu.externaltools.gnu-tools-for-stm32.9-2020-q2-update.win32_1.5.0.202011040924/tools/bin/../lib/gcc/arm-none-eabi/9.3.1/../../../../arm-none-eabi/lib/thumb/v7e-m+dp/hard\libc_nano.a(lib_a-mprec.o)
                0x000000000800cbb4                __mcmp
 .text.__mdiff  0x000000000800cbec      0x110 e:/stm32cubeide_1.6.1/stm32cubeide/plugins/com.st.stm32cube.ide.mcu.externaltools.gnu-tools-for-stm32.9-2020-q2-update.win32_1.5.0.202011040924/tools/bin/../lib/gcc/arm-none-eabi/9.3.1/../../../../arm-none-eabi/lib/thumb/v7e-m+dp/hard\libc_nano.a(lib_a-mprec.o)
                0x000000000800cbec                __mdiff
 .text.__ulp    0x000000000800ccfc       0x58 e:/stm32cubeide_1.6.1/stm32cubeide/plugins/com.st.stm32cube.ide.mcu.externaltools.gnu-tools-for-stm32.9-2020-q2-update.win32_1.5.0.202011040924/tools/bin/../lib/gcc/arm-none-eabi/9.3.1/../../../../arm-none-eabi/lib/thumb/v7e-m+dp/hard\libc_nano.a(lib_a-mprec.o)
                0x000000000800ccfc                __ulp
 .text.__b2d    0x000000000800cd54       0xa0 e:/stm32cubeide_1.6.1/stm32cubeide/plugins/com.st.stm32cube.ide.mcu.externaltools.gnu-tools-for-stm32.9-2020-q2-update.win32_1.5.0.202011040924/tools/bin/../lib/gcc/arm-none-eabi/9.3.1/../../../../arm-none-eabi/lib/thumb/v7e-m+dp/hard\libc_nano.a(lib_a-mprec.o)
                0x000000000800cd54                __b2d
 .text.__d2b    0x000000000800cdf4       0xb8 e:/stm32cubeide_1.6.1/stm32cubeide/plugins/com.st.stm32cube.ide.mcu.externaltools.gnu-tools-for-stm32.9-2020-q2-update.win32_1.5.0.202011040924/tools/bin/../lib/gcc/arm-none-eabi/9.3.1/../../../../arm-none-eabi/lib/thumb/v7e-m+dp/hard\libc_nano.a(lib_a-mprec.o)
                0x000000000800cdf4                __d2b
 .text.__ratio  0x000000000800ceac       0x68 e:/stm32cubeide_1.6.1/stm32cubeide/plugins/com.st.stm32cube.ide.mcu.externaltools.gnu-tools-for-stm32.9-2020-q2-update.win32_1.5.0.202011040924/tools/bin/../lib/gcc/arm-none-eabi/9.3.1/../../../../arm-none-eabi/lib/thumb/v7e-m+dp/hard\libc_nano.a(lib_a-mprec.o)
                0x000000000800ceac                __ratio
 .text.__copybits
                0x000000000800cf14       0x46 e:/stm32cubeide_1.6.1/stm32cubeide/plugins/com.st.stm32cube.ide.mcu.externaltools.gnu-tools-for-stm32.9-2020-q2-update.win32_1.5.0.202011040924/tools/bin/../lib/gcc/arm-none-eabi/9.3.1/../../../../arm-none-eabi/lib/thumb/v7e-m+dp/hard\libc_nano.a(lib_a-mprec.o)
                0x000000000800cf14                __copybits
 .text.__any_on
                0x000000000800cf5a       0x42 e:/stm32cubeide_1.6.1/stm32cubeide/plugins/com.st.stm32cube.ide.mcu.externaltools.gnu-tools-for-stm32.9-2020-q2-update.win32_1.5.0.202011040924/tools/bin/../lib/gcc/arm-none-eabi/9.3.1/../../../../arm-none-eabi/lib/thumb/v7e-m+dp/hard\libc_nano.a(lib_a-mprec.o)
                0x000000000800cf5a                __any_on
 .text._calloc_r
                0x000000000800cf9c       0x1e e:/stm32cubeide_1.6.1/stm32cubeide/plugins/com.st.stm32cube.ide.mcu.externaltools.gnu-tools-for-stm32.9-2020-q2-update.win32_1.5.0.202011040924/tools/bin/../lib/gcc/arm-none-eabi/9.3.1/../../../../arm-none-eabi/lib/thumb/v7e-m+dp/hard\libc_nano.a(lib_a-nano-callocr.o)
                0x000000000800cf9c                _calloc_r
 *fill*         0x000000000800cfba        0x2 
 .text._malloc_r
                0x000000000800cfbc       0xb4 e:/stm32cubeide_1.6.1/stm32cubeide/plugins/com.st.stm32cube.ide.mcu.externaltools.gnu-tools-for-stm32.9-2020-q2-update.win32_1.5.0.202011040924/tools/bin/../lib/gcc/arm-none-eabi/9.3.1/../../../../arm-none-eabi/lib/thumb/v7e-m+dp/hard\libc_nano.a(lib_a-nano-mallocr.o)
                0x000000000800cfbc                _malloc_r
 .text.__ssputs_r
                0x000000000800d070       0xb6 e:/stm32cubeide_1.6.1/stm32cubeide/plugins/com.st.stm32cube.ide.mcu.externaltools.gnu-tools-for-stm32.9-2020-q2-update.win32_1.5.0.202011040924/tools/bin/../lib/gcc/arm-none-eabi/9.3.1/../../../../arm-none-eabi/lib/thumb/v7e-m+dp/hard\libc_nano.a(lib_a-nano-svfprintf.o)
                0x000000000800d070                __ssputs_r
 *fill*         0x000000000800d126        0x2 
 .text._svfprintf_r
                0x000000000800d128      0x200 e:/stm32cubeide_1.6.1/stm32cubeide/plugins/com.st.stm32cube.ide.mcu.externaltools.gnu-tools-for-stm32.9-2020-q2-update.win32_1.5.0.202011040924/tools/bin/../lib/gcc/arm-none-eabi/9.3.1/../../../../arm-none-eabi/lib/thumb/v7e-m+dp/hard\libc_nano.a(lib_a-nano-svfprintf.o)
                0x000000000800d128                _svfiprintf_r
                0x000000000800d128                _svfprintf_r
 .text._printf_common
                0x000000000800d328       0xda e:/stm32cubeide_1.6.1/stm32cubeide/plugins/com.st.stm32cube.ide.mcu.externaltools.gnu-tools-for-stm32.9-2020-q2-update.win32_1.5.0.202011040924/tools/bin/../lib/gcc/arm-none-eabi/9.3.1/../../../../arm-none-eabi/lib/thumb/v7e-m+dp/hard\libc_nano.a(lib_a-nano-vfprintf_i.o)
                0x000000000800d328                _printf_common
 *fill*         0x000000000800d402        0x2 
 .text._printf_i
                0x000000000800d404      0x24c e:/stm32cubeide_1.6.1/stm32cubeide/plugins/com.st.stm32cube.ide.mcu.externaltools.gnu-tools-for-stm32.9-2020-q2-update.win32_1.5.0.202011040924/tools/bin/../lib/gcc/arm-none-eabi/9.3.1/../../../../arm-none-eabi/lib/thumb/v7e-m+dp/hard\libc_nano.a(lib_a-nano-vfprintf_i.o)
                0x000000000800d404                _printf_i
 .text.nan      0x000000000800d650       0x10 e:/stm32cubeide_1.6.1/stm32cubeide/plugins/com.st.stm32cube.ide.mcu.externaltools.gnu-tools-for-stm32.9-2020-q2-update.win32_1.5.0.202011040924/tools/bin/../lib/gcc/arm-none-eabi/9.3.1/../../../../arm-none-eabi/lib/thumb/v7e-m+dp/hard\libc_nano.a(lib_a-s_nan.o)
                0x000000000800d650                nan
 .text._sbrk_r  0x000000000800d660       0x20 e:/stm32cubeide_1.6.1/stm32cubeide/plugins/com.st.stm32cube.ide.mcu.externaltools.gnu-tools-for-stm32.9-2020-q2-update.win32_1.5.0.202011040924/tools/bin/../lib/gcc/arm-none-eabi/9.3.1/../../../../arm-none-eabi/lib/thumb/v7e-m+dp/hard\libc_nano.a(lib_a-sbrkr.o)
                0x000000000800d660                _sbrk_r
 .text.strncmp  0x000000000800d680       0x24 e:/stm32cubeide_1.6.1/stm32cubeide/plugins/com.st.stm32cube.ide.mcu.externaltools.gnu-tools-for-stm32.9-2020-q2-update.win32_1.5.0.202011040924/tools/bin/../lib/gcc/arm-none-eabi/9.3.1/../../../../arm-none-eabi/lib/thumb/v7e-m+dp/hard\libc_nano.a(lib_a-strncmp.o)
                0x000000000800d680                strncmp
 .text.__ascii_wctomb
                0x000000000800d6a4       0x1a e:/stm32cubeide_1.6.1/stm32cubeide/plugins/com.st.stm32cube.ide.mcu.externaltools.gnu-tools-for-stm32.9-2020-q2-update.win32_1.5.0.202011040924/tools/bin/../lib/gcc/arm-none-eabi/9.3.1/../../../../arm-none-eabi/lib/thumb/v7e-m+dp/hard\libc_nano.a(lib_a-wctomb_r.o)
                0x000000000800d6a4                __ascii_wctomb
 *fill*         0x000000000800d6be        0x2 
 .text.__assert_func
                0x000000000800d6c0       0x3c e:/stm32cubeide_1.6.1/stm32cubeide/plugins/com.st.stm32cube.ide.mcu.externaltools.gnu-tools-for-stm32.9-2020-q2-update.win32_1.5.0.202011040924/tools/bin/../lib/gcc/arm-none-eabi/9.3.1/../../../../arm-none-eabi/lib/thumb/v7e-m+dp/hard\libc_nano.a(lib_a-assert.o)
                0x000000000800d6c0                __assert_func
 .text.fprintf  0x000000000800d6fc       0x24 e:/stm32cubeide_1.6.1/stm32cubeide/plugins/com.st.stm32cube.ide.mcu.externaltools.gnu-tools-for-stm32.9-2020-q2-update.win32_1.5.0.202011040924/tools/bin/../lib/gcc/arm-none-eabi/9.3.1/../../../../arm-none-eabi/lib/thumb/v7e-m+dp/hard\libc_nano.a(lib_a-fprintf.o)
                0x000000000800d6fc                fiprintf
                0x000000000800d6fc                fprintf
 .text.malloc   0x000000000800d720       0x10 e:/stm32cubeide_1.6.1/stm32cubeide/plugins/com.st.stm32cube.ide.mcu.externaltools.gnu-tools-for-stm32.9-2020-q2-update.win32_1.5.0.202011040924/tools/bin/../lib/gcc/arm-none-eabi/9.3.1/../../../../arm-none-eabi/lib/thumb/v7e-m+dp/hard\libc_nano.a(lib_a-malloc.o)
                0x000000000800d720                malloc
 .text.memmove  0x000000000800d730       0x34 e:/stm32cubeide_1.6.1/stm32cubeide/plugins/com.st.stm32cube.ide.mcu.externaltools.gnu-tools-for-stm32.9-2020-q2-update.win32_1.5.0.202011040924/tools/bin/../lib/gcc/arm-none-eabi/9.3.1/../../../../arm-none-eabi/lib/thumb/v7e-m+dp/hard\libc_nano.a(lib_a-memmove.o)
                0x000000000800d730                memmove
 .text.__malloc_lock
                0x000000000800d764        0xc e:/stm32cubeide_1.6.1/stm32cubeide/plugins/com.st.stm32cube.ide.mcu.externaltools.gnu-tools-for-stm32.9-2020-q2-update.win32_1.5.0.202011040924/tools/bin/../lib/gcc/arm-none-eabi/9.3.1/../../../../arm-none-eabi/lib/thumb/v7e-m+dp/hard\libc_nano.a(lib_a-mlock.o)
                0x000000000800d764                __malloc_lock
 .text.__malloc_unlock
                0x000000000800d770        0xc e:/stm32cubeide_1.6.1/stm32cubeide/plugins/com.st.stm32cube.ide.mcu.externaltools.gnu-tools-for-stm32.9-2020-q2-update.win32_1.5.0.202011040924/tools/bin/../lib/gcc/arm-none-eabi/9.3.1/../../../../arm-none-eabi/lib/thumb/v7e-m+dp/hard\libc_nano.a(lib_a-mlock.o)
                0x000000000800d770                __malloc_unlock
 .text._free_r  0x000000000800d77c       0xa0 e:/stm32cubeide_1.6.1/stm32cubeide/plugins/com.st.stm32cube.ide.mcu.externaltools.gnu-tools-for-stm32.9-2020-q2-update.win32_1.5.0.202011040924/tools/bin/../lib/gcc/arm-none-eabi/9.3.1/../../../../arm-none-eabi/lib/thumb/v7e-m+dp/hard\libc_nano.a(lib_a-nano-freer.o)
                0x000000000800d77c                _free_r
 .text._realloc_r
                0x000000000800d81c       0x4c e:/stm32cubeide_1.6.1/stm32cubeide/plugins/com.st.stm32cube.ide.mcu.externaltools.gnu-tools-for-stm32.9-2020-q2-update.win32_1.5.0.202011040924/tools/bin/../lib/gcc/arm-none-eabi/9.3.1/../../../../arm-none-eabi/lib/thumb/v7e-m+dp/hard\libc_nano.a(lib_a-nano-reallocr.o)
                0x000000000800d81c                _realloc_r
 .text.__sfputc_r
                0x000000000800d868       0x2e e:/stm32cubeide_1.6.1/stm32cubeide/plugins/com.st.stm32cube.ide.mcu.externaltools.gnu-tools-for-stm32.9-2020-q2-update.win32_1.5.0.202011040924/tools/bin/../lib/gcc/arm-none-eabi/9.3.1/../../../../arm-none-eabi/lib/thumb/v7e-m+dp/hard\libc_nano.a(lib_a-nano-vfprintf.o)
 .text.__sfputs_r
                0x000000000800d896       0x24 e:/stm32cubeide_1.6.1/stm32cubeide/plugins/com.st.stm32cube.ide.mcu.externaltools.gnu-tools-for-stm32.9-2020-q2-update.win32_1.5.0.202011040924/tools/bin/../lib/gcc/arm-none-eabi/9.3.1/../../../../arm-none-eabi/lib/thumb/v7e-m+dp/hard\libc_nano.a(lib_a-nano-vfprintf.o)
                0x000000000800d896                __sfputs_r
 *fill*         0x000000000800d8ba        0x2 
 .text._vfprintf_r
                0x000000000800d8bc      0x260 e:/stm32cubeide_1.6.1/stm32cubeide/plugins/com.st.stm32cube.ide.mcu.externaltools.gnu-tools-for-stm32.9-2020-q2-update.win32_1.5.0.202011040924/tools/bin/../lib/gcc/arm-none-eabi/9.3.1/../../../../arm-none-eabi/lib/thumb/v7e-m+dp/hard\libc_nano.a(lib_a-nano-vfprintf.o)
                0x000000000800d8bc                _vfprintf_r
                0x000000000800d8bc                _vfiprintf_r
 .text.__swbuf_r
                0x000000000800db1c       0xa4 e:/stm32cubeide_1.6.1/stm32cubeide/plugins/com.st.stm32cube.ide.mcu.externaltools.gnu-tools-for-stm32.9-2020-q2-update.win32_1.5.0.202011040924/tools/bin/../lib/gcc/arm-none-eabi/9.3.1/../../../../arm-none-eabi/lib/thumb/v7e-m+dp/hard\libc_nano.a(lib_a-wbuf.o)
                0x000000000800db1c                __swbuf_r
 .text.__swsetup_r
                0x000000000800dbc0       0xdc e:/stm32cubeide_1.6.1/stm32cubeide/plugins/com.st.stm32cube.ide.mcu.externaltools.gnu-tools-for-stm32.9-2020-q2-update.win32_1.5.0.202011040924/tools/bin/../lib/gcc/arm-none-eabi/9.3.1/../../../../arm-none-eabi/lib/thumb/v7e-m+dp/hard\libc_nano.a(lib_a-wsetup.o)
                0x000000000800dbc0                __swsetup_r
 .text.abort    0x000000000800dc9c        0xe e:/stm32cubeide_1.6.1/stm32cubeide/plugins/com.st.stm32cube.ide.mcu.externaltools.gnu-tools-for-stm32.9-2020-q2-update.win32_1.5.0.202011040924/tools/bin/../lib/gcc/arm-none-eabi/9.3.1/../../../../arm-none-eabi/lib/thumb/v7e-m+dp/hard\libc_nano.a(lib_a-abort.o)
                0x000000000800dc9c                abort
 *fill*         0x000000000800dcaa        0x2 
 .text.__sflush_r
                0x000000000800dcac      0x10c e:/stm32cubeide_1.6.1/stm32cubeide/plugins/com.st.stm32cube.ide.mcu.externaltools.gnu-tools-for-stm32.9-2020-q2-update.win32_1.5.0.202011040924/tools/bin/../lib/gcc/arm-none-eabi/9.3.1/../../../../arm-none-eabi/lib/thumb/v7e-m+dp/hard\libc_nano.a(lib_a-fflush.o)
                0x000000000800dcac                __sflush_r
 .text._fflush_r
                0x000000000800ddb8       0x78 e:/stm32cubeide_1.6.1/stm32cubeide/plugins/com.st.stm32cube.ide.mcu.externaltools.gnu-tools-for-stm32.9-2020-q2-update.win32_1.5.0.202011040924/tools/bin/../lib/gcc/arm-none-eabi/9.3.1/../../../../arm-none-eabi/lib/thumb/v7e-m+dp/hard\libc_nano.a(lib_a-fflush.o)
                0x000000000800ddb8                _fflush_r
 .text.std      0x000000000800de30       0x48 e:/stm32cubeide_1.6.1/stm32cubeide/plugins/com.st.stm32cube.ide.mcu.externaltools.gnu-tools-for-stm32.9-2020-q2-update.win32_1.5.0.202011040924/tools/bin/../lib/gcc/arm-none-eabi/9.3.1/../../../../arm-none-eabi/lib/thumb/v7e-m+dp/hard\libc_nano.a(lib_a-findfp.o)
 .text._cleanup_r
                0x000000000800de78        0xc e:/stm32cubeide_1.6.1/stm32cubeide/plugins/com.st.stm32cube.ide.mcu.externaltools.gnu-tools-for-stm32.9-2020-q2-update.win32_1.5.0.202011040924/tools/bin/../lib/gcc/arm-none-eabi/9.3.1/../../../../arm-none-eabi/lib/thumb/v7e-m+dp/hard\libc_nano.a(lib_a-findfp.o)
                0x000000000800de78                _cleanup_r
 .text.__sfmoreglue
                0x000000000800de84       0x2c e:/stm32cubeide_1.6.1/stm32cubeide/plugins/com.st.stm32cube.ide.mcu.externaltools.gnu-tools-for-stm32.9-2020-q2-update.win32_1.5.0.202011040924/tools/bin/../lib/gcc/arm-none-eabi/9.3.1/../../../../arm-none-eabi/lib/thumb/v7e-m+dp/hard\libc_nano.a(lib_a-findfp.o)
                0x000000000800de84                __sfmoreglue
 .text.__sfp_lock_acquire
                0x000000000800deb0        0xc e:/stm32cubeide_1.6.1/stm32cubeide/plugins/com.st.stm32cube.ide.mcu.externaltools.gnu-tools-for-stm32.9-2020-q2-update.win32_1.5.0.202011040924/tools/bin/../lib/gcc/arm-none-eabi/9.3.1/../../../../arm-none-eabi/lib/thumb/v7e-m+dp/hard\libc_nano.a(lib_a-findfp.o)
                0x000000000800deb0                __sfp_lock_acquire
 .text.__sfp_lock_release