Archive member included to satisfy reference by file (symbol)

e:/stm32cubeide_1.6.1/stm32cubeide/plugins/com.st.stm32cube.ide.mcu.externaltools.gnu-tools-for-stm32.9-2020-q2-update.win32_2.0.0.202105311346/tools/bin/../lib/gcc/arm-none-eabi/9.3.1/../../../../arm-none-eabi/lib/thumb/v7e-m+dp/hard\libc_nano.a(lib_a-atof.o)
                              ./Application/Src/HM10_BleModule.o (atof)
e:/stm32cubeide_1.6.1/stm32cubeide/plugins/com.st.stm32cube.ide.mcu.externaltools.gnu-tools-for-stm32.9-2020-q2-update.win32_2.0.0.202105311346/tools/bin/../lib/gcc/arm-none-eabi/9.3.1/../../../../arm-none-eabi/lib/thumb/v7e-m+dp/hard\libc_nano.a(lib_a-atoi.o)
                              ./Application/Src/HM10_BleModule.o (atoi)
e:/stm32cubeide_1.6.1/stm32cubeide/plugins/com.st.stm32cube.ide.mcu.externaltools.gnu-tools-for-stm32.9-2020-q2-update.win32_2.0.0.202105311346/tools/bin/../lib/gcc/arm-none-eabi/9.3.1/../../../../arm-none-eabi/lib/thumb/v7e-m+dp/hard\libc_nano.a(lib_a-errno.o)
                              ./Core/Src/syscalls.o (__errno)
e:/stm32cubeide_1.6.1/stm32cubeide/plugins/com.st.stm32cube.ide.mcu.externaltools.gnu-tools-for-stm32.9-2020-q2-update.win32_2.0.0.202105311346/tools/bin/../lib/gcc/arm-none-eabi/9.3.1/../../../../arm-none-eabi/lib/thumb/v7e-m+dp/hard\libc_nano.a(lib_a-exit.o)
                              e:/stm32cubeide_1.6.1/stm32cubeide/plugins/com.st.stm32cube.ide.mcu.externaltools.gnu-tools-for-stm32.9-2020-q2-update.win32_2.0.0.202105311346/tools/bin/../lib/gcc/arm-none-eabi/9.3.1/../../../../arm-none-eabi/lib/thumb/v7e-m+dp/hard/crt0.o (exit)
e:/stm32cubeide_1.6.1/stm32cubeide/plugins/com.st.stm32cube.ide.mcu.externaltools.gnu-tools-for-stm32.9-2020-q2-update.win32_2.0.0.202105311346/tools/bin/../lib/gcc/arm-none-eabi/9.3.1/../../../../arm-none-eabi/lib/thumb/v7e-m+dp/hard\libc_nano.a(lib_a-impure.o)
                              e:/stm32cubeide_1.6.1/stm32cubeide/plugins/com.st.stm32cube.ide.mcu.externaltools.gnu-tools-for-stm32.9-2020-q2-update.win32_2.0.0.202105311346/tools/bin/../lib/gcc/arm-none-eabi/9.3.1/../../../../arm-none-eabi/lib/thumb/v7e-m+dp/hard\libc_nano.a(lib_a-exit.o) (_global_impure_ptr)
e:/stm32cubeide_1.6.1/stm32cubeide/plugins/com.st.stm32cube.ide.mcu.externaltools.gnu-tools-for-stm32.9-2020-q2-update.win32_2.0.0.202105311346/tools/bin/../lib/gcc/arm-none-eabi/9.3.1/../../../../arm-none-eabi/lib/thumb/v7e-m+dp/hard\libc_nano.a(lib_a-init.o)
                              e:/stm32cubeide_1.6.1/stm32cubeide/plugins/com.st.stm32cube.ide.mcu.externaltools.gnu-tools-for-stm32.9-2020-q2-update.win32_2.0.0.202105311346/tools/bin/../lib/gcc/arm-none-eabi/9.3.1/../../../../arm-none-eabi/lib/thumb/v7e-m+dp/hard/crt0.o (__libc_init_array)
e:/stm32cubeide_1.6.1/stm32cubeide/plugins/com.st.stm32cube.ide.mcu.externaltools.gnu-tools-for-stm32.9-2020-q2-update.win32_2.0.0.202105311346/tools/bin/../lib/gcc/arm-none-eabi/9.3.1/../../../../arm-none-eabi/lib/thumb/v7e-m+dp/hard\libc_nano.a(lib_a-itoa.o)
                              ./Application/Src/HM10_BleModule.o (itoa)
e:/stm32cubeide_1.6.1/stm32cubeide/plugins/com.st.stm32cube.ide.mcu.externaltools.gnu-tools-for-stm32.9-2020-q2-update.win32_2.0.0.202105311346/tools/bin/../lib/gcc/arm-none-eabi/9.3.1/../../../../arm-none-eabi/lib/thumb/v7e-m+dp/hard\libc_nano.a(lib_a-malloc.o)
                              ./Drivers/TSOP2236/TSOP_2236_T.o (malloc)
e:/stm32cubeide_1.6.1/stm32cubeide/plugins/com.st.stm32cube.ide.mcu.externaltools.gnu-tools-for-stm32.9-2020-q2-update.win32_2.0.0.202105311346/tools/bin/../lib/gcc/arm-none-eabi/9.3.1/../../../../arm-none-eabi/lib/thumb/v7e-m+dp/hard\libc_nano.a(lib_a-memset.o)
                              e:/stm32cubeide_1.6.1/stm32cubeide/plugins/com.st.stm32cube.ide.mcu.externaltools.gnu-tools-for-stm32.9-2020-q2-update.win32_2.0.0.202105311346/tools/bin/../lib/gcc/arm-none-eabi/9.3.1/../../../../arm-none-eabi/lib/thumb/v7e-m+dp/hard/crt0.o (memset)
e:/stm32cubeide_1.6.1/stm32cubeide/plugins/com.st.stm32cube.ide.mcu.externaltools.gnu-tools-for-stm32.9-2020-q2-update.win32_2.0.0.202105311346/tools/bin/../lib/gcc/arm-none-eabi/9.3.1/../../../../arm-none-eabi/lib/thumb/v7e-m+dp/hard\libc_nano.a(lib_a-nano-freer.o)
                              e:/stm32cubeide_1.6.1/stm32cubeide/plugins/com.st.stm32cube.ide.mcu.externaltools.gnu-tools-for-stm32.9-2020-q2-update.win32_2.0.0.202105311346/tools/bin/../lib/gcc/arm-none-eabi/9.3.1/../../../../arm-none-eabi/lib/thumb/v7e-m+dp/hard\libc_nano.a(lib_a-malloc.o) (_free_r)
e:/stm32cubeide_1.6.1/stm32cubeide/plugins/com.st.stm32cube.ide.mcu.externaltools.gnu-tools-for-stm32.9-2020-q2-update.win32_2.0.0.202105311346/tools/bin/../lib/gcc/arm-none-eabi/9.3.1/../../../../arm-none-eabi/lib/thumb/v7e-m+dp/hard\libc_nano.a(lib_a-nano-mallocr.o)
[...]
Memory Configuration

Name             Origin             Length             Attributes
DTCMRAM          0x0000000020000000 0x0000000000020000 xrw
ITCMRAM          0x0000000000000000 0x0000000000010000 xrw
RAM_D1           0x0000000024000000 0x0000000000080000 xrw
RAM_D2           0x0000000030000000 0x0000000000048000 xrw
RAM_D3           0x0000000038000000 0x0000000000010000 xrw
FLASH            0x0000000008000000 0x0000000000200000 xr
*default*        0x0000000000000000 0xffffffffffffffff

Linker script and memory map

LOAD e:/stm32cubeide_1.6.1/stm32cubeide/plugins/com.st.stm32cube.ide.mcu.externaltools.gnu-tools-for-stm32.9-2020-q2-update.win32_2.0.0.202105311346/tools/bin/../lib/gcc/arm-none-eabi/9.3.1/thumb/v7e-m+dp/hard/crti.o
LOAD e:/stm32cubeide_1.6.1/stm32cubeide/plugins/com.st.stm32cube.ide.mcu.externaltools.gnu-tools-for-stm32.9-2020-q2-update.win32_2.0.0.202105311346/tools/bin/../lib/gcc/arm-none-eabi/9.3.1/thumb/v7e-m+dp/hard/crtbegin.o
LOAD e:/stm32cubeide_1.6.1/stm32cubeide/plugins/com.st.stm32cube.ide.mcu.externaltools.gnu-tools-for-stm32.9-2020-q2-update.win32_2.0.0.202105311346/tools/bin/../lib/gcc/arm-none-eabi/9.3.1/../../../../arm-none-eabi/lib/thumb/v7e-m+dp/hard/crt0.o
LOAD ./Application/Src/BlinkLedMod.o
LOAD ./Application/Src/Encoders_Module.o
LOAD ./Application/Src/HM10_BleModule.o
LOAD ./Application/Src/IR_Module.o
LOAD ./Application/Src/LF_AppMain.o
LOAD ./Application/Src/LineSensorsModule.o
LOAD ./Application/Src/PID_Reg_Module.o
LOAD ./Application/Src/ftoa_function.o
LOAD ./Core/Src/adc.o
LOAD ./Core/Src/debug.o
LOAD ./Core/Src/dma.o
LOAD ./Core/Src/gpio.o
LOAD ./Core/Src/i2c.o
LOAD ./Core/Src/main.o
LOAD ./Core/Src/sdmmc.o
LOAD ./Core/Src/stm32h7xx_hal_msp.o
LOAD ./Core/Src/stm32h7xx_it.o
LOAD ./Core/Src/syscalls.o
LOAD ./Core/Src/sysmem.o
LOAD ./Core/Src/system_stm32h7xx.o
LOAD ./Core/Src/tim.o
LOAD ./Core/Src/usart.o
LOAD ./Core/Startup/startup_stm32h743vitx.o
LOAD ./Drivers/EEPROM_M24C16/EEPROM.o
LOAD ./Drivers/STM32H7xx_HAL_Driver/Src/stm32h7xx_hal.o
LOAD ./Drivers/STM32H7xx_HAL_Driver/Src/stm32h7xx_hal_adc.o
LOAD ./Drivers/STM32H7xx_HAL_Driver/Src/stm32h7xx_hal_adc_ex.o
LOAD ./Drivers/STM32H7xx_HAL_Driver/Src/stm32h7xx_hal_cortex.o
LOAD ./Drivers/STM32H7xx_HAL_Driver/Src/stm32h7xx_hal_dma.o
LOAD ./Drivers/STM32H7xx_HAL_Driver/Src/stm32h7xx_hal_dma_ex.o
LOAD ./Drivers/STM32H7xx_HAL_Driver/Src/stm32h7xx_hal_exti.o
LOAD ./Drivers/STM32H7xx_HAL_Driver/Src/stm32h7xx_hal_flash.o
LOAD ./Drivers/STM32H7xx_HAL_Driver/Src/stm32h7xx_hal_flash_ex.o
LOAD ./Drivers/STM32H7xx_HAL_Driver/Src/stm32h7xx_hal_gpio.o
LOAD ./Drivers/STM32H7xx_HAL_Driver/Src/stm32h7xx_hal_hsem.o
LOAD ./Drivers/STM32H7xx_HAL_Driver/Src/stm32h7xx_hal_i2c.o
LOAD ./Drivers/STM32H7xx_HAL_Driver/Src/stm32h7xx_hal_i2c_ex.o
LOAD ./Drivers/STM32H7xx_HAL_Driver/Src/stm32h7xx_hal_mdma.o
LOAD ./Drivers/STM32H7xx_HAL_Driver/Src/stm32h7xx_hal_pwr.o
LOAD ./Drivers/STM32H7xx_HAL_Driver/Src/stm32h7xx_hal_pwr_ex.o
LOAD ./Drivers/STM32H7xx_HAL_Driver/Src/stm32h7xx_hal_rcc.o
LOAD ./Drivers/STM32H7xx_HAL_Driver/Src/stm32h7xx_hal_rcc_ex.o
LOAD ./Drivers/STM32H7xx_HAL_Driver/Src/stm32h7xx_hal_sd.o
LOAD ./Drivers/STM32H7xx_HAL_Driver/Src/stm32h7xx_hal_sd_ex.o
LOAD ./Drivers/STM32H7xx_HAL_Driver/Src/stm32h7xx_hal_tim.o
LOAD ./Drivers/STM32H7xx_HAL_Driver/Src/stm32h7xx_hal_tim_ex.o
LOAD ./Drivers/STM32H7xx_HAL_Driver/Src/stm32h7xx_hal_uart.o
LOAD ./Drivers/STM32H7xx_HAL_Driver/Src/stm32h7xx_hal_uart_ex.o
LOAD ./Drivers/STM32H7xx_HAL_Driver/Src/stm32h7xx_ll_delayblock.o
LOAD ./Drivers/STM32H7xx_HAL_Driver/Src/stm32h7xx_ll_dma.o
LOAD ./Drivers/STM32H7xx_HAL_Driver/Src/stm32h7xx_ll_exti.o
LOAD ./Drivers/STM32H7xx_HAL_Driver/Src/stm32h7xx_ll_gpio.o
LOAD ./Drivers/STM32H7xx_HAL_Driver/Src/stm32h7xx_ll_rcc.o
LOAD ./Drivers/STM32H7xx_HAL_Driver/Src/stm32h7xx_ll_sdmmc.o
LOAD ./Drivers/STM32H7xx_HAL_Driver/Src/stm32h7xx_ll_tim.o
LOAD ./Drivers/STM32H7xx_HAL_Driver/Src/stm32h7xx_ll_utils.o
LOAD ./Drivers/TSOP2236/TSOP_2236_T.o
START GROUP
LOAD e:/stm32cubeide_1.6.1/stm32cubeide/plugins/com.st.stm32cube.ide.mcu.externaltools.gnu-tools-for-stm32.9-2020-q2-update.win32_2.0.0.202105311346/tools/bin/../lib/gcc/arm-none-eabi/9.3.1/../../../../arm-none-eabi/lib/thumb/v7e-m+dp/hard\libc_nano.a
LOAD e:/stm32cubeide_1.6.1/stm32cubeide/plugins/com.st.stm32cube.ide.mcu.externaltools.gnu-tools-for-stm32.9-2020-q2-update.win32_2.0.0.202105311346/tools/bin/../lib/gcc/arm-none-eabi/9.3.1/../../../../arm-none-eabi/lib/thumb/v7e-m+dp/hard\libm.a
END GROUP
START GROUP
LOAD e:/stm32cubeide_1.6.1/stm32cubeide/plugins/com.st.stm32cube.ide.mcu.externaltools.gnu-tools-for-stm32.9-2020-q2-update.win32_2.0.0.202105311346/tools/bin/../lib/gcc/arm-none-eabi/9.3.1/thumb/v7e-m+dp/hard\libgcc.a
LOAD e:/stm32cubeide_1.6.1/stm32cubeide/plugins/com.st.stm32cube.ide.mcu.externaltools.gnu-tools-for-stm32.9-2020-q2-update.win32_2.0.0.202105311346/tools/bin/../lib/gcc/arm-none-eabi/9.3.1/../../../../arm-none-eabi/lib/thumb/v7e-m+dp/hard\libc_nano.a
END GROUP
START GROUP
LOAD e:/stm32cubeide_1.6.1/stm32cubeide/plugins/com.st.stm32cube.ide.mcu.externaltools.gnu-tools-for-stm32.9-2020-q2-update.win32_2.0.0.202105311346/tools/bin/../lib/gcc/arm-none-eabi/9.3.1/thumb/v7e-m+dp/hard\libgcc.a
LOAD e:/stm32cubeide_1.6.1/stm32cubeide/plugins/com.st.stm32cube.ide.mcu.externaltools.gnu-tools-for-stm32.9-2020-q2-update.win32_2.0.0.202105311346/tools/bin/../lib/gcc/arm-none-eabi/9.3.1/../../../../arm-none-eabi/lib/thumb/v7e-m+dp/hard\libc_nano.a
LOAD e:/stm32cubeide_1.6.1/stm32cubeide/plugins/com.st.stm32cube.ide.mcu.externaltools.gnu-tools-for-stm32.9-2020-q2-update.win32_2.0.0.202105311346/tools/bin/../lib/gcc/arm-none-eabi/9.3.1/../../../../arm-none-eabi/lib/thumb/v7e-m+dp/hard\libnosys.a
END GROUP
START GROUP
LOAD e:/stm32cubeide_1.6.1/stm32cubeide/plugins/com.st.stm32cube.ide.mcu.externaltools.gnu-tools-for-stm32.9-2020-q2-update.win32_2.0.0.202105311346/tools/bin/../lib/gcc/arm-none-eabi/9.3.1/thumb/v7e-m+dp/hard\libgcc.a
LOAD e:/stm32cubeide_1.6.1/stm32cubeide/plugins/com.st.stm32cube.ide.mcu.externaltools.gnu-tools-for-stm32.9-2020-q2-update.win32_2.0.0.202105311346/tools/bin/../lib/gcc/arm-none-eabi/9.3.1/../../../../arm-none-eabi/lib/thumb/v7e-m+dp/hard\libc_nano.a
LOAD e:/stm32cubeide_1.6.1/stm32cubeide/plugins/com.st.stm32cube.ide.mcu.externaltools.gnu-tools-for-stm32.9-2020-q2-update.win32_2.0.0.202105311346/tools/bin/../lib/gcc/arm-none-eabi/9.3.1/../../../../arm-none-eabi/lib/thumb/v7e-m+dp/hard\libnosys.a
END GROUP
LOAD e:/stm32cubeide_1.6.1/stm32cubeide/plugins/com.st.stm32cube.ide.mcu.externaltools.gnu-tools-for-stm32.9-2020-q2-update.win32_2.0.0.202105311346/tools/bin/../lib/gcc/arm-none-eabi/9.3.1/thumb/v7e-m+dp/hard/crtend.o
LOAD e:/stm32cubeide_1.6.1/stm32cubeide/plugins/com.st.stm32cube.ide.mcu.externaltools.gnu-tools-for-stm32.9-2020-q2-update.win32_2.0.0.202105311346/tools/bin/../lib/gcc/arm-none-eabi/9.3.1/thumb/v7e-m+dp/hard/crtn.o
                0x0000000024080000                _estack = (ORIGIN (RAM_D1) + LENGTH (RAM_D1))
                0x0000000000000200                _Min_Heap_Size = 0x200
                0x0000000000000400                _Min_Stack_Size = 0x400

.isr_vector     0x0000000008000000      0x298
                0x0000000008000000                . = ALIGN (0x4)
 *(.isr_vector)
 .isr_vector    0x0000000008000000      0x298 ./Core/Startup/startup_stm32h743vitx.o
                0x0000000008000000                g_pfnVectors
                0x0000000008000298                . = ALIGN (0x4)

.text           0x00000000080002a0     0xece4
                0x00000000080002a0                . = ALIGN (0x4)
 *(.text)
 .text          0x00000000080002a0       0x40 e:/stm32cubeide_1.6.1/stm32cubeide/plugins/com.st.stm32cube.ide.mcu.externaltools.gnu-tools-for-stm32.9-2020-q2-update.win32_2.0.0.202105311346/tools/bin/../lib/gcc/arm-none-eabi/9.3.1/thumb/v7e-m+dp/hard/crtbegin.o
 .text          0x00000000080002e0       0x10 e:/stm32cubeide_1.6.1/stm32cubeide/plugins/com.st.stm32cube.ide.mcu.externaltools.gnu-tools-for-stm32.9-2020-q2-update.win32_2.0.0.202105311346/tools/bin/../lib/gcc/arm-none-eabi/9.3.1/../../../../arm-none-eabi/lib/thumb/v7e-m+dp/hard\libc_nano.a(lib_a-strlen.o)
                0x00000000080002e0                strlen
 .text          0x00000000080002f0       0xa0 e:/stm32cubeide_1.6.1/stm32cubeide/plugins/com.st.stm32cube.ide.mcu.externaltools.gnu-tools-for-stm32.9-2020-q2-update.win32_2.0.0.202105311346/tools/bin/../lib/gcc/arm-none-eabi/9.3.1/../../../../arm-none-eabi/lib/thumb/v7e-m+dp/hard\libc_nano.a(lib_a-memchr.o)
                0x00000000080002f0                memchr
 .text          0x0000000008000390      0x378 e:/stm32cubeide_1.6.1/stm32cubeide/plugins/com.st.stm32cube.ide.mcu.externaltools.gnu-tools-for-stm32.9-2020-q2-update.win32_2.0.0.202105311346/tools/bin/../lib/gcc/arm-none-eabi/9.3.1/thumb/v7e-m+dp/hard\libgcc.a(_arm_addsubdf3.o)
                0x0000000008000390                __aeabi_drsub
                0x0000000008000398                __aeabi_dsub
                0x0000000008000398                __subdf3
                0x000000000800039c                __aeabi_dadd
                0x000000000800039c                __adddf3
                0x0000000008000614                __floatunsidf
                0x0000000008000614                __aeabi_ui2d
                0x0000000008000634                __floatsidf
                0x0000000008000634                __aeabi_i2d
                0x0000000008000658                __aeabi_f2d
                0x0000000008000658                __extendsfdf2
                0x000000000800069c                __floatundidf
                0x000000000800069c                __aeabi_ul2d
                0x00000000080006ac                __floatdidf
                0x00000000080006ac                __aeabi_l2d
 .text          0x0000000008000708       0x30 e:/stm32cubeide_1.6.1/stm32cubeide/plugins/com.st.stm32cube.ide.mcu.externaltools.gnu-tools-for-stm32.9-2020-q2-update.win32_2.0.0.202105311346/tools/bin/../lib/gcc/arm-none-eabi/9.3.1/thumb/v7e-m+dp/hard\libgcc.a(_aeabi_uldivmod.o)
                0x0000000008000708                __aeabi_uldivmod
 .text          0x0000000008000738       0x30 e:/stm32cubeide_1.6.1/stm32cubeide/plugins/com.st.stm32cube.ide.mcu.externaltools.gnu-tools-for-stm32.9-2020-q2-update.win32_2.0.0.202105311346/tools/bin/../lib/gcc/arm-none-eabi/9.3.1/thumb/v7e-m+dp/hard\libgcc.a(_fixdfdi.o)
                0x0000000008000738                __fixdfdi
                0x0000000008000738                __aeabi_d2lz
 .text          0x0000000008000768       0x40 e:/stm32cubeide_1.6.1/stm32cubeide/plugins/com.st.stm32cube.ide.mcu.externaltools.gnu-tools-for-stm32.9-2020-q2-update.win32_2.0.0.202105311346/tools/bin/../lib/gcc/arm-none-eabi/9.3.1/thumb/v7e-m+dp/hard\libgcc.a(_fixunsdfdi.o)
                0x0000000008000768                __fixunsdfdi
                0x0000000008000768                __aeabi_d2ulz
 .text          0x00000000080007a8      0x2c4 e:/stm32cubeide_1.6.1/stm32cubeide/plugins/com.st.stm32cube.ide.mcu.externaltools.gnu-tools-for-stm32.9-2020-q2-update.win32_2.0.0.202105311346/tools/bin/../lib/gcc/arm-none-eabi/9.3.1/thumb/v7e-m+dp/hard\libgcc.a(_udivmoddi4.o)
                0x00000000080007a8                __udivmoddi4
 .text          0x0000000008000a6c        0x4 e:/stm32cubeide_1.6.1/stm32cubeide/plugins/com.st.stm32cube.ide.mcu.externaltools.gnu-tools-for-stm32.9-2020-q2-update.win32_2.0.0.202105311346/tools/bin/../lib/gcc/arm-none-eabi/9.3.1/thumb/v7e-m+dp/hard\libgcc.a(_dvmd_tls.o)
                0x0000000008000a6c                __aeabi_idiv0
                0x0000000008000a6c                __aeabi_ldiv0
 *(.text*)
 .text.BlinkLedInit
                0x0000000008000a70       0x1c ./Application/Src/BlinkLedMod.o
                0x0000000008000a70                BlinkLedInit
 .text.BlinkLedTask
                0x0000000008000a8c       0x48 ./Application/Src/BlinkLedMod.o
                0x0000000008000a8c                BlinkLedTask
 .text.Enc_AddEncoderImpulsIntoImpulsSum
                0x0000000008000ad4       0x2c ./Application/Src/Encoders_Module.o
                0x0000000008000ad4                Enc_AddEncoderImpulsIntoImpulsSum
 .text.Enc_ResetModule
                0x0000000008000b00       0x34 ./Application/Src/Encoders_Module.o
                0x0000000008000b00                Enc_ResetModule
 .text.Enc_CalculateFinalAverageSpeed
                0x0000000008000b34       0x58 ./Application/Src/Encoders_Module.o
                0x0000000008000b34                Enc_CalculateFinalAverageSpeed
 .text.Enc_CalculateTraveledDistance
                0x0000000008000b8c       0x5c ./Application/Src/Encoders_Module.o
                0x0000000008000b8c                Enc_CalculateTraveledDistance
 .text.Enc_CalculateActualSpeed
                0x0000000008000be8      0x114 ./Application/Src/Encoders_Module.o
                0x0000000008000be8                Enc_CalculateActualSpeed
 .text.HM10BLE_Init
                0x0000000008000cfc       0x14 ./Application/Src/HM10_BleModule.o
                0x0000000008000cfc                HM10BLE_Init
 .text.HM10Ble_ExecuteCommand
                0x0000000008000d10      0x384 ./Application/Src/HM10_BleModule.o
                0x0000000008000d10                HM10Ble_ExecuteCommand
 .text.HM10BLE_RxEventCallback
                0x0000000008001094       0x24 ./Application/Src/HM10_BleModule.o
                0x0000000008001094                HM10BLE_RxEventCallback
 .text.HM10BLE_TxCmpltEventCallback
                0x00000000080010b8        0xc ./Application/Src/HM10_BleModule.o
                0x00000000080010b8                HM10BLE_TxCmpltEventCallback
 .text.HM10BLE_Tx
                0x00000000080010c4       0x10 ./Application/Src/HM10_BleModule.o
                0x00000000080010c4                HM10BLE_Tx
 .text.HM10Ble_Task
                0x00000000080010d4      0x124 ./Application/Src/HM10_BleModule.o
                0x00000000080010d4                HM10Ble_Task
 .text.SendActualDataFor_Adv_ScreenToM_AppFun
                0x00000000080011f8       0xec ./Application/Src/HM10_BleModule.o
 .text.SendActualErrorWeightsAndWhenLineIsDetectedFun
                0x00000000080012e4      0x27c ./Application/Src/HM10_BleModule.o
 .text.SendActualLineSensorDataFun
                0x0000000008001560      0x17c ./Application/Src/HM10_BleModule.o
 .text.SendActualPidSettingsFun
                0x00000000080016dc      0x100 ./Application/Src/HM10_BleModule.o
 .text.SendActualPID_AndCalcMotor_DataFun
                0x00000000080017dc      0x138 ./Application/Src/HM10_BleModule.o
 .text.CreateAndSendTrackMapToMobileApp
                0x0000000008001914       0xcc ./Application/Src/HM10_BleModule.o
 .text.SendActualMapStateToMAppFun
                0x00000000080019e0       0x84 ./Application/Src/HM10_BleModule.o
 .text.IR_ModInit
                0x0000000008001a64       0x28 ./Application/Src/IR_Module.o
                0x0000000008001a64                IR_ModInit
 .text.IR_Task  0x0000000008001a8c       0x58 ./Application/Src/IR_Module.o
                0x0000000008001a8c                IR_Task
 .text.LF_Robot_Stop
                0x0000000008001ae4       0x20 ./Application/Src/LF_AppMain.o
 .text.CalculateDrivingTimeFun
                0x0000000008001b04       0x50 ./Application/Src/LF_AppMain.o
 .text.LF_App_MainConfig
                0x0000000008001b54       0x6c ./Application/Src/LF_AppMain.o
                0x0000000008001b54                LF_App_MainConfig
 .text.LF_App_MainTask
                0x0000000008001bc0      0x1b8 ./Application/Src/LF_AppMain.o
                0x0000000008001bc0                LF_App_MainTask
 .text.Create_XY_PositionMap
                0x0000000008001d78       0xc0 ./Application/Src/LF_AppMain.o
                0x0000000008001d78                Create_XY_PositionMap
 .text.SM_SensorModuleInit
                0x0000000008001e38       0xbc ./Application/Src/LineSensorsModule.o
                0x0000000008001e38                SM_SensorModuleInit
 .text.SM_SensorsCalculateError
                0x0000000008001ef4      0x174 ./Application/Src/LineSensorsModule.o
                0x0000000008001ef4                SM_SensorsCalculateError
 .text.PID_Init
                0x0000000008002068       0x40 ./Application/Src/PID_Reg_Module.o
                0x0000000008002068                PID_Init
 .text.PID_Task
                0x00000000080020a8      0x138 ./Application/Src/PID_Reg_Module.o
                0x00000000080020a8                PID_Task
 .text.ftoa     0x00000000080021e0      0x15c ./Application/Src/ftoa_function.o
                0x00000000080021e0                ftoa
 .text.MX_ADC1_Init
                0x000000000800233c      0x168 ./Core/Src/adc.o
                0x000000000800233c                MX_ADC1_Init
 .text.HAL_ADC_MspInit
                0x00000000080024a4      0x100 ./Core/Src/adc.o
                0x00000000080024a4                HAL_ADC_MspInit
 .text.MX_DMA_Init
                0x00000000080025a4       0x58 ./Core/Src/dma.o
                0x00000000080025a4                MX_DMA_Init
 .text.MX_GPIO_Init
                0x00000000080025fc      0x1d8 ./Core/Src/gpio.o
                0x00000000080025fc                MX_GPIO_Init
 .text.MX_I2C1_Init
                0x00000000080027d4       0x58 ./Core/Src/i2c.o
                0x00000000080027d4                MX_I2C1_Init
 .text.MX_I2C4_Init
                0x000000000800282c       0x5c ./Core/Src/i2c.o
                0x000000000800282c                MX_I2C4_Init
 .text.HAL_I2C_MspInit
                0x0000000008002888      0x10c ./Core/Src/i2c.o
                0x0000000008002888                HAL_I2C_MspInit
 .text.HAL_UARTEx_RxEventCallback
                0x0000000008002994       0x30 ./Core/Src/main.o
                0x0000000008002994                HAL_UARTEx_RxEventCallback
 .text.HAL_UART_TxCpltCallback
                0x00000000080029c4       0x14 ./Core/Src/main.o
                0x00000000080029c4                HAL_UART_TxCpltCallback
 .text.HAL_GPIO_EXTI_Callback
                0x00000000080029d8        0x4 ./Core/Src/main.o
                0x00000000080029d8                HAL_GPIO_EXTI_Callback
 .text.SystemClock_Config
                0x00000000080029dc       0xb0 ./Core/Src/main.o
                0x00000000080029dc                SystemClock_Config
 .text.PeriphCommonClock_Config
                0x0000000008002a8c       0x20 ./Core/Src/main.o
                0x0000000008002a8c                PeriphCommonClock_Config
 .text.startup.main
                0x0000000008002aac       0x5c ./Core/Src/main.o
                0x0000000008002aac                main
 .text.Error_Handler
                0x0000000008002b08        0x2 ./Core/Src/main.o
                0x0000000008002b08                Error_Handler
 *fill*         0x0000000008002b0a        0x2 
 .text.MX_SDMMC1_SD_Init
                0x0000000008002b0c       0x30 ./Core/Src/sdmmc.o
                0x0000000008002b0c                MX_SDMMC1_SD_Init
 .text.HAL_SD_MspInit
                0x0000000008002b3c       0xc8 ./Core/Src/sdmmc.o
                0x0000000008002b3c                HAL_SD_MspInit
 .text.HAL_MspInit
                0x0000000008002c04       0x24 ./Core/Src/stm32h7xx_hal_msp.o
                0x0000000008002c04                HAL_MspInit
 .text.NMI_Handler
                0x0000000008002c28        0x2 ./Core/Src/stm32h7xx_it.o
                0x0000000008002c28                NMI_Handler
 .text.HardFault_Handler
                0x0000000008002c2a        0x2 ./Core/Src/stm32h7xx_it.o
                0x0000000008002c2a                HardFault_Handler
 .text.MemManage_Handler
                0x0000000008002c2c        0x2 ./Core/Src/stm32h7xx_it.o
                0x0000000008002c2c                MemManage_Handler
 .text.BusFault_Handler
                0x0000000008002c2e        0x2 ./Core/Src/stm32h7xx_it.o
                0x0000000008002c2e                BusFault_Handler
 .text.UsageFault_Handler
                0x0000000008002c30        0x2 ./Core/Src/stm32h7xx_it.o
                0x0000000008002c30                UsageFault_Handler
 .text.SVC_Handler
                0x0000000008002c32        0x2 ./Core/Src/stm32h7xx_it.o
                0x0000000008002c32                SVC_Handler
 .text.DebugMon_Handler
                0x0000000008002c34        0x2 ./Core/Src/stm32h7xx_it.o
                0x0000000008002c34                DebugMon_Handler
 .text.PendSV_Handler
                0x0000000008002c36        0x2 ./Core/Src/stm32h7xx_it.o
                0x0000000008002c36                PendSV_Handler
 .text.SysTick_Handler
                0x0000000008002c38        0x4 ./Core/Src/stm32h7xx_it.o
                0x0000000008002c38                SysTick_Handler
 .text.EXTI2_IRQHandler
                0x0000000008002c3c       0x18 ./Core/Src/stm32h7xx_it.o
                0x0000000008002c3c                EXTI2_IRQHandler
 .text.EXTI3_IRQHandler
                0x0000000008002c54        0x6 ./Core/Src/stm32h7xx_it.o
                0x0000000008002c54                EXTI3_IRQHandler
 .text.EXTI4_IRQHandler
                0x0000000008002c5a        0x6 ./Core/Src/stm32h7xx_it.o
                0x0000000008002c5a                EXTI4_IRQHandler
 .text.DMA1_Stream0_IRQHandler
                0x0000000008002c60        0xc ./Core/Src/stm32h7xx_it.o
                0x0000000008002c60                DMA1_Stream0_IRQHandler
 .text.DMA1_Stream1_IRQHandler
                0x0000000008002c6c        0xc ./Core/Src/stm32h7xx_it.o
                0x0000000008002c6c                DMA1_Stream1_IRQHandler
 .text.DMA1_Stream2_IRQHandler
                0x0000000008002c78        0xc ./Core/Src/stm32h7xx_it.o
                0x0000000008002c78                DMA1_Stream2_IRQHandler
 .text.EXTI9_5_IRQHandler
                0x0000000008002c84       0x12 ./Core/Src/stm32h7xx_it.o
                0x0000000008002c84                EXTI9_5_IRQHandler
 *fill*         0x0000000008002c96        0x2 
 .text.TIM2_IRQHandler
                0x0000000008002c98       0x20 ./Core/Src/stm32h7xx_it.o
                0x0000000008002c98                TIM2_IRQHandler
 .text.USART2_IRQHandler
                0x0000000008002cb8        0xc ./Core/Src/stm32h7xx_it.o
                0x0000000008002cb8                USART2_IRQHandler
 .text.TIM5_IRQHandler
                0x0000000008002cc4        0xc ./Core/Src/stm32h7xx_it.o
                0x0000000008002cc4                TIM5_IRQHandler
 .text.UART5_IRQHandler
                0x0000000008002cd0        0xc ./Core/Src/stm32h7xx_it.o
                0x0000000008002cd0                UART5_IRQHandler
 .text._getpid  0x0000000008002cdc        0x4 ./Core/Src/syscalls.o
                0x0000000008002cdc                _getpid
 .text._kill    0x0000000008002ce0       0x10 ./Core/Src/syscalls.o
                0x0000000008002ce0                _kill
 .text._exit    0x0000000008002cf0        0xc ./Core/Src/syscalls.o
                0x0000000008002cf0                _exit
 .text._read    0x0000000008002cfc       0x1a ./Core/Src/syscalls.o
                0x0000000008002cfc                _read
 .text._write   0x0000000008002d16       0x1a ./Core/Src/syscalls.o
                0x0000000008002d16                _write
 .text._close   0x0000000008002d30        0x6 ./Core/Src/syscalls.o
                0x0000000008002d30                _close
 .text._fstat   0x0000000008002d36        0xa ./Core/Src/syscalls.o
                0x0000000008002d36                _fstat
 .text._isatty  0x0000000008002d40        0x4 ./Core/Src/syscalls.o
                0x0000000008002d40                _isatty
 .text._lseek   0x0000000008002d44        0x4 ./Core/Src/syscalls.o
                0x0000000008002d44                _lseek
 .text._sbrk    0x0000000008002d48       0x34 ./Core/Src/sysmem.o
                0x0000000008002d48                _sbrk
 .text.SystemInit
                0x0000000008002d7c       0x78 ./Core/Src/system_stm32h7xx.o
                0x0000000008002d7c                SystemInit
 .text.MX_TIM2_Init
                0x0000000008002df4       0xb4 ./Core/Src/tim.o
                0x0000000008002df4                MX_TIM2_Init
 .text.MX_TIM5_Init
                0x0000000008002ea8       0x70 ./Core/Src/tim.o
                0x0000000008002ea8                MX_TIM5_Init
 .text.HAL_TIM_PWM_MspInit
                0x0000000008002f18       0x30 ./Core/Src/tim.o
                0x0000000008002f18                HAL_TIM_PWM_MspInit
 .text.HAL_TIM_Base_MspInit
                0x0000000008002f48       0x6c ./Core/Src/tim.o
                0x0000000008002f48                HAL_TIM_Base_MspInit
 .text.HAL_TIM_MspPostInit
                0x0000000008002fb4       0x9c ./Core/Src/tim.o
                0x0000000008002fb4                HAL_TIM_MspPostInit
 .text.MX_TIM4_Init
                0x0000000008003050       0x88 ./Core/Src/tim.o
                0x0000000008003050                MX_TIM4_Init
 .text.MX_TIM15_Init
                0x00000000080030d8       0xe8 ./Core/Src/tim.o
                0x00000000080030d8                MX_TIM15_Init
 .text.MX_UART5_Init
                0x00000000080031c0       0x64 ./Core/Src/usart.o
                0x00000000080031c0                MX_UART5_Init
 .text.MX_USART2_UART_Init
                0x0000000008003224       0x64 ./Core/Src/usart.o
                0x0000000008003224                MX_USART2_UART_Init
 .text.HAL_UART_MspInit
                0x0000000008003288      0x190 ./Core/Src/usart.o
                0x0000000008003288                HAL_UART_MspInit
 .text.Reset_Handler
                0x0000000008003418       0x50 ./Core/Startup/startup_stm32h743vitx.o
                0x0000000008003418                Reset_Handler
 .text.Default_Handler
                0x0000000008003468        0x2 ./Core/Startup/startup_stm32h743vitx.o
                0x0000000008003468                RTC_Alarm_IRQHandler
                0x0000000008003468                TIM8_CC_IRQHandler
                0x0000000008003468                HRTIM1_Master_IRQHandler
                0x0000000008003468                UART8_IRQHandler
                0x0000000008003468                SPI4_IRQHandler
                0x0000000008003468                TIM1_CC_IRQHandler
                0x0000000008003468                BDMA_Channel6_IRQHandler
                0x0000000008003468                DMA2_Stream5_IRQHandler
                0x0000000008003468                HRTIM1_FLT_IRQHandler
                0x0000000008003468                JPEG_IRQHandler
                0x0000000008003468                DMA1_Stream5_IRQHandler
                0x0000000008003468                BDMA_Channel1_IRQHandler
                0x0000000008003468                HRTIM1_TIMD_IRQHandler
                0x0000000008003468                TAMP_STAMP_IRQHandler
                0x0000000008003468                LPTIM4_IRQHandler
                0x0000000008003468                TIM8_TRG_COM_TIM14_IRQHandler
                0x0000000008003468                LPTIM2_IRQHandler
                0x0000000008003468                DFSDM1_FLT1_IRQHandler
                0x0000000008003468                DMAMUX2_OVR_IRQHandler
                0x0000000008003468                TIM8_UP_TIM13_IRQHandler
                0x0000000008003468                I2C3_ER_IRQHandler
                0x0000000008003468                DFSDM1_FLT2_IRQHandler
                0x0000000008003468                MDMA_IRQHandler
                0x0000000008003468                LPTIM3_IRQHandler
                0x0000000008003468                HSEM1_IRQHandler
                0x0000000008003468                EXTI0_IRQHandler
                0x0000000008003468                I2C2_EV_IRQHandler
                0x0000000008003468                FPU_IRQHandler
                0x0000000008003468                OTG_HS_WKUP_IRQHandler
                0x0000000008003468                FDCAN1_IT1_IRQHandler
                0x0000000008003468                LTDC_ER_IRQHandler
                0x0000000008003468                DMA2_Stream2_IRQHandler
                0x0000000008003468                HRTIM1_TIME_IRQHandler
                0x0000000008003468                SPI1_IRQHandler
                0x0000000008003468                TIM6_DAC_IRQHandler
                0x0000000008003468                DCMI_IRQHandler
                0x0000000008003468                HRTIM1_TIMC_IRQHandler
                0x0000000008003468                DMA2_Stream3_IRQHandler
                0x0000000008003468                SAI2_IRQHandler
                0x0000000008003468                DFSDM1_FLT3_IRQHandler
                0x0000000008003468                USART6_IRQHandler
                0x0000000008003468                TIM17_IRQHandler
                0x0000000008003468                USART3_IRQHandler
                0x0000000008003468                BDMA_Channel7_IRQHandler
                0x0000000008003468                LPTIM5_IRQHandler
                0x0000000008003468                ADC3_IRQHandler
                0x0000000008003468                DMA2_Stream0_IRQHandler
                0x0000000008003468                TIM4_IRQHandler
                0x0000000008003468                BDMA_Channel2_IRQHandler
                0x0000000008003468                QUADSPI_IRQHandler
                0x0000000008003468                I2C1_EV_IRQHandler
                0x0000000008003468                DMA1_Stream6_IRQHandler
                0x0000000008003468                DMAMUX1_OVR_IRQHandler
                0x0000000008003468                TIM16_IRQHandler
                0x0000000008003468                UART4_IRQHandler
                0x0000000008003468                BDMA_Channel5_IRQHandler
                0x0000000008003468                TIM3_IRQHandler
                0x0000000008003468                RCC_IRQHandler
                0x0000000008003468                TIM8_BRK_TIM12_IRQHandler
                0x0000000008003468                TIM1_TRG_COM_IRQHandler
                0x0000000008003468                Default_Handler
                0x0000000008003468                ECC_IRQHandler
                0x0000000008003468                CEC_IRQHandler
                0x0000000008003468                EXTI15_10_IRQHandler
                0x0000000008003468                BDMA_Channel0_IRQHandler
                0x0000000008003468                ADC_IRQHandler
                0x0000000008003468                DMA1_Stream7_IRQHandler
                0x0000000008003468                HRTIM1_TIMA_IRQHandler
                0x0000000008003468                SPI5_IRQHandler
                0x0000000008003468                TIM7_IRQHandler
                0x0000000008003468                SDMMC1_IRQHandler
                0x0000000008003468                DMA2_Stream7_IRQHandler
                0x0000000008003468                TIM15_IRQHandler
                0x0000000008003468                PVD_AVD_IRQHandler
                0x0000000008003468                I2C3_EV_IRQHandler
                0x0000000008003468                RTC_WKUP_IRQHandler
                0x0000000008003468                LTDC_IRQHandler
                0x0000000008003468                SAI3_IRQHandler
                0x0000000008003468                ETH_WKUP_IRQHandler
                0x0000000008003468                SPDIF_RX_IRQHandler
                0x0000000008003468                SPI2_IRQHandler
                0x0000000008003468                OTG_HS_EP1_IN_IRQHandler
                0x0000000008003468                CRS_IRQHandler
                0x0000000008003468                RNG_IRQHandler
                0x0000000008003468                HRTIM1_TIMB_IRQHandler
                0x0000000008003468                FDCAN2_IT1_IRQHandler
                0x0000000008003468                ETH_IRQHandler
                0x0000000008003468                TIM1_UP_IRQHandler
                0x0000000008003468                BDMA_Channel4_IRQHandler
                0x0000000008003468                OTG_HS_EP1_OUT_IRQHandler
                0x0000000008003468                WWDG_IRQHandler
                0x0000000008003468                SPI6_IRQHandler
                0x0000000008003468                MDIOS_IRQHandler
                0x0000000008003468                I2C4_EV_IRQHandler
                0x0000000008003468                FDCAN2_IT0_IRQHandler
                0x0000000008003468                LPUART1_IRQHandler
                0x0000000008003468                FDCAN1_IT0_IRQHandler
                0x0000000008003468                OTG_FS_WKUP_IRQHandler
                0x0000000008003468                OTG_HS_IRQHandler
                0x0000000008003468                DMA2D_IRQHandler
                0x0000000008003468                TIM1_BRK_IRQHandler
                0x0000000008003468                EXTI1_IRQHandler
                0x0000000008003468                SDMMC2_IRQHandler
                0x0000000008003468                OTG_FS_EP1_OUT_IRQHandler
                0x0000000008003468                BDMA_Channel3_IRQHandler
                0x0000000008003468                UART7_IRQHandler
                0x0000000008003468                MDIOS_WKUP_IRQHandler
                0x0000000008003468                DFSDM1_FLT0_IRQHandler
                0x0000000008003468                SAI4_IRQHandler
                0x0000000008003468                I2C2_ER_IRQHandler
                0x0000000008003468                DMA2_Stream1_IRQHandler
                0x0000000008003468                FLASH_IRQHandler
                0x0000000008003468                DMA2_Stream4_IRQHandler
                0x0000000008003468                USART1_IRQHandler
                0x0000000008003468                OTG_FS_IRQHandler
                0x0000000008003468                SPI3_IRQHandler
                0x0000000008003468                WAKEUP_PIN_IRQHandler
                0x0000000008003468                DMA1_Stream4_IRQHandler
                0x0000000008003468                OTG_FS_EP1_IN_IRQHandler
                0x0000000008003468                I2C1_ER_IRQHandler
                0x0000000008003468                FMC_IRQHandler
                0x0000000008003468                FDCAN_CAL_IRQHandler
                0x0000000008003468                SWPMI1_IRQHandler
                0x0000000008003468                COMP1_IRQHandler
                0x0000000008003468                LPTIM1_IRQHandler
                0x0000000008003468                I2C4_ER_IRQHandler
                0x0000000008003468                DMA2_Stream6_IRQHandler
                0x0000000008003468                SAI1_IRQHandler
                0x0000000008003468                DMA1_Stream3_IRQHandler
 *fill*         0x000000000800346a        0x2 
 .text.EEPROM_WriteEnable
                0x000000000800346c       0x10 ./Drivers/EEPROM_M24C16/EEPROM.o
                0x000000000800346c                EEPROM_WriteEnable
 .text.EEPROM_WRITE
                0x000000000800347c       0x20 ./Drivers/EEPROM_M24C16/EEPROM.o
                0x000000000800347c                EEPROM_WRITE
 .text.EEPROM_READ
                0x000000000800349c       0x20 ./Drivers/EEPROM_M24C16/EEPROM.o
                0x000000000800349c                EEPROM_READ
 .text.EEPROM_WRITE_FLOAT
                0x00000000080034bc       0x20 ./Drivers/EEPROM_M24C16/EEPROM.o
                0x00000000080034bc                EEPROM_WRITE_FLOAT
 .text.EEPROM_READ_FLOAT
                0x00000000080034dc       0x3c ./Drivers/EEPROM_M24C16/EEPROM.o
                0x00000000080034dc                EEPROM_READ_FLOAT
 .text.EEPROM_WRITE_INT
                0x0000000008003518       0x18 ./Drivers/EEPROM_M24C16/EEPROM.o
                0x0000000008003518                EEPROM_WRITE_INT
 .text.EEPROM_READ_INT
                0x0000000008003530       0x26 ./Drivers/EEPROM_M24C16/EEPROM.o
                0x0000000008003530                EEPROM_READ_INT
 *fill*         0x0000000008003556        0x2 
 .text.HAL_InitTick
                0x0000000008003558       0x4c ./Drivers/STM32H7xx_HAL_Driver/Src/stm32h7xx_hal.o
                0x0000000008003558                HAL_InitTick
 .text.HAL_Init
                0x00000000080035a4       0x5c ./Drivers/STM32H7xx_HAL_Driver/Src/stm32h7xx_hal.o
                0x00000000080035a4                HAL_Init
 .text.HAL_IncTick
                0x0000000008003600       0x18 ./Drivers/STM32H7xx_HAL_Driver/Src/stm32h7xx_hal.o
                0x0000000008003600                HAL_IncTick
 .text.HAL_GetTick
                0x0000000008003618        0xc ./Drivers/STM32H7xx_HAL_Driver/Src/stm32h7xx_hal.o
                0x0000000008003618                HAL_GetTick
 .text.HAL_Delay
                0x0000000008003624       0x24 ./Drivers/STM32H7xx_HAL_Driver/Src/stm32h7xx_hal.o
                0x0000000008003624                HAL_Delay
 .text.HAL_GetREVID
                0x0000000008003648        0xc ./Drivers/STM32H7xx_HAL_Driver/Src/stm32h7xx_hal.o
                0x0000000008003648                HAL_GetREVID
 .text.LL_ADC_SetChannelSamplingTime
                0x0000000008003654       0x22 ./Drivers/STM32H7xx_HAL_Driver/Src/stm32h7xx_hal_adc.o
 .text.LL_ADC_REG_IsConversionOngoing
                0x0000000008003676        0x8 ./Drivers/STM32H7xx_HAL_Driver/Src/stm32h7xx_hal_adc.o
 .text.HAL_ADC_ConvCpltCallback
                0x000000000800367e        0x2 ./Drivers/STM32H7xx_HAL_Driver/Src/stm32h7xx_hal_adc.o
                0x000000000800367e                HAL_ADC_ConvCpltCallback
 .text.HAL_ADC_ConvHalfCpltCallback
                0x0000000008003680        0x2 ./Drivers/STM32H7xx_HAL_Driver/Src/stm32h7xx_hal_adc.o
                0x0000000008003680                HAL_ADC_ConvHalfCpltCallback
 .text.ADC_DMAHalfConvCplt
                0x0000000008003682        0xa ./Drivers/STM32H7xx_HAL_Driver/Src/stm32h7xx_hal_adc.o
                0x0000000008003682                ADC_DMAHalfConvCplt
 .text.HAL_ADC_ErrorCallback
                0x000000000800368c        0x2 ./Drivers/STM32H7xx_HAL_Driver/Src/stm32h7xx_hal_adc.o
                0x000000000800368c                HAL_ADC_ErrorCallback
 .text.ADC_DMAConvCplt
                0x000000000800368e       0x68 ./Drivers/STM32H7xx_HAL_Driver/Src/stm32h7xx_hal_adc.o
                0x000000000800368e                ADC_DMAConvCplt
 .text.ADC_DMAError
                0x00000000080036f6       0x1a ./Drivers/STM32H7xx_HAL_Driver/Src/stm32h7xx_hal_adc.o
                0x00000000080036f6                ADC_DMAError
 .text.HAL_ADC_ConfigChannel
                0x0000000008003710      0x390 ./Drivers/STM32H7xx_HAL_Driver/Src/stm32h7xx_hal_adc.o
                0x0000000008003710                HAL_ADC_ConfigChannel
 .text.ADC_Enable
                0x0000000008003aa0       0xb0 ./Drivers/STM32H7xx_HAL_Driver/Src/stm32h7xx_hal_adc.o
                0x0000000008003aa0                ADC_Enable
 .text.HAL_ADC_Start_DMA
                0x0000000008003b50      0x120 ./Drivers/STM32H7xx_HAL_Driver/Src/stm32h7xx_hal_adc.o
                0x0000000008003b50                HAL_ADC_Start_DMA
 .text.ADC_ConfigureBoostMode
                0x0000000008003c70      0x12c ./Drivers/STM32H7xx_HAL_Driver/Src/stm32h7xx_hal_adc.o
                0x0000000008003c70                ADC_ConfigureBoostMode
 .text.HAL_ADC_Init
                0x0000000008003d9c      0x210 ./Drivers/STM32H7xx_HAL_Driver/Src/stm32h7xx_hal_adc.o
                0x0000000008003d9c                HAL_ADC_Init
 .text.LL_ADC_REG_IsConversionOngoing
                0x0000000008003fac        0x8 ./Drivers/STM32H7xx_HAL_Driver/Src/stm32h7xx_hal_adc_ex.o
 .text.HAL_ADCEx_MultiModeConfigChannel
                0x0000000008003fb4      0x110 ./Drivers/STM32H7xx_HAL_Driver/Src/stm32h7xx_hal_adc_ex.o
                0x0000000008003fb4                HAL_ADCEx_MultiModeConfigChannel
 .text.HAL_NVIC_SetPriorityGrouping
                0x00000000080040c4       0x24 ./Drivers/STM32H7xx_HAL_Driver/Src/stm32h7xx_hal_cortex.o
                0x00000000080040c4                HAL_NVIC_SetPriorityGrouping
 .text.HAL_NVIC_SetPriority
                0x00000000080040e8       0x64 ./Drivers/STM32H7xx_HAL_Driver/Src/stm32h7xx_hal_cortex.o
                0x00000000080040e8                HAL_NVIC_SetPriority
 .text.HAL_NVIC_EnableIRQ
                0x000000000800414c       0x1c ./Drivers/STM32H7xx_HAL_Driver/Src/stm32h7xx_hal_cortex.o
                0x000000000800414c                HAL_NVIC_EnableIRQ
 .text.HAL_SYSTICK_Config
                0x0000000008004168       0x2c ./Drivers/STM32H7xx_HAL_Driver/Src/stm32h7xx_hal_cortex.o
                0x0000000008004168                HAL_SYSTICK_Config
 .text.DMA_SetConfig
                0x0000000008004194      0x184 ./Drivers/STM32H7xx_HAL_Driver/Src/stm32h7xx_hal_dma.o
 .text.DMA_CalcBaseAndBitshift
                0x0000000008004318       0x9c ./Drivers/STM32H7xx_HAL_Driver/Src/stm32h7xx_hal_dma.o
 .text.DMA_CalcDMAMUXChannelBaseAndMask
                0x00000000080043b4       0x90 ./Drivers/STM32H7xx_HAL_Driver/Src/stm32h7xx_hal_dma.o
 .text.DMA_CalcDMAMUXRequestGenBaseAndMask
                0x0000000008004444       0x70 ./Drivers/STM32H7xx_HAL_Driver/Src/stm32h7xx_hal_dma.o
 .text.HAL_DMA_Init
                0x00000000080044b4      0x384 ./Drivers/STM32H7xx_HAL_Driver/Src/stm32h7xx_hal_dma.o
                0x00000000080044b4                HAL_DMA_Init
 .text.HAL_DMA_Start_IT
                0x0000000008004838      0x238 ./Drivers/STM32H7xx_HAL_Driver/Src/stm32h7xx_hal_dma.o
                0x0000000008004838                HAL_DMA_Start_IT
 .text.HAL_DMA_Abort
                0x0000000008004a70      0x350 ./Drivers/STM32H7xx_HAL_Driver/Src/stm32h7xx_hal_dma.o
                0x0000000008004a70                HAL_DMA_Abort
 .text.HAL_DMA_Abort_IT
                0x0000000008004dc0      0x168 ./Drivers/STM32H7xx_HAL_Driver/Src/stm32h7xx_hal_dma.o
                0x0000000008004dc0                HAL_DMA_Abort_IT
 .text.HAL_DMA_IRQHandler
                0x0000000008004f28      0x550 ./Drivers/STM32H7xx_HAL_Driver/Src/stm32h7xx_hal_dma.o
                0x0000000008004f28                HAL_DMA_IRQHandler
 .text.HAL_GPIO_Init
                0x0000000008005478      0x1cc ./Drivers/STM32H7xx_HAL_Driver/Src/stm32h7xx_hal_gpio.o
                0x0000000008005478                HAL_GPIO_Init
 .text.HAL_GPIO_WritePin
                0x0000000008005644        0xa ./Drivers/STM32H7xx_HAL_Driver/Src/stm32h7xx_hal_gpio.o
                0x0000000008005644                HAL_GPIO_WritePin
 .text.HAL_GPIO_TogglePin
                0x000000000800564e       0x12 ./Drivers/STM32H7xx_HAL_Driver/Src/stm32h7xx_hal_gpio.o
                0x000000000800564e                HAL_GPIO_TogglePin
 .text.HAL_GPIO_EXTI_IRQHandler
                0x0000000008005660       0x18 ./Drivers/STM32H7xx_HAL_Driver/Src/stm32h7xx_hal_gpio.o
                0x0000000008005660                HAL_GPIO_EXTI_IRQHandler
 .text.I2C_Flush_TXDR
                0x0000000008005678       0x1c ./Drivers/STM32H7xx_HAL_Driver/Src/stm32h7xx_hal_i2c.o
 .text.I2C_TransferConfig
                0x0000000008005694       0x28 ./Drivers/STM32H7xx_HAL_Driver/Src/stm32h7xx_hal_i2c.o
 .text.I2C_IsAcknowledgeFailed
                0x00000000080056bc       0x7a ./Drivers/STM32H7xx_HAL_Driver/Src/stm32h7xx_hal_i2c.o
 .text.I2C_WaitOnSTOPFlagUntilTimeout
                0x0000000008005736       0x4a ./Drivers/STM32H7xx_HAL_Driver/Src/stm32h7xx_hal_i2c.o
 .text.I2C_WaitOnFlagUntilTimeout
                0x0000000008005780       0x54 ./Drivers/STM32H7xx_HAL_Driver/Src/stm32h7xx_hal_i2c.o
 .text.I2C_WaitOnTXISFlagUntilTimeout
                0x00000000080057d4       0x4e ./Drivers/STM32H7xx_HAL_Driver/Src/stm32h7xx_hal_i2c.o
 *fill*         0x0000000008005822        0x2 
 .text.I2C_RequestMemoryWrite
                0x0000000008005824       0x6c ./Drivers/STM32H7xx_HAL_Driver/Src/stm32h7xx_hal_i2c.o
 .text.I2C_RequestMemoryRead
                0x0000000008005890       0x6c ./Drivers/STM32H7xx_HAL_Driver/Src/stm32h7xx_hal_i2c.o
 .text.HAL_I2C_Init
                0x00000000080058fc       0xa2 ./Drivers/STM32H7xx_HAL_Driver/Src/stm32h7xx_hal_i2c.o
                0x00000000080058fc                HAL_I2C_Init
 .text.HAL_I2C_Mem_Write
                0x000000000800599e      0x16c ./Drivers/STM32H7xx_HAL_Driver/Src/stm32h7xx_hal_i2c.o
                0x000000000800599e                HAL_I2C_Mem_Write
 *fill*         0x0000000008005b0a        0x2 
 .text.HAL_I2C_Mem_Read
                0x0000000008005b0c      0x178 ./Drivers/STM32H7xx_HAL_Driver/Src/stm32h7xx_hal_i2c.o
                0x0000000008005b0c                HAL_I2C_Mem_Read
 .text.HAL_I2CEx_ConfigAnalogFilter
                0x0000000008005c84       0x4c ./Drivers/STM32H7xx_HAL_Driver/Src/stm32h7xx_hal_i2c_ex.o
                0x0000000008005c84                HAL_I2CEx_ConfigAnalogFilter
 .text.HAL_I2CEx_ConfigDigitalFilter
                0x0000000008005cd0       0x4a ./Drivers/STM32H7xx_HAL_Driver/Src/stm32h7xx_hal_i2c_ex.o
                0x0000000008005cd0                HAL_I2CEx_ConfigDigitalFilter
 *fill*         0x0000000008005d1a        0x2 
 .text.HAL_PWREx_ConfigSupply
                0x0000000008005d1c       0x48 ./Drivers/STM32H7xx_HAL_Driver/Src/stm32h7xx_hal_pwr_ex.o
                0x0000000008005d1c                HAL_PWREx_ConfigSupply
 .text.HAL_RCC_OscConfig
                0x0000000008005d64      0x530 ./Drivers/STM32H7xx_HAL_Driver/Src/stm32h7xx_hal_rcc.o
                0x0000000008005d64                HAL_RCC_OscConfig
 .text.HAL_RCC_GetSysClockFreq
                0x0000000008006294      0x140 ./Drivers/STM32H7xx_HAL_Driver/Src/stm32h7xx_hal_rcc.o
                0x0000000008006294                HAL_RCC_GetSysClockFreq
 .text.HAL_RCC_ClockConfig
                0x00000000080063d4      0x24c ./Drivers/STM32H7xx_HAL_Driver/Src/stm32h7xx_hal_rcc.o
                0x00000000080063d4                HAL_RCC_ClockConfig
 .text.HAL_RCC_GetHCLKFreq
                0x0000000008006620       0x44 ./Drivers/STM32H7xx_HAL_Driver/Src/stm32h7xx_hal_rcc.o
                0x0000000008006620                HAL_RCC_GetHCLKFreq
 .text.HAL_RCC_GetPCLK1Freq
                0x0000000008006664       0x24 ./Drivers/STM32H7xx_HAL_Driver/Src/stm32h7xx_hal_rcc.o
                0x0000000008006664                HAL_RCC_GetPCLK1Freq
 .text.HAL_RCC_GetPCLK2Freq
                0x0000000008006688       0x24 ./Drivers/STM32H7xx_HAL_Driver/Src/stm32h7xx_hal_rcc.o
                0x0000000008006688                HAL_RCC_GetPCLK2Freq
 .text.RCCEx_PLL2_Config
                0x00000000080066ac       0xf0 ./Drivers/STM32H7xx_HAL_Driver/Src/stm32h7xx_hal_rcc_ex.o
 .text.RCCEx_PLL3_Config
                0x000000000800679c       0xf0 ./Drivers/STM32H7xx_HAL_Driver/Src/stm32h7xx_hal_rcc_ex.o
 .text.HAL_RCCEx_PeriphCLKConfig
                0x000000000800688c      0x96c ./Drivers/STM32H7xx_HAL_Driver/Src/stm32h7xx_hal_rcc_ex.o
                0x000000000800688c                HAL_RCCEx_PeriphCLKConfig
 .text.HAL_RCCEx_GetD3PCLK1Freq
                0x00000000080071f8       0x24 ./Drivers/STM32H7xx_HAL_Driver/Src/stm32h7xx_hal_rcc_ex.o
                0x00000000080071f8                HAL_RCCEx_GetD3PCLK1Freq
 .text.HAL_RCCEx_GetPLL2ClockFreq
                0x000000000800721c      0x150 ./Drivers/STM32H7xx_HAL_Driver/Src/stm32h7xx_hal_rcc_ex.o
                0x000000000800721c                HAL_RCCEx_GetPLL2ClockFreq
 .text.HAL_RCCEx_GetPLL3ClockFreq
                0x000000000800736c      0x150 ./Drivers/STM32H7xx_HAL_Driver/Src/stm32h7xx_hal_rcc_ex.o
                0x000000000800736c                HAL_RCCEx_GetPLL3ClockFreq
 .text.HAL_RCCEx_GetPLL1ClockFreq
                0x00000000080074bc      0x150 ./Drivers/STM32H7xx_HAL_Driver/Src/stm32h7xx_hal_rcc_ex.o
                0x00000000080074bc                HAL_RCCEx_GetPLL1ClockFreq
 .text.HAL_RCCEx_GetPeriphCLKFreq
                0x000000000800760c      0x298 ./Drivers/STM32H7xx_HAL_Driver/Src/stm32h7xx_hal_rcc_ex.o
                0x000000000800760c                HAL_RCCEx_GetPeriphCLKFreq
 .text.SD_FindSCR
                0x00000000080078a4       0xcc ./Drivers/STM32H7xx_HAL_Driver/Src/stm32h7xx_hal_sd.o
 .text.HAL_SD_GetCardCSD
                0x0000000008007970      0x16c ./Drivers/STM32H7xx_HAL_Driver/Src/stm32h7xx_hal_sd.o
                0x0000000008007970                HAL_SD_GetCardCSD
 .text.HAL_SD_InitCard
                0x0000000008007adc      0x210 ./Drivers/STM32H7xx_HAL_Driver/Src/stm32h7xx_hal_sd.o
                0x0000000008007adc                HAL_SD_InitCard
 .text.HAL_SD_GetCardStatus
                0x0000000008007cec      0x17c ./Drivers/STM32H7xx_HAL_Driver/Src/stm32h7xx_hal_sd.o
                0x0000000008007cec                HAL_SD_GetCardStatus
 .text.HAL_SD_ConfigWideBusOperation
                0x0000000008007e68      0x194 ./Drivers/STM32H7xx_HAL_Driver/Src/stm32h7xx_hal_sd.o
                0x0000000008007e68                HAL_SD_ConfigWideBusOperation
 .text.HAL_SD_GetCardState
                0x0000000008007ffc       0x28 ./Drivers/STM32H7xx_HAL_Driver/Src/stm32h7xx_hal_sd.o
                0x0000000008007ffc                HAL_SD_GetCardState
 .text.HAL_SD_Init
                0x0000000008008024       0xa6 ./Drivers/STM32H7xx_HAL_Driver/Src/stm32h7xx_hal_sd.o
                0x0000000008008024                HAL_SD_Init
 *fill*         0x00000000080080ca        0x2 
 .text.TIM_OC1_SetConfig
                0x00000000080080cc       0x98 ./Drivers/STM32H7xx_HAL_Driver/Src/stm32h7xx_hal_tim.o
 .text.TIM_OC3_SetConfig
                0x0000000008008164       0x84 ./Drivers/STM32H7xx_HAL_Driver/Src/stm32h7xx_hal_tim.o
 .text.TIM_OC4_SetConfig
                0x00000000080081e8       0x64 ./Drivers/STM32H7xx_HAL_Driver/Src/stm32h7xx_hal_tim.o
 .text.TIM_OC5_SetConfig
                0x000000000800824c       0x64 ./Drivers/STM32H7xx_HAL_Driver/Src/stm32h7xx_hal_tim.o
 .text.TIM_OC6_SetConfig
                0x00000000080082b0       0x64 ./Drivers/STM32H7xx_HAL_Driver/Src/stm32h7xx_hal_tim.o
 .text.HAL_TIM_PeriodElapsedCallback
                0x0000000008008314        0x2 ./Drivers/STM32H7xx_HAL_Driver/Src/stm32h7xx_hal_tim.o
                0x0000000008008314                HAL_TIM_PeriodElapsedCallback
 .text.HAL_TIM_OC_DelayElapsedCallback
                0x0000000008008316        0x2 ./Drivers/STM32H7xx_HAL_Driver/Src/stm32h7xx_hal_tim.o
                0x0000000008008316                HAL_TIM_OC_DelayElapsedCallback
 .text.HAL_TIM_IC_CaptureCallback
                0x0000000008008318        0x2 ./Drivers/STM32H7xx_HAL_Driver/Src/stm32h7xx_hal_tim.o
                0x0000000008008318                HAL_TIM_IC_CaptureCallback
 .text.HAL_TIM_PWM_PulseFinishedCallback
                0x000000000800831a        0x2 ./Drivers/STM32H7xx_HAL_Driver/Src/stm32h7xx_hal_tim.o
                0x000000000800831a                HAL_TIM_PWM_PulseFinishedCallback
 .text.HAL_TIM_TriggerCallback
                0x000000000800831c        0x2 ./Drivers/STM32H7xx_HAL_Driver/Src/stm32h7xx_hal_tim.o
                0x000000000800831c                HAL_TIM_TriggerCallback
 .text.HAL_TIM_IRQHandler
                0x000000000800831e      0x160 ./Drivers/STM32H7xx_HAL_Driver/Src/stm32h7xx_hal_tim.o
                0x000000000800831e                HAL_TIM_IRQHandler
 *fill*         0x000000000800847e        0x2 
 .text.TIM_Base_SetConfig
                0x0000000008008480       0xcc ./Drivers/STM32H7xx_HAL_Driver/Src/stm32h7xx_hal_tim.o
                0x0000000008008480                TIM_Base_SetConfig
 .text.HAL_TIM_Base_Init
                0x000000000800854c       0x60 ./Drivers/STM32H7xx_HAL_Driver/Src/stm32h7xx_hal_tim.o
                0x000000000800854c                HAL_TIM_Base_Init
 .text.HAL_TIM_PWM_Init
                0x00000000080085ac       0x60 ./Drivers/STM32H7xx_HAL_Driver/Src/stm32h7xx_hal_tim.o
                0x00000000080085ac                HAL_TIM_PWM_Init
 .text.TIM_OC2_SetConfig
                0x000000000800860c       0x8c ./Drivers/STM32H7xx_HAL_Driver/Src/stm32h7xx_hal_tim.o
                0x000000000800860c                TIM_OC2_SetConfig
 .text.HAL_TIM_PWM_ConfigChannel
                0x0000000008008698      0x102 ./Drivers/STM32H7xx_HAL_Driver/Src/stm32h7xx_hal_tim.o
                0x0000000008008698                HAL_TIM_PWM_ConfigChannel
 .text.TIM_ETR_SetConfig
                0x000000000800879a       0x14 ./Drivers/STM32H7xx_HAL_Driver/Src/stm32h7xx_hal_tim.o
                0x000000000800879a                TIM_ETR_SetConfig
 *fill*         0x00000000080087ae        0x2 
 .text.HAL_TIM_ConfigClockSource
                0x00000000080087b0      0x160 ./Drivers/STM32H7xx_HAL_Driver/Src/stm32h7xx_hal_tim.o
                0x00000000080087b0                HAL_TIM_ConfigClockSource
 .text.TIM_CCxChannelCmd
                0x0000000008008910       0x1c ./Drivers/STM32H7xx_HAL_Driver/Src/stm32h7xx_hal_tim.o
                0x0000000008008910                TIM_CCxChannelCmd
 .text.HAL_TIM_OC_Start
                0x000000000800892c      0x110 ./Drivers/STM32H7xx_HAL_Driver/Src/stm32h7xx_hal_tim.o
                0x000000000800892c                HAL_TIM_OC_Start
 .text.HAL_TIM_PWM_Start
                0x0000000008008a3c        0x4 ./Drivers/STM32H7xx_HAL_Driver/Src/stm32h7xx_hal_tim.o
                0x0000000008008a3c                HAL_TIM_PWM_Start
 .text.HAL_TIMEx_MasterConfigSynchronization
                0x0000000008008a40       0x8c ./Drivers/STM32H7xx_HAL_Driver/Src/stm32h7xx_hal_tim_ex.o
                0x0000000008008a40                HAL_TIMEx_MasterConfigSynchronization
 .text.HAL_TIMEx_ConfigBreakDeadTime
                0x0000000008008acc       0x84 ./Drivers/STM32H7xx_HAL_Driver/Src/stm32h7xx_hal_tim_ex.o
                0x0000000008008acc                HAL_TIMEx_ConfigBreakDeadTime
 .text.HAL_TIMEx_CommutCallback
                0x0000000008008b50        0x2 ./Drivers/STM32H7xx_HAL_Driver/Src/stm32h7xx_hal_tim_ex.o
                0x0000000008008b50                HAL_TIMEx_CommutCallback
 .text.HAL_TIMEx_BreakCallback
                0x0000000008008b52        0x2 ./Drivers/STM32H7xx_HAL_Driver/Src/stm32h7xx_hal_tim_ex.o
                0x0000000008008b52                HAL_TIMEx_BreakCallback
 .text.HAL_TIMEx_Break2Callback
                0x0000000008008b54        0x2 ./Drivers/STM32H7xx_HAL_Driver/Src/stm32h7xx_hal_tim_ex.o
                0x0000000008008b54                HAL_TIMEx_Break2Callback
 .text.UART_EndRxTransfer
                0x0000000008008b56       0x32 ./Drivers/STM32H7xx_HAL_Driver/Src/stm32h7xx_hal_uart.o
 .text.HAL_UART_Transmit_DMA
                0x0000000008008b88       0x94 ./Drivers/STM32H7xx_HAL_Driver/Src/stm32h7xx_hal_uart.o
                0x0000000008008b88                HAL_UART_Transmit_DMA
 .text.UART_DMATransmitCplt
                0x0000000008008c1c       0x2e ./Drivers/STM32H7xx_HAL_Driver/Src/stm32h7xx_hal_uart.o
 .text.HAL_UART_TxHalfCpltCallback
                0x0000000008008c4a        0x2 ./Drivers/STM32H7xx_HAL_Driver/Src/stm32h7xx_hal_uart.o
                0x0000000008008c4a                HAL_UART_TxHalfCpltCallback
 .text.UART_DMATxHalfCplt
                0x0000000008008c4c        0xa ./Drivers/STM32H7xx_HAL_Driver/Src/stm32h7xx_hal_uart.o
 .text.HAL_UART_RxCpltCallback
                0x0000000008008c56        0x2 ./Drivers/STM32H7xx_HAL_Driver/Src/stm32h7xx_hal_uart.o
                0x0000000008008c56                HAL_UART_RxCpltCallback
 .text.HAL_UART_RxHalfCpltCallback
                0x0000000008008c58        0x2 ./Drivers/STM32H7xx_HAL_Driver/Src/stm32h7xx_hal_uart.o
                0x0000000008008c58                HAL_UART_RxHalfCpltCallback
 .text.HAL_UART_ErrorCallback
                0x0000000008008c5a        0x2 ./Drivers/STM32H7xx_HAL_Driver/Src/stm32h7xx_hal_uart.o
                0x0000000008008c5a                HAL_UART_ErrorCallback
 .text.UART_DMAError
                0x0000000008008c5c       0x5a ./Drivers/STM32H7xx_HAL_Driver/Src/stm32h7xx_hal_uart.o
 .text.UART_DMAAbortOnError
                0x0000000008008cb6       0x14 ./Drivers/STM32H7xx_HAL_Driver/Src/stm32h7xx_hal_uart.o
 *fill*         0x0000000008008cca        0x2 
 .text.HAL_UART_IRQHandler
                0x0000000008008ccc      0x2c4 ./Drivers/STM32H7xx_HAL_Driver/Src/stm32h7xx_hal_uart.o
                0x0000000008008ccc                HAL_UART_IRQHandler
 .text.UART_DMARxHalfCplt
                0x0000000008008f90       0x1c ./Drivers/STM32H7xx_HAL_Driver/Src/stm32h7xx_hal_uart.o
 .text.UART_DMAReceiveCplt
                0x0000000008008fac       0x58 ./Drivers/STM32H7xx_HAL_Driver/Src/stm32h7xx_hal_uart.o
 .text.UART_SetConfig
                0x0000000008009004      0x39c ./Drivers/STM32H7xx_HAL_Driver/Src/stm32h7xx_hal_uart.o
                0x0000000008009004                UART_SetConfig
 .text.UART_AdvFeatureConfig
                0x00000000080093a0       0xaa ./Drivers/STM32H7xx_HAL_Driver/Src/stm32h7xx_hal_uart.o
                0x00000000080093a0                UART_AdvFeatureConfig
 .text.UART_WaitOnFlagUntilTimeout
                0x000000000800944a       0x94 ./Drivers/STM32H7xx_HAL_Driver/Src/stm32h7xx_hal_uart.o
                0x000000000800944a                UART_WaitOnFlagUntilTimeout
 .text.UART_CheckIdleState
                0x00000000080094de       0x6a ./Drivers/STM32H7xx_HAL_Driver/Src/stm32h7xx_hal_uart.o
                0x00000000080094de                UART_CheckIdleState
 .text.HAL_UART_Init
                0x0000000008009548       0x60 ./Drivers/STM32H7xx_HAL_Driver/Src/stm32h7xx_hal_uart.o
                0x0000000008009548                HAL_UART_Init
 .text.UART_Start_Receive_DMA
                0x00000000080095a8       0x7c ./Drivers/STM32H7xx_HAL_Driver/Src/stm32h7xx_hal_uart.o
                0x00000000080095a8                UART_Start_Receive_DMA
 .text.UARTEx_SetNbDataToProcess
                0x0000000008009624       0x44 ./Drivers/STM32H7xx_HAL_Driver/Src/stm32h7xx_hal_uart_ex.o
 .text.HAL_UARTEx_WakeupCallback
                0x0000000008009668        0x2 ./Drivers/STM32H7xx_HAL_Driver/Src/stm32h7xx_hal_uart_ex.o
                0x0000000008009668                HAL_UARTEx_WakeupCallback
 .text.HAL_UARTEx_RxFifoFullCallback
                0x000000000800966a        0x2 ./Drivers/STM32H7xx_HAL_Driver/Src/stm32h7xx_hal_uart_ex.o
                0x000000000800966a                HAL_UARTEx_RxFifoFullCallback
 .text.HAL_UARTEx_TxFifoEmptyCallback
                0x000000000800966c        0x2 ./Drivers/STM32H7xx_HAL_Driver/Src/stm32h7xx_hal_uart_ex.o
                0x000000000800966c                HAL_UARTEx_TxFifoEmptyCallback
 .text.HAL_UARTEx_DisableFifoMode
                0x000000000800966e       0x36 ./Drivers/STM32H7xx_HAL_Driver/Src/stm32h7xx_hal_uart_ex.o
                0x000000000800966e                HAL_UARTEx_DisableFifoMode
 .text.HAL_UARTEx_SetTxFifoThreshold
                0x00000000080096a4       0x48 ./Drivers/STM32H7xx_HAL_Driver/Src/stm32h7xx_hal_uart_ex.o
                0x00000000080096a4                HAL_UARTEx_SetTxFifoThreshold
 .text.HAL_UARTEx_SetRxFifoThreshold
                0x00000000080096ec       0x48 ./Drivers/STM32H7xx_HAL_Driver/Src/stm32h7xx_hal_uart_ex.o
                0x00000000080096ec                HAL_UARTEx_SetRxFifoThreshold
 .text.HAL_UARTEx_ReceiveToIdle_DMA
                0x0000000008009734       0x48 ./Drivers/STM32H7xx_HAL_Driver/Src/stm32h7xx_hal_uart_ex.o
                0x0000000008009734                HAL_UARTEx_ReceiveToIdle_DMA
 .text.SDMMC_Init
                0x000000000800977c       0x34 ./Drivers/STM32H7xx_HAL_Driver/Src/stm32h7xx_ll_sdmmc.o
                0x000000000800977c                SDMMC_Init
 .text.SDMMC_ReadFIFO
                0x00000000080097b0        0x6 ./Drivers/STM32H7xx_HAL_Driver/Src/stm32h7xx_ll_sdmmc.o
                0x00000000080097b0                SDMMC_ReadFIFO
 .text.SDMMC_PowerState_ON
                0x00000000080097b6        0xc ./Drivers/STM32H7xx_HAL_Driver/Src/stm32h7xx_ll_sdmmc.o
                0x00000000080097b6                SDMMC_PowerState_ON
 .text.SDMMC_GetPowerState
                0x00000000080097c2        0x8 ./Drivers/STM32H7xx_HAL_Driver/Src/stm32h7xx_ll_sdmmc.o
                0x00000000080097c2                SDMMC_GetPowerState
 *fill*         0x00000000080097ca        0x2 
 .text.SDMMC_SendCommand
                0x00000000080097cc       0x28 ./Drivers/STM32H7xx_HAL_Driver/Src/stm32h7xx_ll_sdmmc.o
                0x00000000080097cc                SDMMC_SendCommand
 .text.SDMMC_GetResponse
                0x00000000080097f4        0x6 ./Drivers/STM32H7xx_HAL_Driver/Src/stm32h7xx_ll_sdmmc.o
                0x00000000080097f4                SDMMC_GetResponse
 .text.SDMMC_ConfigData
                0x00000000080097fa       0x26 ./Drivers/STM32H7xx_HAL_Driver/Src/stm32h7xx_ll_sdmmc.o
                0x00000000080097fa                SDMMC_ConfigData
 .text.SDMMC_CmdGoIdleState
                0x0000000008009820       0x50 ./Drivers/STM32H7xx_HAL_Driver/Src/stm32h7xx_ll_sdmmc.o
                0x0000000008009820                SDMMC_CmdGoIdleState
 .text.SDMMC_GetCmdResp1
                0x0000000008009870      0x128 ./Drivers/STM32H7xx_HAL_Driver/Src/stm32h7xx_ll_sdmmc.o
                0x0000000008009870                SDMMC_GetCmdResp1
 .text.SDMMC_CmdBlockLength
                0x0000000008009998       0x32 ./Drivers/STM32H7xx_HAL_Driver/Src/stm32h7xx_ll_sdmmc.o
                0x0000000008009998                SDMMC_CmdBlockLength
 .text.SDMMC_CmdSelDesel
                0x00000000080099ca       0x32 ./Drivers/STM32H7xx_HAL_Driver/Src/stm32h7xx_ll_sdmmc.o
                0x00000000080099ca                SDMMC_CmdSelDesel
 .text.SDMMC_CmdAppCommand
                0x00000000080099fc       0x32 ./Drivers/STM32H7xx_HAL_Driver/Src/stm32h7xx_ll_sdmmc.o
                0x00000000080099fc                SDMMC_CmdAppCommand
 .text.SDMMC_CmdBusWidth
                0x0000000008009a2e       0x32 ./Drivers/STM32H7xx_HAL_Driver/Src/stm32h7xx_ll_sdmmc.o
                0x0000000008009a2e                SDMMC_CmdBusWidth
 .text.SDMMC_CmdSendSCR
                0x0000000008009a60       0x32 ./Drivers/STM32H7xx_HAL_Driver/Src/stm32h7xx_ll_sdmmc.o
                0x0000000008009a60                SDMMC_CmdSendSCR
 .text.SDMMC_CmdSendStatus
                0x0000000008009a92       0x32 ./Drivers/STM32H7xx_HAL_Driver/Src/stm32h7xx_ll_sdmmc.o
                0x0000000008009a92                SDMMC_CmdSendStatus
 .text.SDMMC_CmdStatusRegister
                0x0000000008009ac4       0x32 ./Drivers/STM32H7xx_HAL_Driver/Src/stm32h7xx_ll_sdmmc.o
                0x0000000008009ac4                SDMMC_CmdStatusRegister
 *fill*         0x0000000008009af6        0x2 
 .text.SDMMC_GetCmdResp2
                0x0000000008009af8       0x50 ./Drivers/STM32H7xx_HAL_Driver/Src/stm32h7xx_ll_sdmmc.o
                0x0000000008009af8                SDMMC_GetCmdResp2
 .text.SDMMC_CmdSendCID
                0x0000000008009b48       0x2c ./Drivers/STM32H7xx_HAL_Driver/Src/stm32h7xx_ll_sdmmc.o
                0x0000000008009b48                SDMMC_CmdSendCID
 .text.SDMMC_CmdSendCSD
                0x0000000008009b74       0x2c ./Drivers/STM32H7xx_HAL_Driver/Src/stm32h7xx_ll_sdmmc.o
                0x0000000008009b74                SDMMC_CmdSendCSD
 .text.SDMMC_GetCmdResp3
                0x0000000008009ba0       0x48 ./Drivers/STM32H7xx_HAL_Driver/Src/stm32h7xx_ll_sdmmc.o
                0x0000000008009ba0                SDMMC_GetCmdResp3
 .text.SDMMC_CmdAppOperCommand
                0x0000000008009be8       0x2c ./Drivers/STM32H7xx_HAL_Driver/Src/stm32h7xx_ll_sdmmc.o
                0x0000000008009be8                SDMMC_CmdAppOperCommand
 .text.SDMMC_GetCmdResp6
                0x0000000008009c14       0x88 ./Drivers/STM32H7xx_HAL_Driver/Src/stm32h7xx_ll_sdmmc.o
                0x0000000008009c14                SDMMC_GetCmdResp6
 .text.SDMMC_CmdSetRelAdd
                0x0000000008009c9c       0x32 ./Drivers/STM32H7xx_HAL_Driver/Src/stm32h7xx_ll_sdmmc.o
                0x0000000008009c9c                SDMMC_CmdSetRelAdd
 *fill*         0x0000000008009cce        0x2 
 .text.SDMMC_GetCmdResp7
                0x0000000008009cd0       0x54 ./Drivers/STM32H7xx_HAL_Driver/Src/stm32h7xx_ll_sdmmc.o
                0x0000000008009cd0                SDMMC_GetCmdResp7
 .text.SDMMC_CmdOperCond
                0x0000000008009d24       0x30 ./Drivers/STM32H7xx_HAL_Driver/Src/stm32h7xx_ll_sdmmc.o
                0x0000000008009d24                SDMMC_CmdOperCond
 .text.LL_TIM_Init
                0x0000000008009d54       0xc8 ./Drivers/STM32H7xx_HAL_Driver/Src/stm32h7xx_ll_tim.o
                0x0000000008009d54                LL_TIM_Init
 .text.RC5_INIT
                0x0000000008009e1c       0x20 ./Drivers/TSOP2236/TSOP_2236_T.o
                0x0000000008009e1c                RC5_INIT
 .text.RC5_100usTimer
                0x0000000008009e3c       0x10 ./Drivers/TSOP2236/TSOP_2236_T.o
                0x0000000008009e3c                RC5_100usTimer
 .text.RC5_Get_Signal
                0x0000000008009e4c       0x2c ./Drivers/TSOP2236/TSOP_2236_T.o
                0x0000000008009e4c                RC5_Get_Signal
 .text.RC5_IR_EXTI_GPIO_ReceiveAndDecodeFunction
                0x0000000008009e78       0x90 ./Drivers/TSOP2236/TSOP_2236_T.o
                0x0000000008009e78                RC5_IR_EXTI_GPIO_ReceiveAndDecodeFunction
 .text.RC5_ReadNormal
                0x0000000008009f08       0x16 ./Drivers/TSOP2236/TSOP_2236_T.o
                0x0000000008009f08                RC5_ReadNormal
 .text.atof     0x0000000008009f1e        0x6 e:/stm32cubeide_1.6.1/stm32cubeide/plugins/com.st.stm32cube.ide.mcu.externaltools.gnu-tools-for-stm32.9-2020-q2-update.win32_2.0.0.202105311346/tools/bin/../lib/gcc/arm-none-eabi/9.3.1/../../../../arm-none-eabi/lib/thumb/v7e-m+dp/hard\libc_nano.a(lib_a-atof.o)
                0x0000000008009f1e                atof
 .text.atoi     0x0000000008009f24        0x8 e:/stm32cubeide_1.6.1/stm32cubeide/plugins/com.st.stm32cube.ide.mcu.externaltools.gnu-tools-for-stm32.9-2020-q2-update.win32_2.0.0.202105311346/tools/bin/../lib/gcc/arm-none-eabi/9.3.1/../../../../arm-none-eabi/lib/thumb/v7e-m+dp/hard\libc_nano.a(lib_a-atoi.o)
                0x0000000008009f24                atoi
 .text.__errno  0x0000000008009f2c        0xc e:/stm32cubeide_1.6.1/stm32cubeide/plugins/com.st.stm32cube.ide.mcu.externaltools.gnu-tools-for-stm32.9-2020-q2-update.win32_2.0.0.202105311346/tools/bin/../lib/gcc/arm-none-eabi/9.3.1/../../../../arm-none-eabi/lib/thumb/v7e-m+dp/hard\libc_nano.a(lib_a-errno.o)
                0x0000000008009f2c                __errno
 .text.__libc_init_array
                0x0000000008009f38       0x48 e:/stm32cubeide_1.6.1/stm32cubeide/plugins/com.st.stm32cube.ide.mcu.externaltools.gnu-tools-for-stm32.9-2020-q2-update.win32_2.0.0.202105311346/tools/bin/../lib/gcc/arm-none-eabi/9.3.1/../../../../arm-none-eabi/lib/thumb/v7e-m+dp/hard\libc_nano.a(lib_a-init.o)
                0x0000000008009f38                __libc_init_array
 .text.__itoa   0x0000000008009f80       0x30 e:/stm32cubeide_1.6.1/stm32cubeide/plugins/com.st.stm32cube.ide.mcu.externaltools.gnu-tools-for-stm32.9-2020-q2-update.win32_2.0.0.202105311346/tools/bin/../lib/gcc/arm-none-eabi/9.3.1/../../../../arm-none-eabi/lib/thumb/v7e-m+dp/hard\libc_nano.a(lib_a-itoa.o)
                0x0000000008009f80                __itoa
 .text.itoa     0x0000000008009fb0        0x4 e:/stm32cubeide_1.6.1/stm32cubeide/plugins/com.st.stm32cube.ide.mcu.externaltools.gnu-tools-for-stm32.9-2020-q2-update.win32_2.0.0.202105311346/tools/bin/../lib/gcc/arm-none-eabi/9.3.1/../../../../arm-none-eabi/lib/thumb/v7e-m+dp/hard\libc_nano.a(lib_a-itoa.o)
                0x0000000008009fb0                itoa
 .text.malloc   0x0000000008009fb4       0x10 e:/stm32cubeide_1.6.1/stm32cubeide/plugins/com.st.stm32cube.ide.mcu.externaltools.gnu-tools-for-stm32.9-2020-q2-update.win32_2.0.0.202105311346/tools/bin/../lib/gcc/arm-none-eabi/9.3.1/../../../../arm-none-eabi/lib/thumb/v7e-m+dp/hard\libc_nano.a(lib_a-malloc.o)
                0x0000000008009fb4                malloc
 .text.memset   0x0000000008009fc4       0x10 e:/stm32cubeide_1.6.1/stm32cubeide/plugins/com.st.stm32cube.ide.mcu.externaltools.gnu-tools-for-stm32.9-2020-q2-update.win32_2.0.0.202105311346/tools/bin/../lib/gcc/arm-none-eabi/9.3.1/../../../../arm-none-eabi/lib/thumb/v7e-m+dp/hard\libc_nano.a(lib_a-memset.o)
                0x0000000008009fc4                memset
 .text._free_r  0x0000000008009fd4       0xa0 e:/stm32cubeide_1.6.1/stm32cubeide/plugins/com.st.stm32cube.ide.mcu.externaltools.gnu-tools-for-stm32.9-2020-q2-update.win32_2.0.0.202105311346/tools/bin/../lib/gcc/arm-none-eabi/9.3.1/../../../../arm-none-eabi/lib/thumb/v7e-m+dp/hard\libc_nano.a(lib_a-nano-freer.o)
                0x0000000008009fd4                _free_r
 .text._malloc_r
                0x000000000800a074       0xb4 e:/stm32cubeide_1.6.1/stm32cubeide/plugins/com.st.stm32cube.ide.mcu.externaltools.gnu-tools-for-stm32.9-2020-q2-update.win32_2.0.0.202105311346/tools/bin/../lib/gcc/arm-none-eabi/9.3.1/../../../../arm-none-eabi/lib/thumb/v7e-m+dp/hard\libc_nano.a(lib_a-nano-mallocr.o)
                0x000000000800a074                _malloc_r
 .text.__cvt    0x000000000800a128       0xa4 e:/stm32cubeide_1.6.1/stm32cubeide/plugins/com.st.stm32cube.ide.mcu.externaltools.gnu-tools-for-stm32.9-2020-q2-update.win32_2.0.0.202105311346/tools/bin/../lib/gcc/arm-none-eabi/9.3.1/../../../../arm-none-eabi/lib/thumb/v7e-m+dp/hard\libc_nano.a(lib_a-nano-vfprintf_float.o)
                0x000000000800a128                __cvt
 .text.__exponent
                0x000000000800a1cc       0x7c e:/stm32cubeide_1.6.1/stm32cubeide/plugins/com.st.stm32cube.ide.mcu.externaltools.gnu-tools-for-stm32.9-2020-q2-update.win32_2.0.0.202105311346/tools/bin/../lib/gcc/arm-none-eabi/9.3.1/../../../../arm-none-eabi/lib/thumb/v7e-m+dp/hard\libc_nano.a(lib_a-nano-vfprintf_float.o)
                0x000000000800a1cc                __exponent
 .text._printf_float
                0x000000000800a248      0x43c e:/stm32cubeide_1.6.1/stm32cubeide/plugins/com.st.stm32cube.ide.mcu.externaltools.gnu-tools-for-stm32.9-2020-q2-update.win32_2.0.0.202105311346/tools/bin/../lib/gcc/arm-none-eabi/9.3.1/../../../../arm-none-eabi/lib/thumb/v7e-m+dp/hard\libc_nano.a(lib_a-nano-vfprintf_float.o)
                0x000000000800a248                _printf_float
 .text._printf_common
                0x000000000800a684       0xda e:/stm32cubeide_1.6.1/stm32cubeide/plugins/com.st.stm32cube.ide.mcu.externaltools.gnu-tools-for-stm32.9-2020-q2-update.win32_2.0.0.202105311346/tools/bin/../lib/gcc/arm-none-eabi/9.3.1/../../../../arm-none-eabi/lib/thumb/v7e-m+dp/hard\libc_nano.a(lib_a-nano-vfprintf_i.o)
                0x000000000800a684                _printf_common
 *fill*         0x000000000800a75e        0x2 
 .text._printf_i
                0x000000000800a760      0x24c e:/stm32cubeide_1.6.1/stm32cubeide/plugins/com.st.stm32cube.ide.mcu.externaltools.gnu-tools-for-stm32.9-2020-q2-update.win32_2.0.0.202105311346/tools/bin/../lib/gcc/arm-none-eabi/9.3.1/../../../../arm-none-eabi/lib/thumb/v7e-m+dp/hard\libc_nano.a(lib_a-nano-vfprintf_i.o)
                0x000000000800a760                _printf_i
 .text._sbrk_r  0x000000000800a9ac       0x20 e:/stm32cubeide_1.6.1/stm32cubeide/plugins/com.st.stm32cube.ide.mcu.externaltools.gnu-tools-for-stm32.9-2020-q2-update.win32_2.0.0.202105311346/tools/bin/../lib/gcc/arm-none-eabi/9.3.1/../../../../arm-none-eabi/lib/thumb/v7e-m+dp/hard\libc_nano.a(lib_a-sbrkr.o)
                0x000000000800a9ac                _sbrk_r
 .text.sprintf  0x000000000800a9cc       0x40 e:/stm32cubeide_1.6.1/stm32cubeide/plugins/com.st.stm32cube.ide.mcu.externaltools.gnu-tools-for-stm32.9-2020-q2-update.win32_2.0.0.202105311346/tools/bin/../lib/gcc/arm-none-eabi/9.3.1/../../../../arm-none-eabi/lib/thumb/v7e-m+dp/hard\libc_nano.a(lib_a-sprintf.o)
                0x000000000800a9cc                siprintf
                0x000000000800a9cc                sprintf
 .text.strcat   0x000000000800aa0c       0x1e e:/stm32cubeide_1.6.1/stm32cubeide/plugins/com.st.stm32cube.ide.mcu.externaltools.gnu-tools-for-stm32.9-2020-q2-update.win32_2.0.0.202105311346/tools/bin/../lib/gcc/arm-none-eabi/9.3.1/../../../../arm-none-eabi/lib/thumb/v7e-m+dp/hard\libc_nano.a(lib_a-strcat.o)
                0x000000000800aa0c                strcat
 .text.strcpy   0x000000000800aa2a       0x10 e:/stm32cubeide_1.6.1/stm32cubeide/plugins/com.st.stm32cube.ide.mcu.externaltools.gnu-tools-for-stm32.9-2020-q2-update.win32_2.0.0.202105311346/tools/bin/../lib/gcc/arm-none-eabi/9.3.1/../../../../arm-none-eabi/lib/thumb/v7e-m+dp/hard\libc_nano.a(lib_a-strcpy.o)
                0x000000000800aa2a                strcpy
 .text.sulp     0x000000000800aa3a       0x34 e:/stm32cubeide_1.6.1/stm32cubeide/plugins/com.st.stm32cube.ide.mcu.externaltools.gnu-tools-for-stm32.9-2020-q2-update.win32_2.0.0.202105311346/tools/bin/../lib/gcc/arm-none-eabi/9.3.1/../../../../arm-none-eabi/lib/thumb/v7e-m+dp/hard\libc_nano.a(lib_a-strtod.o)
 *fill*         0x000000000800aa6e        0x2 
 .text._strtod_l
                0x000000000800aa70      0xbac e:/stm32cubeide_1.6.1/stm32cubeide/plugins/com.st.stm32cube.ide.mcu.externaltools.gnu-tools-for-stm32.9-2020-q2-update.win32_2.0.0.202105311346/tools/bin/../lib/gcc/arm-none-eabi/9.3.1/../../../../arm-none-eabi/lib/thumb/v7e-m+dp/hard\libc_nano.a(lib_a-strtod.o)
                0x000000000800aa70                _strtod_l
 .text.strtod   0x000000000800b61c       0x18 e:/stm32cubeide_1.6.1/stm32cubeide/plugins/com.st.stm32cube.ide.mcu.externaltools.gnu-tools-for-stm32.9-2020-q2-update.win32_2.0.0.202105311346/tools/bin/../lib/gcc/arm-none-eabi/9.3.1/../../../../arm-none-eabi/lib/thumb/v7e-m+dp/hard\libc_nano.a(lib_a-strtod.o)
                0x000000000800b61c                strtod
 .text._strtol_l.isra.0
                0x000000000800b634      0x108 e:/stm32cubeide_1.6.1/stm32cubeide/plugins/com.st.stm32cube.ide.mcu.externaltools.gnu-tools-for-stm32.9-2020-q2-update.win32_2.0.0.202105311346/tools/bin/../lib/gcc/arm-none-eabi/9.3.1/../../../../arm-none-eabi/lib/thumb/v7e-m+dp/hard\libc_nano.a(lib_a-strtol.o)
 .text.strtol   0x000000000800b73c       0x14 e:/stm32cubeide_1.6.1/stm32cubeide/plugins/com.st.stm32cube.ide.mcu.externaltools.gnu-tools-for-stm32.9-2020-q2-update.win32_2.0.0.202105311346/tools/bin/../lib/gcc/arm-none-eabi/9.3.1/../../../../arm-none-eabi/lib/thumb/v7e-m+dp/hard\libc_nano.a(lib_a-strtol.o)
                0x000000000800b73c                strtol
 .text.__utoa   0x000000000800b750       0x84 e:/stm32cubeide_1.6.1/stm32cubeide/plugins/com.st.stm32cube.ide.mcu.externaltools.gnu-tools-for-stm32.9-2020-q2-update.win32_2.0.0.202105311346/tools/bin/../lib/gcc/arm-none-eabi/9.3.1/../../../../arm-none-eabi/lib/thumb/v7e-m+dp/hard\libc_nano.a(lib_a-utoa.o)
                0x000000000800b750                __utoa
 .text.quorem   0x000000000800b7d4      0x116 e:/stm32cubeide_1.6.1/stm32cubeide/plugins/com.st.stm32cube.ide.mcu.externaltools.gnu-tools-for-stm32.9-2020-q2-update.win32_2.0.0.202105311346/tools/bin/../lib/gcc/arm-none-eabi/9.3.1/../../../../arm-none-eabi/lib/thumb/v7e-m+dp/hard\libc_nano.a(lib_a-dtoa.o)
 *fill*         0x000000000800b8ea        0x6 
 .text._dtoa_r  0x000000000800b8f0      0xb04 e:/stm32cubeide_1.6.1/stm32cubeide/plugins/com.st.stm32cube.ide.mcu.externaltools.gnu-tools-for-stm32.9-2020-q2-update.win32_2.0.0.202105311346/tools/bin/../lib/gcc/arm-none-eabi/9.3.1/../../../../arm-none-eabi/lib/thumb/v7e-m+dp/hard\libc_nano.a(lib_a-dtoa.o)
                0x000000000800b8f0                _dtoa_r
 .text.rshift   0x000000000800c3f4       0xa4 e:/stm32cubeide_1.6.1/stm32cubeide/plugins/com.st.stm32cube.ide.mcu.externaltools.gnu-tools-for-stm32.9-2020-q2-update.win32_2.0.0.202105311346/tools/bin/../lib/gcc/arm-none-eabi/9.3.1/../../../../arm-none-eabi/lib/thumb/v7e-m+dp/hard\libc_nano.a(lib_a-gdtoa-gethex.o)
 .text.__hexdig_fun
                0x000000000800c498       0x2a e:/stm32cubeide_1.6.1/stm32cubeide/plugins/com.st.stm32cube.ide.mcu.externaltools.gnu-tools-for-stm32.9-2020-q2-update.win32_2.0.0.202105311346/tools/bin/../lib/gcc/arm-none-eabi/9.3.1/../../../../arm-none-eabi/lib/thumb/v7e-m+dp/hard\libc_nano.a(lib_a-gdtoa-gethex.o)
                0x000000000800c498                __hexdig_fun
 *fill*         0x000000000800c4c2        0x2 
 .text.__gethex
                0x000000000800c4c4      0x48c e:/stm32cubeide_1.6.1/stm32cubeide/plugins/com.st.stm32cube.ide.mcu.externaltools.gnu-tools-for-stm32.9-2020-q2-update.win32_2.0.0.202105311346/tools/bin/../lib/gcc/arm-none-eabi/9.3.1/../../../../arm-none-eabi/lib/thumb/v7e-m+dp/hard\libc_nano.a(lib_a-gdtoa-gethex.o)
                0x000000000800c4c4                __gethex
 .text.L_shift  0x000000000800c950       0x24 e:/stm32cubeide_1.6.1/stm32cubeide/plugins/com.st.stm32cube.ide.mcu.externaltools.gnu-tools-for-stm32.9-2020-q2-update.win32_2.0.0.202105311346/tools/bin/../lib/gcc/arm-none-eabi/9.3.1/../../../../arm-none-eabi/lib/thumb/v7e-m+dp/hard\libc_nano.a(lib_a-gdtoa-hexnan.o)
 .text.__match  0x000000000800c974       0x28 e:/stm32cubeide_1.6.1/stm32cubeide/plugins/com.st.stm32cube.ide.mcu.externaltools.gnu-tools-for-stm32.9-2020-q2-update.win32_2.0.0.202105311346/tools/bin/../lib/gcc/arm-none-eabi/9.3.1/../../../../arm-none-eabi/lib/thumb/v7e-m+dp/hard\libc_nano.a(lib_a-gdtoa-hexnan.o)
                0x000000000800c974                __match
 .text.__hexnan
                0x000000000800c99c      0x138 e:/stm32cubeide_1.6.1/stm32cubeide/plugins/com.st.stm32cube.ide.mcu.externaltools.gnu-tools-for-stm32.9-2020-q2-update.win32_2.0.0.202105311346/tools/bin/../lib/gcc/arm-none-eabi/9.3.1/../../../../arm-none-eabi/lib/thumb/v7e-m+dp/hard\libc_nano.a(lib_a-gdtoa-hexnan.o)
                0x000000000800c99c                __hexnan
 .text._localeconv_r
                0x000000000800cad4        0x8 e:/stm32cubeide_1.6.1/stm32cubeide/plugins/com.st.stm32cube.ide.mcu.externaltools.gnu-tools-for-stm32.9-2020-q2-update.win32_2.0.0.202105311346/tools/bin/../lib/gcc/arm-none-eabi/9.3.1/../../../../arm-none-eabi/lib/thumb/v7e-m+dp/hard\libc_nano.a(lib_a-localeconv.o)
                0x000000000800cad4                _localeconv_r
 .text.__ascii_mbtowc
                0x000000000800cadc       0x24 e:/stm32cubeide_1.6.1/stm32cubeide/plugins/com.st.stm32cube.ide.mcu.externaltools.gnu-tools-for-stm32.9-2020-q2-update.win32_2.0.0.202105311346/tools/bin/../lib/gcc/arm-none-eabi/9.3.1/../../../../arm-none-eabi/lib/thumb/v7e-m+dp/hard\libc_nano.a(lib_a-mbtowc_r.o)
                0x000000000800cadc                __ascii_mbtowc
 .text.memcpy   0x000000000800cb00       0x1c e:/stm32cubeide_1.6.1/stm32cubeide/plugins/com.st.stm32cube.ide.mcu.externaltools.gnu-tools-for-stm32.9-2020-q2-update.win32_2.0.0.202105311346/tools/bin/../lib/gcc/arm-none-eabi/9.3.1/../../../../arm-none-eabi/lib/thumb/v7e-m+dp/hard\libc_nano.a(lib_a-memcpy-stub.o)
                0x000000000800cb00                memcpy
 .text.__malloc_lock
                0x000000000800cb1c        0xc e:/stm32cubeide_1.6.1/stm32cubeide/plugins/com.st.stm32cube.ide.mcu.externaltools.gnu-tools-for-stm32.9-2020-q2-update.win32_2.0.0.202105311346/tools/bin/../lib/gcc/arm-none-eabi/9.3.1/../../../../arm-none-eabi/lib/thumb/v7e-m+dp/hard\libc_nano.a(lib_a-mlock.o)
                0x000000000800cb1c                __malloc_lock
 .text.__malloc_unlock
                0x000000000800cb28        0xc e:/stm32cubeide_1.6.1/stm32cubeide/plugins/com.st.stm32cube.ide.mcu.externaltools.gnu-tools-for-stm32.9-2020-q2-update.win32_2.0.0.202105311346/tools/bin/../lib/gcc/arm-none-eabi/9.3.1/../../../../arm-none-eabi/lib/thumb/v7e-m+dp/hard\libc_nano.a(lib_a-mlock.o)
                0x000000000800cb28                __malloc_unlock
 .text._Balloc  0x000000000800cb34       0x80 e:/stm32cubeide_1.6.1/stm32cubeide/plugins/com.st.stm32cube.ide.mcu.externaltools.gnu-tools-for-stm32.9-2020-q2-update.win32_2.0.0.202105311346/tools/bin/../lib/gcc/arm-none-eabi/9.3.1/../../../../arm-none-eabi/lib/thumb/v7e-m+dp/hard\libc_nano.a(lib_a-mprec.o)
                0x000000000800cb34                _Balloc
 .text._Bfree   0x000000000800cbb4       0x44 e:/stm32cubeide_1.6.1/stm32cubeide/plugins/com.st.stm32cube.ide.mcu.externaltools.gnu-tools-for-stm32.9-2020-q2-update.win32_2.0.0.202105311346/tools/bin/../lib/gcc/arm-none-eabi/9.3.1/../../../../arm-none-eabi/lib/thumb/v7e-m+dp/hard\libc_nano.a(lib_a-mprec.o)
                0x000000000800cbb4                _Bfree
 .text.__multadd
                0x000000000800cbf8       0x94 e:/stm32cubeide_1.6.1/stm32cubeide/plugins/com.st.stm32cube.ide.mcu.externaltools.gnu-tools-for-stm32.9-2020-q2-update.win32_2.0.0.202105311346/tools/bin/../lib/gcc/arm-none-eabi/9.3.1/../../../../arm-none-eabi/lib/thumb/v7e-m+dp/hard\libc_nano.a(lib_a-mprec.o)
                0x000000000800cbf8                __multadd
 .text.__s2b    0x000000000800cc8c       0x94 e:/stm32cubeide_1.6.1/stm32cubeide/plugins/com.st.stm32cube.ide.mcu.externaltools.gnu-tools-for-stm32.9-2020-q2-update.win32_2.0.0.202105311346/tools/bin/../lib/gcc/arm-none-eabi/9.3.1/../../../../arm-none-eabi/lib/thumb/v7e-m+dp/hard\libc_nano.a(lib_a-mprec.o)
                0x000000000800cc8c                __s2b
 .text.__hi0bits
                0x000000000800cd20       0x40 e:/stm32cubeide_1.6.1/stm32cubeide/plugins/com.st.stm32cube.ide.mcu.externaltools.gnu-tools-for-stm32.9-2020-q2-update.win32_2.0.0.202105311346/tools/bin/../lib/gcc/arm-none-eabi/9.3.1/../../../../arm-none-eabi/lib/thumb/v7e-m+dp/hard\libc_nano.a(lib_a-mprec.o)
                0x000000000800cd20                __hi0bits
 .text.__lo0bits
                0x000000000800cd60       0x60 e:/stm32cubeide_1.6.1/stm32cubeide/plugins/com.st.stm32cube.ide.mcu.externaltools.gnu-tools-for-stm32.9-2020-q2-update.win32_2.0.0.202105311346/tools/bin/../lib/gcc/arm-none-eabi/9.3.1/../../../../arm-none-eabi/lib/thumb/v7e-m+dp/hard\libc_nano.a(lib_a-mprec.o)
                0x000000000800cd60                __lo0bits
 .text.__i2b    0x000000000800cdc0       0x2c e:/stm32cubeide_1.6.1/stm32cubeide/plugins/com.st.stm32cube.ide.mcu.externaltools.gnu-tools-for-stm32.9-2020-q2-update.win32_2.0.0.202105311346/tools/bin/../lib/gcc/arm-none-eabi/9.3.1/../../../../arm-none-eabi/lib/thumb/v7e-m+dp/hard\libc_nano.a(lib_a-mprec.o)
                0x000000000800cdc0                __i2b
 .text.__multiply
                0x000000000800cdec      0x14c e:/stm32cubeide_1.6.1/stm32cubeide/plugins/com.st.stm32cube.ide.mcu.externaltools.gnu-tools-for-stm32.9-2020-q2-update.win32_2.0.0.202105311346/tools/bin/../lib/gcc/arm-none-eabi/9.3.1/../../../../arm-none-eabi/lib/thumb/v7e-m+dp/hard\libc_nano.a(lib_a-mprec.o)
                0x000000000800cdec                __multiply
 .text.__pow5mult
                0x000000000800cf38       0xb4 e:/stm32cubeide_1.6.1/stm32cubeide/plugins/com.st.stm32cube.ide.mcu.externaltools.gnu-tools-for-stm32.9-2020-q2-update.win32_2.0.0.202105311346/tools/bin/../lib/gcc/arm-none-eabi/9.3.1/../../../../arm-none-eabi/lib/thumb/v7e-m+dp/hard\libc_nano.a(lib_a-mprec.o)
                0x000000000800cf38                __pow5mult
 .text.__lshift
                0x000000000800cfec       0xd8 e:/stm32cubeide_1.6.1/stm32cubeide/plugins/com.st.stm32cube.ide.mcu.externaltools.gnu-tools-for-stm32.9-2020-q2-update.win32_2.0.0.202105311346/tools/bin/../lib/gcc/arm-none-eabi/9.3.1/../../../../arm-none-eabi/lib/thumb/v7e-m+dp/hard\libc_nano.a(lib_a-mprec.o)
                0x000000000800cfec                __lshift
 .text.__mcmp   0x000000000800d0c4       0x38 e:/stm32cubeide_1.6.1/stm32cubeide/plugins/com.st.stm32cube.ide.mcu.externaltools.gnu-tools-for-stm32.9-2020-q2-update.win32_2.0.0.202105311346/tools/bin/../lib/gcc/arm-none-eabi/9.3.1/../../../../arm-none-eabi/lib/thumb/v7e-m+dp/hard\libc_nano.a(lib_a-mprec.o)
                0x000000000800d0c4                __mcmp
 .text.__mdiff  0x000000000800d0fc      0x110 e:/stm32cubeide_1.6.1/stm32cubeide/plugins/com.st.stm32cube.ide.mcu.externaltools.gnu-tools-for-stm32.9-2020-q2-update.win32_2.0.0.202105311346/tools/bin/../lib/gcc/arm-none-eabi/9.3.1/../../../../arm-none-eabi/lib/thumb/v7e-m+dp/hard\libc_nano.a(lib_a-mprec.o)
                0x000000000800d0fc                __mdiff
 .text.__ulp    0x000000000800d20c       0x58 e:/stm32cubeide_1.6.1/stm32cubeide/plugins/com.st.stm32cube.ide.mcu.externaltools.gnu-tools-for-stm32.9-2020-q2-update.win32_2.0.0.202105311346/tools/bin/../lib/gcc/arm-none-eabi/9.3.1/../../../../arm-none-eabi/lib/thumb/v7e-m+dp/hard\libc_nano.a(lib_a-mprec.o)
                0x000000000800d20c                __ulp
 .text.__b2d    0x000000000800d264       0xa0 e:/stm32cubeide_1.6.1/stm32cubeide/plugins/com.st.stm32cube.ide.mcu.externaltools.gnu-tools-for-stm32.9-2020-q2-update.win32_2.0.0.202105311346/tools/bin/../lib/gcc/arm-none-eabi/9.3.1/../../../../arm-none-eabi/lib/thumb/v7e-m+dp/hard\libc_nano.a(lib_a-mprec.o)
                0x000000000800d264                __b2d
 .text.__d2b    0x000000000800d304       0xb8 e:/stm32cubeide_1.6.1/stm32cubeide/plugins/com.st.stm32cube.ide.mcu.externaltools.gnu-tools-for-stm32.9-2020-q2-update.win32_2.0.0.202105311346/tools/bin/../lib/gcc/arm-none-eabi/9.3.1/../../../../arm-none-eabi/lib/thumb/v7e-m+dp/hard\libc_nano.a(lib_a-mprec.o)
                0x000000000800d304                __d2b
 .text.__ratio  0x000000000800d3bc       0x68 e:/stm32cubeide_1.6.1/stm32cubeide/plugins/com.st.stm32cube.ide.mcu.externaltools.gnu-tools-for-stm32.9-2020-q2-update.win32_2.0.0.202105311346/tools/bin/../lib/gcc/arm-none-eabi/9.3.1/../../../../arm-none-eabi/lib/thumb/v7e-m+dp/hard\libc_nano.a(lib_a-mprec.o)
                0x000000000800d3bc                __ratio
 .text.__copybits
                0x000000000800d424       0x46 e:/stm32cubeide_1.6.1/stm32cubeide/plugins/com.st.stm32cube.ide.mcu.externaltools.gnu-tools-for-stm32.9-2020-q2-update.win32_2.0.0.202105311346/tools/bin/../lib/gcc/arm-none-eabi/9.3.1/../../../../arm-none-eabi/lib/thumb/v7e-m+dp/hard\libc_nano.a(lib_a-mprec.o)
                0x000000000800d424                __copybits
 .text.__any_on
                0x000000000800d46a       0x42 e:/stm32cubeide_1.6.1/stm32cubeide/plugins/com.st.stm32cube.ide.mcu.externaltools.gnu-tools-for-stm32.9-2020-q2-update.win32_2.0.0.202105311346/tools/bin/../lib/gcc/arm-none-eabi/9.3.1/../../../../arm-none-eabi/lib/thumb/v7e-m+dp/hard\libc_nano.a(lib_a-mprec.o)
                0x000000000800d46a                __any_on
 .text._calloc_r
                0x000000000800d4ac       0x1e e:/stm32cubeide_1.6.1/stm32cubeide/plugins/com.st.stm32cube.ide.mcu.externaltools.gnu-tools-for-stm32.9-2020-q2-update.win32_2.0.0.202105311346/tools/bin/../lib/gcc/arm-none-eabi/9.3.1/../../../../arm-none-eabi/lib/thumb/v7e-m+dp/hard\libc_nano.a(lib_a-nano-callocr.o)
                0x000000000800d4ac                _calloc_r
 .text.__ssputs_r
                0x000000000800d4ca       0xb6 e:/stm32cubeide_1.6.1/stm32cubeide/plugins/com.st.stm32cube.ide.mcu.externaltools.gnu-tools-for-stm32.9-2020-q2-update.win32_2.0.0.202105311346/tools/bin/../lib/gcc/arm-none-eabi/9.3.1/../../../../arm-none-eabi/lib/thumb/v7e-m+dp/hard\libc_nano.a(lib_a-nano-svfprintf.o)
                0x000000000800d4ca                __ssputs_r
 .text._svfprintf_r
                0x000000000800d580      0x200 e:/stm32cubeide_1.6.1/stm32cubeide/plugins/com.st.stm32cube.ide.mcu.externaltools.gnu-tools-for-stm32.9-2020-q2-update.win32_2.0.0.202105311346/tools/bin/../lib/gcc/arm-none-eabi/9.3.1/../../../../arm-none-eabi/lib/thumb/v7e-m+dp/hard\libc_nano.a(lib_a-nano-svfprintf.o)
                0x000000000800d580                _svfiprintf_r
                0x000000000800d580                _svfprintf_r
 .text.nan      0x000000000800d780       0x10 e:/stm32cubeide_1.6.1/stm32cubeide/plugins/com.st.stm32cube.ide.mcu.externaltools.gnu-tools-for-stm32.9-2020-q2-update.win32_2.0.0.202105311346/tools/bin/../lib/gcc/arm-none-eabi/9.3.1/../../../../arm-none-eabi/lib/thumb/v7e-m+dp/hard\libc_nano.a(lib_a-s_nan.o)
                0x000000000800d780                nan
 .text.strncmp  0x000000000800d790       0x24 e:/stm32cubeide_1.6.1/stm32cubeide/plugins/com.st.stm32cube.ide.mcu.externaltools.gnu-tools-for-stm32.9-2020-q2-update.win32_2.0.0.202105311346/tools/bin/../lib/gcc/arm-none-eabi/9.3.1/../../../../arm-none-eabi/lib/thumb/v7e-m+dp/hard\libc_nano.a(lib_a-strncmp.o)
                0x000000000800d790                strncmp
 .text.__ascii_wctomb
                0x000000000800d7b4       0x1a e:/stm32cubeide_1.6.1/stm32cubeide/plugins/com.st.stm32cube.ide.mcu.externaltools.gnu-tools-for-stm32.9-2020-q2-update.win32_2.0.0.202105311346/tools/bin/../lib/gcc/arm-none-eabi/9.3.1/../../../../arm-none-eabi/lib/thumb/v7e-m+dp/hard\libc_nano.a(lib_a-wctomb_r.o)
                0x000000000800d7b4                __ascii_wctomb
 *fill*         0x000000000800d7ce        0x2 
 .text.__assert_func
                0x000000000800d7d0       0x3c e:/stm32cubeide_1.6.1/stm32cubeide/plugins/com.st.stm32cube.ide.mcu.externaltools.gnu-tools-for-stm32.9-2020-q2-update.win32_2.0.0.202105311346/tools/bin/../lib/gcc/arm-none-eabi/9.3.1/../../../../arm-none-eabi/lib/thumb/v7e-m+dp/hard\libc_nano.a(lib_a-assert.o)
                0x000000000800d7d0                __assert_func
 .text.fprintf  0x000000000800d80c       0x24 e:/stm32cubeide_1.6.1/stm32cubeide/plugins/com.st.stm32cube.ide.mcu.externaltools.gnu-tools-for-stm32.9-2020-q2-update.win32_2.0.0.202105311346/tools/bin/../lib/gcc/arm-none-eabi/9.3.1/../../../../arm-none-eabi/lib/thumb/v7e-m+dp/hard\libc_nano.a(lib_a-fprintf.o)
                0x000000000800d80c                fiprintf
                0x000000000800d80c                fprintf
 .text.__retarget_lock_init_recursive
                0x000000000800d830        0x2 e:/stm32cubeide_1.6.1/stm32cubeide/plugins/com.st.stm32cube.ide.mcu.externaltools.gnu-tools-for-stm32.9-2020-q2-update.win32_2.0.0.202105311346/tools/bin/../lib/gcc/arm-none-eabi/9.3.1/../../../../arm-none-eabi/lib/thumb/v7e-m+dp/hard\libc_nano.a(lib_a-lock.o)
                0x000000000800d830                __retarget_lock_init_recursive
 .text.__retarget_lock_acquire_recursive
                0x000000000800d832        0x2 e:/stm32cubeide_1.6.1/stm32cubeide/plugins/com.st.stm32cube.ide.mcu.externaltools.gnu-tools-for-stm32.9-2020-q2-update.win32_2.0.0.202105311346/tools/bin/../lib/gcc/arm-none-eabi/9.3.1/../../../../arm-none-eabi/lib/thumb/v7e-m+dp/hard\libc_nano.a(lib_a-lock.o)
                0x000000000800d832                __retarget_lock_acquire_recursive
 .text.__retarget_lock_release_recursive
                0x000000000800d834        0x2 e:/stm32cubeide_1.6.1/stm32cubeide/plugins/com.st.stm32cube.ide.mcu.externaltools.gnu-tools-for-stm32.9-2020-q2-update.win32_2.0.0.202105311346/tools/bin/../lib/gcc/arm-none-eabi/9.3.1/../../../../arm-none-eabi/lib/thumb/v7e-m+dp/hard\libc_nano.a(lib_a-lock.o)
                0x000000000800d834                __retarget_lock_release_recursive
 .text.memmove  0x000000000800d836       0x34 e:/stm32cubeide_1.6.1/stm32cubeide/plugins/com.st.stm32cube.ide.mcu.externaltools.gnu-tools-for-stm32.9-2020-q2-update.win32_2.0.0.202105311346/tools/bin/../lib/gcc/arm-none-eabi/9.3.1/../../../../arm-none-eabi/lib/thumb/v7e-m+dp/hard\libc_nano.a(lib_a-memmove.o)
                0x000000000800d836                memmove
 .text._realloc_r
                0x000000000800d86a       0x4c e:/stm32cubeide_1.6.1/stm32cubeide/plugins/com.st.stm32cube.ide.mcu.externaltools.gnu-tools-for-stm32.9-2020-q2-update.win32_2.0.0.202105311346/tools/bin/../lib/gcc/arm-none-eabi/9.3.1/../../../../arm-none-eabi/lib/thumb/v7e-m+dp/hard\libc_nano.a(lib_a-nano-reallocr.o)
                0x000000000800d86a                _realloc_r
 .text.__sfputc_r
                0x000000000800d8b6       0x2e e:/stm32cubeide_1.6.1/stm32cubeide/plugins/com.st.stm32cube.ide.mcu.externaltools.gnu-tools-for-stm32.9-2020-q2-update.win32_2.0.0.202105311346/tools/bin/../lib/gcc/arm-none-eabi/9.3.1/../../../../arm-none-eabi/lib/thumb/v7e-m+dp/hard\libc_nano.a(lib_a-nano-vfprintf.o)
 .text.__sfputs_r
                0x000000000800d8e4       0x24 e:/stm32cubeide_1.6.1/stm32cubeide/plugins/com.st.stm32cube.ide.mcu.externaltools.gnu-tools-for-stm32.9-2020-q2-update.win32_2.0.0.202105311346/tools/bin/../lib/gcc/arm-none-eabi/9.3.1/../../../../arm-none-eabi/lib/thumb/v7e-m+dp/hard\libc_nano.a(lib_a-nano-vfprintf.o)
                0x000000000800d8e4                __sfputs_r
 .text._vfprintf_r
                0x000000000800d908      0x260 e:/stm32cubeide_1.6.1/stm32cubeide/plugins/com.st.stm32cube.ide.mcu.externaltools.gnu-tools-for-stm32.9-2020-q2-update.win32_2.0.0.202105311346/tools/bin/../lib/gcc/arm-none-eabi/9.3.1/../../../../arm-none-eabi/lib/thumb/v7e-m+dp/hard\libc_nano.a(lib_a-nano-vfprintf.o)
                0x000000000800d908                _vfprintf_r
                0x000000000800d908                _vfiprintf_r
 .text.__swbuf_r
                0x000000000800db68       0xa4 e:/stm32cubeide_1.6.1/stm32cubeide/plugins/com.st.stm32cube.ide.mcu.externaltools.gnu-tools-for-stm32.9-2020-q2-update.win32_2.0.0.202105311346/tools/bin/../lib/gcc/arm-none-eabi/9.3.1/../../../../arm-none-eabi/lib/thumb/v7e-m+dp/hard\libc_nano.a(lib_a-wbuf.o)
                0x000000000800db68                __swbuf_r
 .text.__swsetup_r
                0x000000000800dc0c       0xdc e:/stm32cubeide_1.6.1/stm32cubeide/plugins/com.st.stm32cube.ide.mcu.externaltools.gnu-tools-for-stm32.9-2020-q2-update.win32_2.0.0.202105311346/tools/bin/../lib/gcc/arm-none-eabi/9.3.1/../../../../arm-none-eabi/lib/thumb/v7e-m+dp/hard\libc_nano.a(lib_a-wsetup.o)
                0x000000000800dc0c                __swsetup_r
 .text.abort    0x000000000800dce8        0xe e:/stm32cubeide_1.6.1/stm32cubeide/plugins/com.st.stm32cube.ide.mcu.externaltools.gnu-tools-for-stm32.9-2020-q2-update.win32_2.0.0.202105311346/tools/bin/../lib/gcc/arm-none-eabi/9.3.1/../../../../arm-none-eabi/lib/thumb/v7e-m+dp/hard\libc_nano.a(lib_a-abort.o)
                0x000000000800dce8                abort
 *fill*         0x000000000800dcf6        0x2 
 .text.__sflush_r